#
# There is insufficient memory for the Java Runtime Environment to continue.
# Native memory allocation (malloc) failed to allocate 1999376 bytes. Error detail: Chunk::new
# Possible reasons:
#   The system is out of physical RAM or swap space
#   This process is running with CompressedOops enabled, and the Java Heap may be blocking the growth of the native heap
# Possible solutions:
#   Reduce memory load on the system
#   Increase physical memory or swap space
#   Check if swap backing store is full
#   Decrease Java heap size (-Xmx/-Xms)
#   Decrease number of Java threads
#   Decrease Java thread stack sizes (-Xss)
#   Set larger code cache with -XX:ReservedCodeCacheSize=
#   JVM is running with Unscaled Compressed Oops mode in which the Java heap is
#     placed in the first 4GB address space. The Java Heap base address is the
#     maximum limit for the native heap growth. Please use -XX:HeapBaseMinAddress
#     to set the Java Heap base and to place the Java Heap above 4GB virtual address.
# This output file may be truncated or incomplete.
#
#  Out of Memory Error (arena.cpp:168), pid=1732, tid=6924
#
# JRE version: OpenJDK Runtime Environment Temurin-21.0.11+10 (21.0.11+10) (build 21.0.11+10-LTS)
# Java VM: OpenJDK 64-Bit Server VM Temurin-21.0.11+10 (21.0.11+10-LTS, mixed mode, sharing, tiered, compressed oops, compressed class ptrs, parallel gc, windows-amd64)
# No core dump will be written. Minidumps are not enabled by default on client versions of Windows
#

---------------  S U M M A R Y ------------

Command Line: --add-modules=ALL-SYSTEM --add-opens=java.base/java.util=ALL-UNNAMED --add-opens=java.base/java.lang=ALL-UNNAMED --add-opens=java.base/sun.nio.fs=ALL-UNNAMED -Declipse.application=org.eclipse.jdt.ls.core.id1 -Dosgi.bundles.defaultStartLevel=4 -Declipse.product=org.eclipse.jdt.ls.core.product -Djava.import.generatesMetadataFilesAtProjectRoot=false -DDetectVMInstallationsJob.disabled=true -Dfile.encoding=utf8 -XX:+UseParallelGC -XX:GCTimeRatio=4 -XX:AdaptiveSizePolicyWeight=90 -Dsun.zip.disableMemoryMapping=true -Xmx2G -Xms100m -Xlog:disable -javaagent:c:\Users\muhad\.vscode\extensions\redhat.java-1.55.0-win32-x64\lombok\lombok-1.18.39-4050.jar -XX:+HeapDumpOnOutOfMemoryError -XX:HeapDumpPath=c:\Users\muhad\AppData\Roaming\Code\User\workspaceStorage\c1a94f19ada89060a8449fb662889b88\redhat.java -Daether.dependencyCollector.impl=bf c:\Users\muhad\.vscode\extensions\redhat.java-1.55.0-win32-x64\server\plugins\org.eclipse.equinox.launcher_1.7.200.v20260619-2039.jar -configuration c:\Users\muhad\AppData\Roaming\Code\User\globalStorage\redhat.java\1.55.0\config_win -data c:\Users\muhad\AppData\Roaming\Code\User\workspaceStorage\c1a94f19ada89060a8449fb662889b88\redhat.java\jdt_ws --pipe=\\.\pipe\lsp-fb3818e3b70cc726252c33fcb290f3e5-sock

Host: AMD Ryzen 5 5500U with Radeon Graphics         , 12 cores, 5G,  Windows 11 , 64 bit Build 26100 (10.0.26100.8521)
Time: Fri Jul 10 10:44:23 2026 SE Asia Standard Time elapsed time: 21.768020 seconds (0d 0h 0m 21s)

---------------  T H R E A D  ---------------

Current thread (0x000001dc7a1f47c0):  JavaThread "C2 CompilerThread0" daemon [_thread_in_native, id=6924, stack(0x000000bef0500000,0x000000bef0600000) (1024K)]


Current CompileTask:
C2:21768 8266       4       org.eclipse.jdt.internal.core.search.indexing.BinaryIndexer::extractReferenceFromConstantPool (358 bytes)

Stack: [0x000000bef0500000,0x000000bef0600000]
Native frames: (J=compiled Java code, j=interpreted, Vv=VM code, C=native code)
V  [jvm.dll+0x6d7e19]
V  [jvm.dll+0x8b5096]
V  [jvm.dll+0x8b764e]
V  [jvm.dll+0x8b7d33]
V  [jvm.dll+0x284596]
V  [jvm.dll+0xc685d]
V  [jvm.dll+0xc6da1]
V  [jvm.dll+0x3bed31]
V  [jvm.dll+0x1e3f42]
V  [jvm.dll+0x24c853]
V  [jvm.dll+0x24bce0]
V  [jvm.dll+0x1cb4ae]
V  [jvm.dll+0x25baad]
V  [jvm.dll+0x25a03a]
V  [jvm.dll+0x3f868e]
V  [jvm.dll+0x85fb0d]
V  [jvm.dll+0x6d664d]
C  [ucrtbase.dll+0x2cd30]
C  [KERNEL32.DLL+0x2e957]
C  [ntdll.dll+0x87c1c]


---------------  P R O C E S S  ---------------

Threads class SMR info:
_java_thread_list=0x000001dc4b7f3020, length=53, elements={
0x000001dc6193b860, 0x000001dc618edeb0, 0x000001dc7a1e1db0, 0x000001dc7a1e4c00,
0x000001dc7a1e5c10, 0x000001dc7a1e9d10, 0x000001dc7a1eeb40, 0x000001dc7a1f47c0,
0x000001dc7a202a20, 0x000001dc7a451890, 0x000001dc7a53eea0, 0x000001dc7ab7d240,
0x000001dc7ab7be90, 0x000001dc7ab7aae0, 0x000001dc7ab7cbb0, 0x000001dc7ab7c520,
0x000001dc7ab7d8d0, 0x000001dc7ab7b170, 0x000001dc7ab7b800, 0x000001dc7f600020,
0x000001dc7f5fec70, 0x000001dc7f5fcba0, 0x000001dc7f09aee0, 0x000001dc7f5ff990,
0x000001dc7f6006b0, 0x000001dc7f5fd230, 0x000001dc7f5fe5e0, 0x000001dc7f600d40,
0x000001dc7f5fd8c0, 0x000001dc7f6013d0, 0x000001dc7f5fdf50, 0x000001dc7f601a60,
0x000001dc7f6020f0, 0x000001dc7f602780, 0x000001dc7f602e10, 0x000001dc7f6034a0,
0x000001dc7f603b30, 0x000001dc7f6041c0, 0x000001dc41a2a190, 0x000001dc41a28de0,
0x000001dc41a2aeb0, 0x000001dc41a280c0, 0x000001dc41a2b540, 0x000001dc41a2bbd0,
0x000001dc41a28750, 0x000001dc41a29470, 0x000001dc41a2c260, 0x000001dc41a2c8f0,
0x000001dc41a2f6e0, 0x000001dc41a2e330, 0x000001dc41a2d610, 0x000001dc41a2e9c0,
0x000001dc433a0450
}

Java Threads: ( => current thread )
  0x000001dc6193b860 JavaThread "main"                              [_thread_blocked, id=7076, stack(0x000000beefb00000,0x000000beefc00000) (1024K)]
  0x000001dc618edeb0 JavaThread "Reference Handler"          daemon [_thread_blocked, id=11764, stack(0x000000beeff00000,0x000000bef0000000) (1024K)]
  0x000001dc7a1e1db0 JavaThread "Finalizer"                  daemon [_thread_blocked, id=8144, stack(0x000000bef0000000,0x000000bef0100000) (1024K)]
  0x000001dc7a1e4c00 JavaThread "Signal Dispatcher"          daemon [_thread_blocked, id=4836, stack(0x000000bef0100000,0x000000bef0200000) (1024K)]
  0x000001dc7a1e5c10 JavaThread "Attach Listener"            daemon [_thread_blocked, id=12700, stack(0x000000bef0200000,0x000000bef0300000) (1024K)]
  0x000001dc7a1e9d10 JavaThread "Service Thread"             daemon [_thread_blocked, id=19564, stack(0x000000bef0300000,0x000000bef0400000) (1024K)]
  0x000001dc7a1eeb40 JavaThread "Monitor Deflation Thread"   daemon [_thread_blocked, id=19756, stack(0x000000bef0400000,0x000000bef0500000) (1024K)]
=>0x000001dc7a1f47c0 JavaThread "C2 CompilerThread0"         daemon [_thread_in_native, id=6924, stack(0x000000bef0500000,0x000000bef0600000) (1024K)]
  0x000001dc7a202a20 JavaThread "C1 CompilerThread0"         daemon [_thread_in_native, id=7512, stack(0x000000bef0600000,0x000000bef0700000) (1024K)]
  0x000001dc7a451890 JavaThread "Common-Cleaner"             daemon [_thread_blocked, id=2072, stack(0x000000bef0700000,0x000000bef0800000) (1024K)]
  0x000001dc7a53eea0 JavaThread "Notification Thread"        daemon [_thread_blocked, id=11584, stack(0x000000bef0900000,0x000000bef0a00000) (1024K)]
  0x000001dc7ab7d240 JavaThread "Active Thread: Equinox Container: 4d2595f6-9ef7-4c80-b47a-c2d4f33d20d9"        [_thread_blocked, id=2340, stack(0x000000bef1000000,0x000000bef1100000) (1024K)]
  0x000001dc7ab7be90 JavaThread "Refresh Thread: Equinox Container: 4d2595f6-9ef7-4c80-b47a-c2d4f33d20d9" daemon [_thread_blocked, id=18596, stack(0x000000bef1200000,0x000000bef1300000) (1024K)]
  0x000001dc7ab7aae0 JavaThread "Framework Event Dispatcher: Equinox Container: 4d2595f6-9ef7-4c80-b47a-c2d4f33d20d9" daemon [_thread_blocked, id=9316, stack(0x000000bef0800000,0x000000bef0900000) (1024K)]
  0x000001dc7ab7cbb0 JavaThread "Start Level: Equinox Container: 4d2595f6-9ef7-4c80-b47a-c2d4f33d20d9" daemon [_thread_blocked, id=11612, stack(0x000000bef1300000,0x000000bef1400000) (1024K)]
  0x000001dc7ab7c520 JavaThread "Bundle File Closer"         daemon [_thread_blocked, id=8240, stack(0x000000bef1700000,0x000000bef1800000) (1024K)]
  0x000001dc7ab7d8d0 JavaThread "SCR Component Actor"        daemon [_thread_blocked, id=12088, stack(0x000000bef1400000,0x000000bef1500000) (1024K)]
  0x000001dc7ab7b170 JavaThread "Worker-JM"                         [_thread_blocked, id=15924, stack(0x000000bef1800000,0x000000bef1900000) (1024K)]
  0x000001dc7ab7b800 JavaThread "JNA Cleaner"                daemon [_thread_blocked, id=13488, stack(0x000000bef1a00000,0x000000bef1b00000) (1024K)]
  0x000001dc7f600020 JavaThread "Worker-0"                          [_thread_blocked, id=18276, stack(0x000000bef1b00000,0x000000bef1c00000) (1024K)]
  0x000001dc7f5fec70 JavaThread "Worker-1: Java indexing... "        [_thread_blocked, id=18644, stack(0x000000bef1c00000,0x000000bef1d00000) (1024K)]
  0x000001dc7f5fcba0 JavaThread "Worker-2: Building"                [_thread_in_Java, id=2232, stack(0x000000bef1d00000,0x000000bef1e00000) (1024K)]
  0x000001dc7f09aee0 JavaThread "C2 CompilerThread1"         daemon [_thread_in_native, id=11208, stack(0x000000bef1900000,0x000000bef1a00000) (1024K)]
  0x000001dc7f5ff990 JavaThread "Java indexing"              daemon [_thread_in_Java, id=17492, stack(0x000000bef1e00000,0x000000bef1f00000) (1024K)]
  0x000001dc7f6006b0 JavaThread "Worker-3"                          [_thread_blocked, id=8736, stack(0x000000bef1f00000,0x000000bef2000000) (1024K)]
  0x000001dc7f5fd230 JavaThread "Worker-4"                          [_thread_blocked, id=19192, stack(0x000000bef2000000,0x000000bef2100000) (1024K)]
  0x000001dc7f5fe5e0 JavaThread "Worker-5"                          [_thread_blocked, id=5392, stack(0x000000bef2400000,0x000000bef2500000) (1024K)]
  0x000001dc7f600d40 JavaThread "Thread-1"                   daemon [_thread_in_native, id=12368, stack(0x000000bef2500000,0x000000bef2600000) (1024K)]
  0x000001dc7f5fd8c0 JavaThread "Thread-2"                   daemon [_thread_in_native, id=4216, stack(0x000000bef2600000,0x000000bef2700000) (1024K)]
  0x000001dc7f6013d0 JavaThread "Thread-3"                   daemon [_thread_in_native, id=1704, stack(0x000000bef2700000,0x000000bef2800000) (1024K)]
  0x000001dc7f5fdf50 JavaThread "Thread-4"                   daemon [_thread_in_native, id=6392, stack(0x000000bef2800000,0x000000bef2900000) (1024K)]
  0x000001dc7f601a60 JavaThread "Thread-5"                   daemon [_thread_in_native, id=3612, stack(0x000000bef2900000,0x000000bef2a00000) (1024K)]
  0x000001dc7f6020f0 JavaThread "Thread-6"                   daemon [_thread_in_native, id=9692, stack(0x000000bef2a00000,0x000000bef2b00000) (1024K)]
  0x000001dc7f602780 JavaThread "Thread-7"                   daemon [_thread_in_native, id=3984, stack(0x000000bef2b00000,0x000000bef2c00000) (1024K)]
  0x000001dc7f602e10 JavaThread "Thread-8"                   daemon [_thread_in_native, id=14212, stack(0x000000bef2c00000,0x000000bef2d00000) (1024K)]
  0x000001dc7f6034a0 JavaThread "Thread-9"                   daemon [_thread_in_native, id=14692, stack(0x000000bef2d00000,0x000000bef2e00000) (1024K)]
  0x000001dc7f603b30 JavaThread "Thread-10"                  daemon [_thread_in_native, id=16184, stack(0x000000bef2e00000,0x000000bef2f00000) (1024K)]
  0x000001dc7f6041c0 JavaThread "Thread-11"                  daemon [_thread_in_native, id=7904, stack(0x000000bef2f00000,0x000000bef3000000) (1024K)]
  0x000001dc41a2a190 JavaThread "Thread-12"                  daemon [_thread_in_native, id=12568, stack(0x000000bef3000000,0x000000bef3100000) (1024K)]
  0x000001dc41a28de0 JavaThread "Thread-13"                  daemon [_thread_in_native, id=17508, stack(0x000000bef3100000,0x000000bef3200000) (1024K)]
  0x000001dc41a2aeb0 JavaThread "pool-2-thread-1"                   [_thread_blocked, id=1464, stack(0x000000bef3200000,0x000000bef3300000) (1024K)]
  0x000001dc41a280c0 JavaThread "WorkspaceEventsHandler"            [_thread_blocked, id=3152, stack(0x000000bef3300000,0x000000bef3400000) (1024K)]
  0x000001dc41a2b540 JavaThread "pool-1-thread-1"                   [_thread_blocked, id=7708, stack(0x000000bef3400000,0x000000bef3500000) (1024K)]
  0x000001dc41a2bbd0 JavaThread "LocalFile Deleter"          daemon [_thread_blocked, id=19288, stack(0x000000bef3500000,0x000000bef3600000) (1024K)]
  0x000001dc41a28750 JavaThread "LocalFile Deleter"          daemon [_thread_blocked, id=1676, stack(0x000000bef3600000,0x000000bef3700000) (1024K)]
  0x000001dc41a29470 JavaThread "LocalFile Deleter"          daemon [_thread_blocked, id=8592, stack(0x000000bef3700000,0x000000bef3800000) (1024K)]
  0x000001dc41a2c260 JavaThread "LocalFile Deleter"          daemon [_thread_blocked, id=20000, stack(0x000000bef3800000,0x000000bef3900000) (1024K)]
  0x000001dc41a2c8f0 JavaThread "Compiler Source File Reader" daemon [_thread_blocked, id=7784, stack(0x000000bef3900000,0x000000bef3a00000) (1024K)]
  0x000001dc41a2f6e0 JavaThread "Compiler Processing Task"   daemon [_thread_blocked, id=7048, stack(0x000000bef3a00000,0x000000bef3b00000) (1024K)]
  0x000001dc41a2e330 JavaThread "Compiler Class File Writer" daemon [_thread_blocked, id=10108, stack(0x000000bef3b00000,0x000000bef3c00000) (1024K)]
  0x000001dc41a2d610 JavaThread "Compiler Source File Reader" daemon [_thread_blocked, id=15768, stack(0x000000bef3c00000,0x000000bef3d00000) (1024K)]
  0x000001dc41a2e9c0 JavaThread "Compiler Class File Writer" daemon [_thread_blocked, id=16076, stack(0x000000bef3d00000,0x000000bef3e00000) (1024K)]
  0x000001dc433a0450 JavaThread "C2 CompilerThread2"         daemon [_thread_in_native, id=19024, stack(0x000000bef3e00000,0x000000bef3f00000) (1024K)]
Total: 53

Other Threads:
  0x000001dc618d2fc0 VMThread "VM Thread"                           [id=12348, stack(0x000000beefe00000,0x000000beeff00000) (1024K)]
  0x000001dc617ccb20 WatcherThread "VM Periodic Task Thread"        [id=8064, stack(0x000000beefd00000,0x000000beefe00000) (1024K)]
  0x000001dc61959930 WorkerThread "GC Thread#0"                     [id=9192, stack(0x000000beefc00000,0x000000beefd00000) (1024K)]
  0x000001dc7a511d60 WorkerThread "GC Thread#1"                     [id=6520, stack(0x000000bef0a00000,0x000000bef0b00000) (1024K)]
  0x000001dc7a512110 WorkerThread "GC Thread#2"                     [id=2964, stack(0x000000bef0b00000,0x000000bef0c00000) (1024K)]
  0x000001dc7a512870 WorkerThread "GC Thread#3"                     [id=9028, stack(0x000000bef0c00000,0x000000bef0d00000) (1024K)]
  0x000001dc7a512c20 WorkerThread "GC Thread#4"                     [id=9704, stack(0x000000bef0d00000,0x000000bef0e00000) (1024K)]
  0x000001dc7a511250 WorkerThread "GC Thread#5"                     [id=6204, stack(0x000000bef0e00000,0x000000bef0f00000) (1024K)]
  0x000001dc7a511600 WorkerThread "GC Thread#6"                     [id=11868, stack(0x000000bef0f00000,0x000000bef1000000) (1024K)]
  0x000001dc7aaca010 WorkerThread "GC Thread#7"                     [id=19940, stack(0x000000bef1100000,0x000000bef1200000) (1024K)]
  0x000001dc7aaca3c0 WorkerThread "GC Thread#8"                     [id=13176, stack(0x000000bef1500000,0x000000bef1600000) (1024K)]
  0x000001dc7aac98b0 WorkerThread "GC Thread#9"                     [id=13128, stack(0x000000bef1600000,0x000000bef1700000) (1024K)]
Total: 12

Threads with active compile tasks:
C2 CompilerThread0  21791 8266       4       org.eclipse.jdt.internal.core.search.indexing.BinaryIndexer::extractReferenceFromConstantPool (358 bytes)
C1 CompilerThread0  21791 8844       1       org.apache.maven.model.Reporting::setOutputDirectory (6 bytes)
C2 CompilerThread1  21791 8219   !   4       org.eclipse.jdt.internal.compiler.classfmt.ClassFileReader::<init> (1968 bytes)
C2 CompilerThread2  21791 8377       4       org.codehaus.plexus.util.xml.pull.MXParser::nextImpl (1208 bytes)
Total: 4

VM state: not at safepoint (normal execution)

VM Mutex/Monitor currently owned by a thread: None

Heap address: 0x0000000080000000, size: 2048 MB, Compressed Oops mode: 32-bit

CDS archive(s) mapped at: [0x000001dc00000000-0x000001dc00ba0000-0x000001dc00ba0000), size 12189696, SharedBaseAddress: 0x000001dc00000000, ArchiveRelocationMode: 1.
Compressed class space mapped at: 0x000001dc01000000-0x000001dc41000000, reserved size: 1073741824
Narrow klass base: 0x000001dc00000000, Narrow klass shift: 0, Narrow klass range: 0x100000000

GC Precious Log:
 CardTable entry size: 512
 CPUs: 12 total, 12 available
 Memory: 5978M
 Large Page Support: Disabled
 NUMA Support: Disabled
 Compressed Oops: Enabled (32-bit)
 Alignments: Space 512K, Generation 512K, Heap 2M
 Heap Min Capacity: 100M
 Heap Initial Capacity: 100M
 Heap Max Capacity: 2G
 Pre-touch: Disabled
 Parallel Workers: 10

Heap:
 PSYoungGen      total 8192K, used 5043K [0x00000000d5580000, 0x00000000d6480000, 0x0000000100000000)
  eden space 6656K, 52% used [0x00000000d5580000,0x00000000d58f0228,0x00000000d5c00000)
  from space 1536K, 99% used [0x00000000d5f80000,0x00000000d60fcac8,0x00000000d6100000)
  to   space 3584K, 0% used [0x00000000d5c00000,0x00000000d5c00000,0x00000000d5f80000)
 ParOldGen       total 110592K, used 110477K [0x0000000080000000, 0x0000000086c00000, 0x00000000d5580000)
  object space 110592K, 99% used [0x0000000080000000,0x0000000086be3590,0x0000000086c00000)
 Metaspace       used 55689K, committed 57024K, reserved 1114112K
  class space    used 6040K, committed 6656K, reserved 1048576K

Card table byte_map: [0x000001dc612e0000,0x000001dc616f0000] _byte_map_base: 0x000001dc60ee0000

Marking Bits: (ParMarkBitMap*) 0x00007fff5d774460
 Begin Bits: [0x000001dc73df0000, 0x000001dc75df0000)
 End Bits:   [0x000001dc75df0000, 0x000001dc77df0000)

Polling page: 0x000001dc5f7b0000

Metaspace:

Usage:
  Non-class:     48.49 MB used.
      Class:      5.90 MB used.
       Both:     54.38 MB used.

Virtual space:
  Non-class space:       64.00 MB reserved,      49.19 MB ( 77%) committed,  1 nodes.
      Class space:        1.00 GB reserved,       6.50 MB ( <1%) committed,  1 nodes.
             Both:        1.06 GB reserved,      55.69 MB (  5%) committed. 

Chunk freelists:
   Non-Class:  14.45 MB
       Class:  9.37 MB
        Both:  23.82 MB

MaxMetaspaceSize: unlimited
CompressedClassSpaceSize: 1.00 GB
Initial GC threshold: 21.00 MB
Current GC threshold: 58.38 MB
CDS: on
 - commit_granule_bytes: 65536.
 - commit_granule_words: 8192.
 - virtual_space_node_default_size: 8388608.
 - enlarge_chunks_in_place: 1.
 - use_allocation_guard: 0.


Internal statistics:

num_allocs_failed_limit: 6.
num_arena_births: 1086.
num_arena_deaths: 14.
num_vsnodes_births: 2.
num_vsnodes_deaths: 0.
num_space_committed: 891.
num_space_uncommitted: 0.
num_chunks_returned_to_freelist: 20.
num_chunks_taken_from_freelist: 3819.
num_chunk_merges: 10.
num_chunk_splits: 2248.
num_chunks_enlarged: 1127.
num_inconsistent_stats: 0.

CodeHeap 'non-profiled nmethods': size=120000Kb used=3280Kb max_used=3280Kb free=116719Kb
 bounds [0x000001dc6c610000, 0x000001dc6c950000, 0x000001dc73b40000]
CodeHeap 'profiled nmethods': size=120000Kb used=16709Kb max_used=16709Kb free=103291Kb
 bounds [0x000001dc64b40000, 0x000001dc65ba0000, 0x000001dc6c070000]
CodeHeap 'non-nmethods': size=5760Kb used=1413Kb max_used=1469Kb free=4347Kb
 bounds [0x000001dc6c070000, 0x000001dc6c2e0000, 0x000001dc6c610000]
CodeCache: size=245760Kb, used=21402Kb, max_used=21458Kb, free=224357Kb
 total_blobs=8831, nmethods=8108, adapters=628, full_count=0
Compilation: enabled, stopped_count=0, restarted_count=0

Compilation events (20 events):
Event: 19.619 Thread 0x000001dc7a202a20 nmethod 8777 0x000001dc65b72110 code [0x000001dc65b72340, 0x000001dc65b729f0]
Event: 19.619 Thread 0x000001dc7a202a20 8775       2       org.eclipse.sisu.plexus.RealmFilteredBeans$FilteredItr::hasNext (85 bytes)
Event: 19.620 Thread 0x000001dc7a202a20 nmethod 8775 0x000001dc65b72c90 code [0x000001dc65b72ea0, 0x000001dc65b73358]
Event: 19.620 Thread 0x000001dc7a202a20 8776   !   2       com.google.inject.internal.Initializer$InjectableReference::get (254 bytes)
Event: 19.623 Thread 0x000001dc7a202a20 nmethod 8776 0x000001dc65b73610 code [0x000001dc65b73900, 0x000001dc65b742b8]
Event: 19.623 Thread 0x000001dc7a202a20 8778   !   2       sun.nio.ch.FileChannelImpl::implCloseChannel (146 bytes)
Event: 19.624 Thread 0x000001dc7a202a20 nmethod 8778 0x000001dc65b74b90 code [0x000001dc65b74e00, 0x000001dc65b75468]
Event: 19.624 Thread 0x000001dc7a202a20 8779       1       org.apache.maven.model.Parent::getGroupId (5 bytes)
Event: 19.625 Thread 0x000001dc7a202a20 nmethod 8779 0x000001dc6c93bb90 code [0x000001dc6c93bd20, 0x000001dc6c93bde8]
Event: 19.625 Thread 0x000001dc7a202a20 8781       2       java.util.Formatter$FixedString::print (23 bytes)
Event: 19.625 Thread 0x000001dc7a202a20 nmethod 8781 0x000001dc65b75910 code [0x000001dc65b75ac0, 0x000001dc65b75c08]
Event: 19.625 Thread 0x000001dc7a202a20 8782       2       java.lang.StringBuilder::append (8 bytes)
Event: 19.625 Thread 0x000001dc7a202a20 nmethod 8782 0x000001dc65b75d10 code [0x000001dc65b75ec0, 0x000001dc65b75ff0]
Event: 19.625 Thread 0x000001dc7a202a20 8780   !   2       org.apache.maven.model.Profile::clone (87 bytes)
Event: 19.627 Thread 0x000001dc7a202a20 nmethod 8780 0x000001dc65b76090 code [0x000001dc65b762e0, 0x000001dc65b76870]
Event: 19.627 Thread 0x000001dc7a202a20 8783       2       org.eclipse.sisu.wire.NamedIterableAdapter$NamedIterator::next (5 bytes)
Event: 19.627 Thread 0x000001dc7a202a20 nmethod 8783 0x000001dc65b76c90 code [0x000001dc65b76e40, 0x000001dc65b77050]
Event: 19.627 Thread 0x000001dc7a202a20 8784       2       org.eclipse.sisu.wire.NamedIterableAdapter$NamedIterator::next (20 bytes)
Event: 19.628 Thread 0x000001dc7a202a20 nmethod 8784 0x000001dc65b77190 code [0x000001dc65b77340, 0x000001dc65b77550]
Event: 19.632 Thread 0x000001dc7a202a20 8785       2       org.codehaus.plexus.util.xml.pull.MXParser::ensureAttributesCapacity (206 bytes)

GC Heap History (20 events):
Event: 18.758 GC heap before
{Heap before GC invocations=50 (full 2):
 PSYoungGen      total 10240K, used 9926K [0x00000000d5580000, 0x00000000d6280000, 0x0000000100000000)
  eden space 8192K, 100% used [0x00000000d5580000,0x00000000d5d80000,0x00000000d5d80000)
  from space 2048K, 84% used [0x00000000d5d80000,0x00000000d5f31bc0,0x00000000d5f80000)
  to   space 2560K, 0% used [0x00000000d6000000,0x00000000d6000000,0x00000000d6280000)
 ParOldGen       total 92672K, used 92474K [0x0000000080000000, 0x0000000085a80000, 0x00000000d5580000)
  object space 92672K, 99% used [0x0000000080000000,0x0000000085a4e9d8,0x0000000085a80000)
 Metaspace       used 55054K, committed 56384K, reserved 1114112K
  class space    used 5992K, committed 6592K, reserved 1048576K
}
Event: 18.764 GC heap after
{Heap after GC invocations=50 (full 2):
 PSYoungGen      total 10240K, used 1723K [0x00000000d5580000, 0x00000000d6200000, 0x0000000100000000)
  eden space 8192K, 0% used [0x00000000d5580000,0x00000000d5580000,0x00000000d5d80000)
  from space 2048K, 84% used [0x00000000d6000000,0x00000000d61aeeb0,0x00000000d6200000)
  to   space 2048K, 0% used [0x00000000d5d80000,0x00000000d5d80000,0x00000000d5f80000)
 ParOldGen       total 94208K, used 94016K [0x0000000080000000, 0x0000000085c00000, 0x00000000d5580000)
  object space 94208K, 99% used [0x0000000080000000,0x0000000085bd0188,0x0000000085c00000)
 Metaspace       used 55054K, committed 56384K, reserved 1114112K
  class space    used 5992K, committed 6592K, reserved 1048576K
}
Event: 18.847 GC heap before
{Heap before GC invocations=51 (full 2):
 PSYoungGen      total 10240K, used 9915K [0x00000000d5580000, 0x00000000d6200000, 0x0000000100000000)
  eden space 8192K, 100% used [0x00000000d5580000,0x00000000d5d80000,0x00000000d5d80000)
  from space 2048K, 84% used [0x00000000d6000000,0x00000000d61aeeb0,0x00000000d6200000)
  to   space 2048K, 0% used [0x00000000d5d80000,0x00000000d5d80000,0x00000000d5f80000)
 ParOldGen       total 94208K, used 94016K [0x0000000080000000, 0x0000000085c00000, 0x00000000d5580000)
  object space 94208K, 99% used [0x0000000080000000,0x0000000085bd0188,0x0000000085c00000)
 Metaspace       used 55144K, committed 56448K, reserved 1114112K
  class space    used 6007K, committed 6592K, reserved 1048576K
}
Event: 18.852 GC heap after
{Heap after GC invocations=51 (full 2):
 PSYoungGen      total 10240K, used 2044K [0x00000000d5580000, 0x00000000d6580000, 0x0000000100000000)
  eden space 8192K, 0% used [0x00000000d5580000,0x00000000d5580000,0x00000000d5d80000)
  from space 2048K, 99% used [0x00000000d5d80000,0x00000000d5f7f058,0x00000000d5f80000)
  to   space 4096K, 0% used [0x00000000d6180000,0x00000000d6180000,0x00000000d6580000)
 ParOldGen       total 95744K, used 95673K [0x0000000080000000, 0x0000000085d80000, 0x00000000d5580000)
  object space 95744K, 99% used [0x0000000080000000,0x0000000085d6e7c0,0x0000000085d80000)
 Metaspace       used 55144K, committed 56448K, reserved 1114112K
  class space    used 6007K, committed 6592K, reserved 1048576K
}
Event: 18.917 GC heap before
{Heap before GC invocations=52 (full 2):
 PSYoungGen      total 10240K, used 10236K [0x00000000d5580000, 0x00000000d6580000, 0x0000000100000000)
  eden space 8192K, 100% used [0x00000000d5580000,0x00000000d5d80000,0x00000000d5d80000)
  from space 2048K, 99% used [0x00000000d5d80000,0x00000000d5f7f058,0x00000000d5f80000)
  to   space 4096K, 0% used [0x00000000d6180000,0x00000000d6180000,0x00000000d6580000)
 ParOldGen       total 95744K, used 95673K [0x0000000080000000, 0x0000000085d80000, 0x00000000d5580000)
  object space 95744K, 99% used [0x0000000080000000,0x0000000085d6e7c0,0x0000000085d80000)
 Metaspace       used 55339K, committed 56704K, reserved 1114112K
  class space    used 6027K, committed 6656K, reserved 1048576K
}
Event: 18.923 GC heap after
{Heap after GC invocations=52 (full 2):
 PSYoungGen      total 10240K, used 2043K [0x00000000d5580000, 0x00000000d6380000, 0x0000000100000000)
  eden space 8192K, 0% used [0x00000000d5580000,0x00000000d5580000,0x00000000d5d80000)
  from space 2048K, 99% used [0x00000000d6180000,0x00000000d637efe0,0x00000000d6380000)
  to   space 3072K, 0% used [0x00000000d5d80000,0x00000000d5d80000,0x00000000d6080000)
 ParOldGen       total 97792K, used 97706K [0x0000000080000000, 0x0000000085f80000, 0x00000000d5580000)
  object space 97792K, 99% used [0x0000000080000000,0x0000000085f6ab60,0x0000000085f80000)
 Metaspace       used 55339K, committed 56704K, reserved 1114112K
  class space    used 6027K, committed 6656K, reserved 1048576K
}
Event: 19.013 GC heap before
{Heap before GC invocations=53 (full 2):
 PSYoungGen      total 10240K, used 10235K [0x00000000d5580000, 0x00000000d6380000, 0x0000000100000000)
  eden space 8192K, 100% used [0x00000000d5580000,0x00000000d5d80000,0x00000000d5d80000)
  from space 2048K, 99% used [0x00000000d6180000,0x00000000d637efe0,0x00000000d6380000)
  to   space 3072K, 0% used [0x00000000d5d80000,0x00000000d5d80000,0x00000000d6080000)
 ParOldGen       total 97792K, used 97706K [0x0000000080000000, 0x0000000085f80000, 0x00000000d5580000)
  object space 97792K, 99% used [0x0000000080000000,0x0000000085f6ab60,0x0000000085f80000)
 Metaspace       used 55469K, committed 56768K, reserved 1114112K
  class space    used 6038K, committed 6656K, reserved 1048576K
}
Event: 19.018 GC heap after
{Heap after GC invocations=53 (full 2):
 PSYoungGen      total 10240K, used 1901K [0x00000000d5580000, 0x00000000d6280000, 0x0000000100000000)
  eden space 8192K, 0% used [0x00000000d5580000,0x00000000d5580000,0x00000000d5d80000)
  from space 2048K, 92% used [0x00000000d5d80000,0x00000000d5f5b660,0x00000000d5f80000)
  to   space 2560K, 0% used [0x00000000d6000000,0x00000000d6000000,0x00000000d6280000)
 ParOldGen       total 99840K, used 99629K [0x0000000080000000, 0x0000000086180000, 0x00000000d5580000)
  object space 99840K, 99% used [0x0000000080000000,0x000000008614b488,0x0000000086180000)
 Metaspace       used 55469K, committed 56768K, reserved 1114112K
  class space    used 6038K, committed 6656K, reserved 1048576K
}
Event: 19.133 GC heap before
{Heap before GC invocations=54 (full 2):
 PSYoungGen      total 10240K, used 10093K [0x00000000d5580000, 0x00000000d6280000, 0x0000000100000000)
  eden space 8192K, 100% used [0x00000000d5580000,0x00000000d5d80000,0x00000000d5d80000)
  from space 2048K, 92% used [0x00000000d5d80000,0x00000000d5f5b660,0x00000000d5f80000)
  to   space 2560K, 0% used [0x00000000d6000000,0x00000000d6000000,0x00000000d6280000)
 ParOldGen       total 99840K, used 99629K [0x0000000080000000, 0x0000000086180000, 0x00000000d5580000)
  object space 99840K, 99% used [0x0000000080000000,0x000000008614b488,0x0000000086180000)
 Metaspace       used 55516K, committed 56832K, reserved 1114112K
  class space    used 6039K, committed 6656K, reserved 1048576K
}
Event: 19.139 GC heap after
{Heap after GC invocations=54 (full 2):
 PSYoungGen      total 10240K, used 1633K [0x00000000d5580000, 0x00000000d6200000, 0x0000000100000000)
  eden space 8192K, 0% used [0x00000000d5580000,0x00000000d5580000,0x00000000d5d80000)
  from space 2048K, 79% used [0x00000000d6000000,0x00000000d61985e8,0x00000000d6200000)
  to   space 2048K, 0% used [0x00000000d5d80000,0x00000000d5d80000,0x00000000d5f80000)
 ParOldGen       total 101376K, used 101263K [0x0000000080000000, 0x0000000086300000, 0x00000000d5580000)
  object space 101376K, 99% used [0x0000000080000000,0x00000000862e3dd0,0x0000000086300000)
 Metaspace       used 55516K, committed 56832K, reserved 1114112K
  class space    used 6039K, committed 6656K, reserved 1048576K
}
Event: 19.255 GC heap before
{Heap before GC invocations=55 (full 2):
 PSYoungGen      total 10240K, used 9825K [0x00000000d5580000, 0x00000000d6200000, 0x0000000100000000)
  eden space 8192K, 100% used [0x00000000d5580000,0x00000000d5d80000,0x00000000d5d80000)
  from space 2048K, 79% used [0x00000000d6000000,0x00000000d61985e8,0x00000000d6200000)
  to   space 2048K, 0% used [0x00000000d5d80000,0x00000000d5d80000,0x00000000d5f80000)
 ParOldGen       total 101376K, used 101263K [0x0000000080000000, 0x0000000086300000, 0x00000000d5580000)
  object space 101376K, 99% used [0x0000000080000000,0x00000000862e3dd0,0x0000000086300000)
 Metaspace       used 55564K, committed 56960K, reserved 1114112K
  class space    used 6040K, committed 6656K, reserved 1048576K
}
Event: 19.260 GC heap after
{Heap after GC invocations=55 (full 2):
 PSYoungGen      total 10240K, used 1727K [0x00000000d5580000, 0x00000000d6180000, 0x0000000100000000)
  eden space 8192K, 0% used [0x00000000d5580000,0x00000000d5580000,0x00000000d5d80000)
  from space 2048K, 84% used [0x00000000d5d80000,0x00000000d5f2fef0,0x00000000d5f80000)
  to   space 2048K, 0% used [0x00000000d5f80000,0x00000000d5f80000,0x00000000d6180000)
 ParOldGen       total 102912K, used 102742K [0x0000000080000000, 0x0000000086480000, 0x00000000d5580000)
  object space 102912K, 99% used [0x0000000080000000,0x0000000086455b78,0x0000000086480000)
 Metaspace       used 55564K, committed 56960K, reserved 1114112K
  class space    used 6040K, committed 6656K, reserved 1048576K
}
Event: 19.371 GC heap before
{Heap before GC invocations=56 (full 2):
 PSYoungGen      total 10240K, used 9919K [0x00000000d5580000, 0x00000000d6180000, 0x0000000100000000)
  eden space 8192K, 100% used [0x00000000d5580000,0x00000000d5d80000,0x00000000d5d80000)
  from space 2048K, 84% used [0x00000000d5d80000,0x00000000d5f2fef0,0x00000000d5f80000)
  to   space 2048K, 0% used [0x00000000d5f80000,0x00000000d5f80000,0x00000000d6180000)
 ParOldGen       total 102912K, used 102742K [0x0000000080000000, 0x0000000086480000, 0x00000000d5580000)
  object space 102912K, 99% used [0x0000000080000000,0x0000000086455b78,0x0000000086480000)
 Metaspace       used 55606K, committed 56960K, reserved 1114112K
  class space    used 6040K, committed 6656K, reserved 1048576K
}
Event: 19.377 GC heap after
{Heap after GC invocations=56 (full 2):
 PSYoungGen      total 10240K, used 1472K [0x00000000d5580000, 0x00000000d6180000, 0x0000000100000000)
  eden space 8192K, 0% used [0x00000000d5580000,0x00000000d5580000,0x00000000d5d80000)
  from space 2048K, 71% used [0x00000000d5f80000,0x00000000d60f0000,0x00000000d6180000)
  to   space 2048K, 0% used [0x00000000d5d80000,0x00000000d5d80000,0x00000000d5f80000)
 ParOldGen       total 104448K, used 104324K [0x0000000080000000, 0x0000000086600000, 0x00000000d5580000)
  object space 104448K, 99% used [0x0000000080000000,0x00000000865e12b8,0x0000000086600000)
 Metaspace       used 55606K, committed 56960K, reserved 1114112K
  class space    used 6040K, committed 6656K, reserved 1048576K
}
Event: 19.473 GC heap before
{Heap before GC invocations=57 (full 2):
 PSYoungGen      total 10240K, used 9664K [0x00000000d5580000, 0x00000000d6180000, 0x0000000100000000)
  eden space 8192K, 100% used [0x00000000d5580000,0x00000000d5d80000,0x00000000d5d80000)
  from space 2048K, 71% used [0x00000000d5f80000,0x00000000d60f0000,0x00000000d6180000)
  to   space 2048K, 0% used [0x00000000d5d80000,0x00000000d5d80000,0x00000000d5f80000)
 ParOldGen       total 104448K, used 104324K [0x0000000080000000, 0x0000000086600000, 0x00000000d5580000)
  object space 104448K, 99% used [0x0000000080000000,0x00000000865e12b8,0x0000000086600000)
 Metaspace       used 55625K, committed 56960K, reserved 1114112K
  class space    used 6040K, committed 6656K, reserved 1048576K
}
Event: 19.478 GC heap after
{Heap after GC invocations=57 (full 2):
 PSYoungGen      total 10240K, used 1534K [0x00000000d5580000, 0x00000000d6180000, 0x0000000100000000)
  eden space 8192K, 0% used [0x00000000d5580000,0x00000000d5580000,0x00000000d5d80000)
  from space 2048K, 74% used [0x00000000d5d80000,0x00000000d5effa60,0x00000000d5f80000)
  to   space 2048K, 0% used [0x00000000d5f80000,0x00000000d5f80000,0x00000000d6180000)
 ParOldGen       total 105984K, used 105662K [0x0000000080000000, 0x0000000086780000, 0x00000000d5580000)
  object space 105984K, 99% used [0x0000000080000000,0x000000008672f8e0,0x0000000086780000)
 Metaspace       used 55625K, committed 56960K, reserved 1114112K
  class space    used 6040K, committed 6656K, reserved 1048576K
}
Event: 19.549 GC heap before
{Heap before GC invocations=58 (full 2):
 PSYoungGen      total 10240K, used 9726K [0x00000000d5580000, 0x00000000d6180000, 0x0000000100000000)
  eden space 8192K, 100% used [0x00000000d5580000,0x00000000d5d80000,0x00000000d5d80000)
  from space 2048K, 74% used [0x00000000d5d80000,0x00000000d5effa60,0x00000000d5f80000)
  to   space 2048K, 0% used [0x00000000d5f80000,0x00000000d5f80000,0x00000000d6180000)
 ParOldGen       total 105984K, used 105662K [0x0000000080000000, 0x0000000086780000, 0x00000000d5580000)
  object space 105984K, 99% used [0x0000000080000000,0x000000008672f8e0,0x0000000086780000)
 Metaspace       used 55640K, committed 56960K, reserved 1114112K
  class space    used 6040K, committed 6656K, reserved 1048576K
}
Event: 19.553 GC heap after
{Heap after GC invocations=58 (full 2):
 PSYoungGen      total 9728K, used 1491K [0x00000000d5580000, 0x00000000d6100000, 0x0000000100000000)
  eden space 8192K, 0% used [0x00000000d5580000,0x00000000d5580000,0x00000000d5d80000)
  from space 1536K, 97% used [0x00000000d5f80000,0x00000000d60f4fa8,0x00000000d6100000)
  to   space 1536K, 0% used [0x00000000d5e00000,0x00000000d5e00000,0x00000000d5f80000)
 ParOldGen       total 107520K, used 107084K [0x0000000080000000, 0x0000000086900000, 0x00000000d5580000)
  object space 107520K, 99% used [0x0000000080000000,0x0000000086893378,0x0000000086900000)
 Metaspace       used 55640K, committed 56960K, reserved 1114112K
  class space    used 6040K, committed 6656K, reserved 1048576K
}
Event: 19.632 GC heap before
{Heap before GC invocations=59 (full 2):
 PSYoungGen      total 9728K, used 9683K [0x00000000d5580000, 0x00000000d6100000, 0x0000000100000000)
  eden space 8192K, 100% used [0x00000000d5580000,0x00000000d5d80000,0x00000000d5d80000)
  from space 1536K, 97% used [0x00000000d5f80000,0x00000000d60f4fa8,0x00000000d6100000)
  to   space 1536K, 0% used [0x00000000d5e00000,0x00000000d5e00000,0x00000000d5f80000)
 ParOldGen       total 107520K, used 107084K [0x0000000080000000, 0x0000000086900000, 0x00000000d5580000)
  object space 107520K, 99% used [0x0000000080000000,0x0000000086893378,0x0000000086900000)
 Metaspace       used 55661K, committed 57024K, reserved 1114112K
  class space    used 6040K, committed 6656K, reserved 1048576K
}
Event: 21.642 GC heap after
{Heap after GC invocations=59 (full 2):
 PSYoungGen      total 9728K, used 1505K [0x00000000d5580000, 0x00000000d6100000, 0x0000000100000000)
  eden space 8192K, 0% used [0x00000000d5580000,0x00000000d5580000,0x00000000d5d80000)
  from space 1536K, 98% used [0x00000000d5e00000,0x00000000d5f786c8,0x00000000d5f80000)
  to   space 1536K, 0% used [0x00000000d5f80000,0x00000000d5f80000,0x00000000d6100000)
 ParOldGen       total 109056K, used 108979K [0x0000000080000000, 0x0000000086a80000, 0x00000000d5580000)
  object space 109056K, 99% used [0x0000000080000000,0x0000000086a6ced0,0x0000000086a80000)
 Metaspace       used 55661K, committed 57024K, reserved 1114112K
  class space    used 6040K, committed 6656K, reserved 1048576K
}

Dll operation events (12 events):
Event: 0.014 Loaded shared library c:\Users\muhad\.vscode\extensions\redhat.java-1.55.0-win32-x64\jre\21.0.11-win32-x86_64\bin\java.dll
Event: 0.121 Loaded shared library c:\Users\muhad\.vscode\extensions\redhat.java-1.55.0-win32-x64\jre\21.0.11-win32-x86_64\bin\zip.dll
Event: 0.163 Loaded shared library C:\Users\muhad\.vscode\extensions\redhat.java-1.55.0-win32-x64\jre\21.0.11-win32-x86_64\bin\instrument.dll
Event: 0.173 Loaded shared library C:\Users\muhad\.vscode\extensions\redhat.java-1.55.0-win32-x64\jre\21.0.11-win32-x86_64\bin\net.dll
Event: 0.178 Loaded shared library C:\Users\muhad\.vscode\extensions\redhat.java-1.55.0-win32-x64\jre\21.0.11-win32-x86_64\bin\nio.dll
Event: 0.184 Loaded shared library C:\Users\muhad\.vscode\extensions\redhat.java-1.55.0-win32-x64\jre\21.0.11-win32-x86_64\bin\zip.dll
Event: 0.238 Loaded shared library C:\Users\muhad\.vscode\extensions\redhat.java-1.55.0-win32-x64\jre\21.0.11-win32-x86_64\bin\jimage.dll
Event: 0.464 Loaded shared library c:\Users\muhad\.vscode\extensions\redhat.java-1.55.0-win32-x64\jre\21.0.11-win32-x86_64\bin\verify.dll
Event: 3.266 Loaded shared library C:\Users\muhad\AppData\Roaming\Code\User\globalStorage\redhat.java\1.55.0\config_win\org.eclipse.equinox.launcher\org.eclipse.equinox.launcher.win32.win32.x86_64_1.3.100.v20260613-0559\eclipse_11924.dll
Event: 8.354 Loaded shared library C:\Users\muhad\AppData\Local\Temp\jna-104252387\jna15746465050012556491.dll
Event: 12.989 Loaded shared library C:\Users\muhad\.vscode\extensions\redhat.java-1.55.0-win32-x64\jre\21.0.11-win32-x86_64\bin\management.dll
Event: 12.998 Loaded shared library C:\Users\muhad\.vscode\extensions\redhat.java-1.55.0-win32-x64\jre\21.0.11-win32-x86_64\bin\management_ext.dll

Deoptimization events (20 events):
Event: 19.501 Thread 0x000001dc7f5ff990 DEOPT PACKING pc=0x000001dc6585a953 sp=0x000000bef1efe650
Event: 19.501 Thread 0x000001dc7f5ff990 DEOPT UNPACKING pc=0x000001dc6c0c4242 sp=0x000000bef1efdbb8 mode 0
Event: 19.513 Thread 0x000001dc7f5ff990 DEOPT PACKING pc=0x000001dc6585a953 sp=0x000000bef1efe650
Event: 19.513 Thread 0x000001dc7f5ff990 DEOPT UNPACKING pc=0x000001dc6c0c4242 sp=0x000000bef1efdbb8 mode 0
Event: 19.514 Thread 0x000001dc7f5ff990 DEOPT PACKING pc=0x000001dc658138a2 sp=0x000000bef1efe620
Event: 19.514 Thread 0x000001dc7f5ff990 DEOPT UNPACKING pc=0x000001dc6c0c4242 sp=0x000000bef1efdb98 mode 0
Event: 19.537 Thread 0x000001dc7f5ff990 DEOPT PACKING pc=0x000001dc658138a2 sp=0x000000bef1efe620
Event: 19.537 Thread 0x000001dc7f5ff990 DEOPT UNPACKING pc=0x000001dc6c0c4242 sp=0x000000bef1efdb98 mode 0
Event: 19.548 Thread 0x000001dc7f5ff990 DEOPT PACKING pc=0x000001dc6585a953 sp=0x000000bef1efe650
Event: 19.548 Thread 0x000001dc7f5ff990 DEOPT UNPACKING pc=0x000001dc6c0c4242 sp=0x000000bef1efdbb8 mode 0
Event: 19.563 Thread 0x000001dc7f5ff990 DEOPT PACKING pc=0x000001dc658138a2 sp=0x000000bef1efe620
Event: 19.563 Thread 0x000001dc7f5ff990 DEOPT UNPACKING pc=0x000001dc6c0c4242 sp=0x000000bef1efdb98 mode 0
Event: 19.586 Thread 0x000001dc7f5ff990 DEOPT PACKING pc=0x000001dc6585a953 sp=0x000000bef1efe650
Event: 19.586 Thread 0x000001dc7f5ff990 DEOPT UNPACKING pc=0x000001dc6c0c4242 sp=0x000000bef1efdbb8 mode 0
Event: 19.597 Thread 0x000001dc7f5ff990 DEOPT PACKING pc=0x000001dc658138a2 sp=0x000000bef1efe620
Event: 19.597 Thread 0x000001dc7f5ff990 DEOPT UNPACKING pc=0x000001dc6c0c4242 sp=0x000000bef1efdb98 mode 0
Event: 19.600 Thread 0x000001dc7f5ff990 DEOPT PACKING pc=0x000001dc6585a953 sp=0x000000bef1efe650
Event: 19.600 Thread 0x000001dc7f5ff990 DEOPT UNPACKING pc=0x000001dc6c0c4242 sp=0x000000bef1efdbb8 mode 0
Event: 19.621 Thread 0x000001dc7f5ff990 DEOPT PACKING pc=0x000001dc658138a2 sp=0x000000bef1efe620
Event: 19.621 Thread 0x000001dc7f5ff990 DEOPT UNPACKING pc=0x000001dc6c0c4242 sp=0x000000bef1efdb98 mode 0

Classes loaded (20 events):
Event: 17.772 Loading class java/util/stream/ReduceOps$4
Event: 17.772 Loading class java/util/stream/ReduceOps$4 done
Event: 17.773 Loading class java/util/stream/ReduceOps$4ReducingSink
Event: 17.773 Loading class java/util/stream/ReduceOps$4ReducingSink done
Event: 17.777 Loading class java/nio/file/Files$2
Event: 17.777 Loading class java/nio/file/Files$2 done
Event: 17.876 Loading class java/util/stream/DistinctOps
Event: 17.876 Loading class java/util/stream/DistinctOps done
Event: 17.876 Loading class java/util/stream/DistinctOps$1
Event: 17.877 Loading class java/util/stream/DistinctOps$1 done
Event: 17.879 Loading class java/util/stream/DistinctOps$1$2
Event: 17.879 Loading class java/util/stream/DistinctOps$1$2 done
Event: 17.944 Loading class java/util/concurrent/ArrayBlockingQueue
Event: 17.945 Loading class java/util/concurrent/ArrayBlockingQueue done
Event: 18.218 Loading class java/util/Hashtable$ValueCollection
Event: 18.219 Loading class java/util/Hashtable$ValueCollection done
Event: 18.233 Loading class java/util/concurrent/ConcurrentHashMap$KeySpliterator
Event: 18.234 Loading class java/util/concurrent/ConcurrentHashMap$KeySpliterator done
Event: 18.250 Loading class sun/nio/ch/ChannelOutputStream
Event: 18.250 Loading class sun/nio/ch/ChannelOutputStream done

Classes unloaded (7 events):
Event: 10.565 Thread 0x000001dc618d2fc0 Unloading class 0x000001dc011a8800 'java/lang/invoke/LambdaForm$MH+0x000001dc011a8800'
Event: 10.566 Thread 0x000001dc618d2fc0 Unloading class 0x000001dc011a8400 'java/lang/invoke/LambdaForm$MH+0x000001dc011a8400'
Event: 10.566 Thread 0x000001dc618d2fc0 Unloading class 0x000001dc011a8000 'java/lang/invoke/LambdaForm$MH+0x000001dc011a8000'
Event: 10.566 Thread 0x000001dc618d2fc0 Unloading class 0x000001dc011a7c00 'java/lang/invoke/LambdaForm$MH+0x000001dc011a7c00'
Event: 10.566 Thread 0x000001dc618d2fc0 Unloading class 0x000001dc011a7800 'java/lang/invoke/LambdaForm$BMH+0x000001dc011a7800'
Event: 10.566 Thread 0x000001dc618d2fc0 Unloading class 0x000001dc011a7400 'java/lang/invoke/LambdaForm$DMH+0x000001dc011a7400'
Event: 10.566 Thread 0x000001dc618d2fc0 Unloading class 0x000001dc011a6000 'java/lang/invoke/LambdaForm$DMH+0x000001dc011a6000'

Classes redefined (0 events):
No events

Internal exceptions (20 events):
Event: 17.453 Thread 0x000001dc7f600020 Exception <a 'sun/nio/fs/WindowsException'{0x00000000d5d487e8}> (0x00000000d5d487e8) 
thrown [s\src\hotspot\share\prims\jni.cpp, line 520]
Event: 17.453 Thread 0x000001dc7f600020 Exception <a 'sun/nio/fs/WindowsException'{0x00000000d5d490c8}> (0x00000000d5d490c8) 
thrown [s\src\hotspot\share\prims\jni.cpp, line 520]
Event: 17.455 Thread 0x000001dc7f600020 Exception <a 'sun/nio/fs/WindowsException'{0x00000000d5d995c8}> (0x00000000d5d995c8) 
thrown [s\src\hotspot\share\prims\jni.cpp, line 520]
Event: 17.455 Thread 0x000001dc7f600020 Exception <a 'sun/nio/fs/WindowsException'{0x00000000d5d99ea8}> (0x00000000d5d99ea8) 
thrown [s\src\hotspot\share\prims\jni.cpp, line 520]
Event: 17.458 Thread 0x000001dc7f600020 Exception <a 'sun/nio/fs/WindowsException'{0x00000000d5e218e0}> (0x00000000d5e218e0) 
thrown [s\src\hotspot\share\prims\jni.cpp, line 520]
Event: 17.458 Thread 0x000001dc7f600020 Exception <a 'sun/nio/fs/WindowsException'{0x00000000d5e221c0}> (0x00000000d5e221c0) 
thrown [s\src\hotspot\share\prims\jni.cpp, line 520]
Event: 17.467 Thread 0x000001dc7f600020 Exception <a 'java/io/FileNotFoundException'{0x00000000d5fb4a38}> (0x00000000d5fb4a38) 
thrown [s\src\hotspot\share\prims\jni.cpp, line 520]
Event: 17.467 Thread 0x000001dc7f600020 Exception <a 'java/io/FileNotFoundException'{0x00000000d5fb5b08}> (0x00000000d5fb5b08) 
thrown [s\src\hotspot\share\prims\jni.cpp, line 520]
Event: 17.468 Thread 0x000001dc7f600020 Exception <a 'java/io/FileNotFoundException'{0x00000000d5fb6860}> (0x00000000d5fb6860) 
thrown [s\src\hotspot\share\prims\jni.cpp, line 520]
Event: 17.781 Thread 0x000001dc7f5fcba0 Exception <a 'java/lang/NoSuchMethodError'{0x00000000d5a59fb0}: 'int java.lang.invoke.DirectMethodHandle$Holder.invokeSpecialIFC(java.lang.Object, java.lang.Object, java.lang.Object)'> (0x00000000d5a59fb0) 
thrown [s\src\hotspot\share\interpreter\linkResolver.cpp, line 773]
Event: 17.852 Thread 0x000001dc7f5fcba0 Exception <a 'java/lang/NoClassDefFoundError'{0x00000000d558a370}: org/eclipse/jdt/internal/core/CompilationUnit> (0x00000000d558a370) 
thrown [s\src\hotspot\share\classfile\systemDictionary.cpp, line 302]
Event: 18.146 Thread 0x000001dc41a2f6e0 Exception <a 'java/lang/NoSuchMethodError'{0x00000000d5d16aa0}: 'void java.lang.invoke.DirectMethodHandle$Holder.invokeStatic(java.lang.Object, int, java.lang.Object)'> (0x00000000d5d16aa0) 
thrown [s\src\hotspot\share\interpreter\linkResolver.cpp, line 773]
Event: 18.241 Thread 0x000001dc7f5fcba0 Exception <a 'java/lang/NoSuchMethodError'{0x00000000d56959d0}: 'java.lang.Object java.lang.invoke.DirectMethodHandle$Holder.newInvokeSpecial(java.lang.Object, java.lang.Object, int, int, java.lang.Object)'> (0x00000000d56959d0) 
thrown [s\src\hotspot\share\interpreter\linkResolver.cpp, line 773]
Event: 18.274 Thread 0x000001dc7f5fcba0 Exception <a 'sun/nio/fs/WindowsException'{0x00000000d590fa08}> (0x00000000d590fa08) 
thrown [s\src\hotspot\share\prims\jni.cpp, line 520]
Event: 18.275 Thread 0x000001dc41a2bbd0 Exception <a 'sun/nio/fs/WindowsException'{0x00000000d593ad18}> (0x00000000d593ad18) 
thrown [s\src\hotspot\share\prims\jni.cpp, line 520]
Event: 18.276 Thread 0x000001dc41a28750 Exception <a 'sun/nio/fs/WindowsException'{0x00000000d59630b8}> (0x00000000d59630b8) 
thrown [s\src\hotspot\share\prims\jni.cpp, line 520]
Event: 18.464 Thread 0x000001dc7f5fcba0 Exception <a 'sun/nio/fs/WindowsException'{0x00000000d57bb7f0}> (0x00000000d57bb7f0) 
thrown [s\src\hotspot\share\prims\jni.cpp, line 520]
Event: 18.464 Thread 0x000001dc7f5fcba0 Exception <a 'sun/nio/fs/WindowsException'{0x00000000d57bbe20}> (0x00000000d57bbe20) 
thrown [s\src\hotspot\share\prims\jni.cpp, line 520]
Event: 18.911 Thread 0x000001dc7f5fcba0 Exception <a 'java/lang/NoSuchMethodError'{0x00000000d5cd7cc0}: 'void java.lang.invoke.DirectMethodHandle$Holder.invokeStatic(java.lang.Object, java.lang.Object, java.lang.Object, int)'> (0x00000000d5cd7cc0) 
thrown [s\src\hotspot\share\interpreter\linkResolver.cpp, line 773]
Event: 18.938 Thread 0x000001dc7f5fcba0 Exception <a 'java/lang/NoSuchMethodError'{0x00000000d56dbc40}: 'void java.lang.invoke.DirectMethodHandle$Holder.invokeVirtual(java.lang.Object, java.lang.Object, int)'> (0x00000000d56dbc40) 
thrown [s\src\hotspot\share\interpreter\linkResolver.cpp, line 773]

ZGC Phase Switch (0 events):
No events

VM Operations (20 events):
Event: 18.758 Executing safepoint VM operation: ParallelGCFailedAllocation (Allocation Failure)
Event: 18.764 Executing safepoint VM operation: ParallelGCFailedAllocation (Allocation Failure) done
Event: 18.847 Executing safepoint VM operation: ParallelGCFailedAllocation (Allocation Failure)
Event: 18.852 Executing safepoint VM operation: ParallelGCFailedAllocation (Allocation Failure) done
Event: 18.916 Executing safepoint VM operation: ParallelGCFailedAllocation (Allocation Failure)
Event: 18.923 Executing safepoint VM operation: ParallelGCFailedAllocation (Allocation Failure) done
Event: 19.013 Executing safepoint VM operation: ParallelGCFailedAllocation (Allocation Failure)
Event: 19.018 Executing safepoint VM operation: ParallelGCFailedAllocation (Allocation Failure) done
Event: 19.133 Executing safepoint VM operation: ParallelGCFailedAllocation (Allocation Failure)
Event: 19.139 Executing safepoint VM operation: ParallelGCFailedAllocation (Allocation Failure) done
Event: 19.255 Executing safepoint VM operation: ParallelGCFailedAllocation (Allocation Failure)
Event: 19.260 Executing safepoint VM operation: ParallelGCFailedAllocation (Allocation Failure) done
Event: 19.371 Executing safepoint VM operation: ParallelGCFailedAllocation (Allocation Failure)
Event: 19.377 Executing safepoint VM operation: ParallelGCFailedAllocation (Allocation Failure) done
Event: 19.473 Executing safepoint VM operation: ParallelGCFailedAllocation (Allocation Failure)
Event: 19.478 Executing safepoint VM operation: ParallelGCFailedAllocation (Allocation Failure) done
Event: 19.548 Executing safepoint VM operation: ParallelGCFailedAllocation (Allocation Failure)
Event: 19.553 Executing safepoint VM operation: ParallelGCFailedAllocation (Allocation Failure) done
Event: 19.632 Executing safepoint VM operation: ParallelGCFailedAllocation (Allocation Failure)
Event: 21.642 Executing safepoint VM operation: ParallelGCFailedAllocation (Allocation Failure) done

Memory protections (0 events):
No events

Nmethod flushes (20 events):
Event: 13.426 Thread 0x000001dc618d2fc0 flushing  nmethod 0x000001dc65245d90
Event: 13.426 Thread 0x000001dc618d2fc0 flushing  nmethod 0x000001dc65246510
Event: 13.426 Thread 0x000001dc618d2fc0 flushing  nmethod 0x000001dc65247a90
Event: 13.426 Thread 0x000001dc618d2fc0 flushing  nmethod 0x000001dc65247f90
Event: 13.426 Thread 0x000001dc618d2fc0 flushing  nmethod 0x000001dc65248390
Event: 13.426 Thread 0x000001dc618d2fc0 flushing  nmethod 0x000001dc65248f10
Event: 13.426 Thread 0x000001dc618d2fc0 flushing  nmethod 0x000001dc65249810
Event: 13.426 Thread 0x000001dc618d2fc0 flushing  nmethod 0x000001dc6524a510
Event: 13.426 Thread 0x000001dc618d2fc0 flushing  nmethod 0x000001dc6524b690
Event: 13.426 Thread 0x000001dc618d2fc0 flushing  nmethod 0x000001dc6524c910
Event: 13.426 Thread 0x000001dc618d2fc0 flushing  nmethod 0x000001dc65267b90
Event: 13.426 Thread 0x000001dc618d2fc0 flushing  nmethod 0x000001dc6526a990
Event: 13.426 Thread 0x000001dc618d2fc0 flushing  nmethod 0x000001dc6527fe90
Event: 13.426 Thread 0x000001dc618d2fc0 flushing  nmethod 0x000001dc65283110
Event: 13.426 Thread 0x000001dc618d2fc0 flushing  nmethod 0x000001dc65286210
Event: 13.426 Thread 0x000001dc618d2fc0 flushing  nmethod 0x000001dc65288910
Event: 13.426 Thread 0x000001dc618d2fc0 flushing  nmethod 0x000001dc65291190
Event: 13.426 Thread 0x000001dc618d2fc0 flushing  nmethod 0x000001dc652de590
Event: 13.426 Thread 0x000001dc618d2fc0 flushing  nmethod 0x000001dc65303790
Event: 13.426 Thread 0x000001dc618d2fc0 flushing  nmethod 0x000001dc65323490

Events (20 events):
Event: 13.804 Thread 0x000001dc6193b860 Thread added: 0x000001dc7f6020f0
Event: 13.805 Thread 0x000001dc6193b860 Thread added: 0x000001dc7f602780
Event: 13.806 Thread 0x000001dc6193b860 Thread added: 0x000001dc7f602e10
Event: 13.806 Thread 0x000001dc6193b860 Thread added: 0x000001dc7f6034a0
Event: 13.807 Thread 0x000001dc6193b860 Thread added: 0x000001dc7f603b30
Event: 13.808 Thread 0x000001dc6193b860 Thread added: 0x000001dc7f6041c0
Event: 13.809 Thread 0x000001dc6193b860 Thread added: 0x000001dc41a2a190
Event: 13.810 Thread 0x000001dc6193b860 Thread added: 0x000001dc41a28de0
Event: 13.885 Thread 0x000001dc6193b860 Thread added: 0x000001dc41a2aeb0
Event: 14.505 Thread 0x000001dc6193b860 Thread added: 0x000001dc41a280c0
Event: 14.505 Thread 0x000001dc6193b860 Thread added: 0x000001dc41a2b540
Event: 15.947 Thread 0x000001dc7f5fcba0 Thread added: 0x000001dc41a2bbd0
Event: 15.955 Thread 0x000001dc41a2bbd0 Thread added: 0x000001dc41a28750
Event: 15.957 Thread 0x000001dc41a28750 Thread added: 0x000001dc41a29470
Event: 15.958 Thread 0x000001dc41a28750 Thread added: 0x000001dc41a2c260
Event: 16.016 Thread 0x000001dc7f5fcba0 Thread added: 0x000001dc41a2c8f0
Event: 17.947 Thread 0x000001dc7f5fcba0 Thread added: 0x000001dc41a2f6e0
Event: 18.244 Thread 0x000001dc7f5fcba0 Thread added: 0x000001dc41a2e330
Event: 18.290 Thread 0x000001dc7f5fcba0 Thread added: 0x000001dc41a2d610
Event: 18.457 Thread 0x000001dc7f5fcba0 Thread added: 0x000001dc41a2e9c0


Dynamic libraries:
0x00007ff609440000 - 0x00007ff60944e000 	c:\Users\muhad\.vscode\extensions\redhat.java-1.55.0-win32-x64\jre\21.0.11-win32-x86_64\bin\java.exe
0x00007ffff2e40000 - 0x00007ffff30a6000 	C:\Windows\SYSTEM32\ntdll.dll
0x00007ffff1c40000 - 0x00007ffff1d09000 	C:\Windows\System32\KERNEL32.DLL
0x00007ffff0370000 - 0x00007ffff076a000 	C:\Windows\System32\KERNELBASE.dll
0x00007ffff09b0000 - 0x00007ffff0afc000 	C:\Windows\System32\ucrtbase.dll
0x00007fff87650000 - 0x00007fff87668000 	c:\Users\muhad\.vscode\extensions\redhat.java-1.55.0-win32-x64\jre\21.0.11-win32-x86_64\bin\jli.dll
0x00007fffc2880000 - 0x00007fffc289e000 	c:\Users\muhad\.vscode\extensions\redhat.java-1.55.0-win32-x64\jre\21.0.11-win32-x86_64\bin\VCRUNTIME140.dll
0x00007ffff0bb0000 - 0x00007ffff0d77000 	C:\Windows\System32\USER32.dll
0x00007fffdcc10000 - 0x00007fffdcea2000 	C:\Windows\WinSxS\amd64_microsoft.windows.common-controls_6595b64144ccf1df_6.0.26100.8521_none_3e08b75ce33403b3\COMCTL32.dll
0x00007ffff0340000 - 0x00007ffff0367000 	C:\Windows\System32\win32u.dll
0x00007ffff1d90000 - 0x00007ffff1e39000 	C:\Windows\System32\msvcrt.dll
0x00007ffff2dc0000 - 0x00007ffff2deb000 	C:\Windows\System32\GDI32.dll
0x00007ffff0210000 - 0x00007ffff033b000 	C:\Windows\System32\gdi32full.dll
0x00007ffff0160000 - 0x00007ffff0203000 	C:\Windows\System32\msvcp_win.dll
0x00007ffff1d50000 - 0x00007ffff1d82000 	C:\Windows\System32\IMM32.DLL
0x00007fffc2870000 - 0x00007fffc287c000 	c:\Users\muhad\.vscode\extensions\redhat.java-1.55.0-win32-x64\jre\21.0.11-win32-x86_64\bin\vcruntime140_1.dll
0x00007fff5e0f0000 - 0x00007fff5e17d000 	c:\Users\muhad\.vscode\extensions\redhat.java-1.55.0-win32-x64\jre\21.0.11-win32-x86_64\bin\msvcp140.dll
0x00007fff5cab0000 - 0x00007fff5d852000 	c:\Users\muhad\.vscode\extensions\redhat.java-1.55.0-win32-x64\jre\21.0.11-win32-x86_64\bin\server\jvm.dll
0x00007ffff2120000 - 0x00007ffff21d6000 	C:\Windows\System32\ADVAPI32.dll
0x00007ffff1e70000 - 0x00007ffff1f1a000 	C:\Windows\System32\sechost.dll
0x00007ffff2000000 - 0x00007ffff2118000 	C:\Windows\System32\RPCRT4.dll
0x00007ffff1940000 - 0x00007ffff19c0000 	C:\Windows\System32\WS2_32.dll
0x00007fffeff30000 - 0x00007fffeff8e000 	C:\Windows\SYSTEM32\POWRPROF.dll
0x00007fffe8a50000 - 0x00007fffe8a5b000 	C:\Windows\SYSTEM32\VERSION.dll
0x00007fffe83e0000 - 0x00007fffe8416000 	C:\Windows\SYSTEM32\WINMM.dll
0x00007fffeff10000 - 0x00007fffeff24000 	C:\Windows\SYSTEM32\UMPDC.dll
0x00007fffeee20000 - 0x00007fffeee3b000 	C:\Windows\SYSTEM32\kernel.appcore.dll
0x00007fff87640000 - 0x00007fff8764a000 	c:\Users\muhad\.vscode\extensions\redhat.java-1.55.0-win32-x64\jre\21.0.11-win32-x86_64\bin\jimage.dll
0x00007fffed610000 - 0x00007fffed852000 	C:\Windows\SYSTEM32\DBGHELP.DLL
0x00007ffff2970000 - 0x00007ffff2cf3000 	C:\Windows\System32\combase.dll
0x00007ffff1f20000 - 0x00007ffff1ff9000 	C:\Windows\System32\OLEAUT32.dll
0x00007fffdee20000 - 0x00007fffdee5b000 	C:\Windows\SYSTEM32\dbgcore.DLL
0x00007ffff0b00000 - 0x00007ffff0ba8000 	C:\Windows\System32\bcryptPrimitives.dll
0x00007fff87630000 - 0x00007fff8763f000 	c:\Users\muhad\.vscode\extensions\redhat.java-1.55.0-win32-x64\jre\21.0.11-win32-x86_64\bin\instrument.dll
0x00007fff5e0d0000 - 0x00007fff5e0f0000 	c:\Users\muhad\.vscode\extensions\redhat.java-1.55.0-win32-x64\jre\21.0.11-win32-x86_64\bin\java.dll
0x00007ffff21e0000 - 0x00007ffff2964000 	C:\Windows\System32\SHELL32.dll
0x00007fffedc50000 - 0x00007fffee4d0000 	C:\Windows\SYSTEM32\windows.storage.dll
0x00007ffff1030000 - 0x00007ffff1126000 	C:\Windows\System32\SHCORE.dll
0x00007ffff0de0000 - 0x00007ffff0e47000 	C:\Windows\System32\shlwapi.dll
0x00007fffefff0000 - 0x00007ffff0019000 	C:\Windows\SYSTEM32\profapi.dll
0x00007fff5de20000 - 0x00007fff5de38000 	c:\Users\muhad\.vscode\extensions\redhat.java-1.55.0-win32-x64\jre\21.0.11-win32-x86_64\bin\zip.dll
0x00007fff87620000 - 0x00007fff87630000 	C:\Users\muhad\.vscode\extensions\redhat.java-1.55.0-win32-x64\jre\21.0.11-win32-x86_64\bin\net.dll
0x00007fffea2d0000 - 0x00007fffea3f9000 	C:\Windows\SYSTEM32\WINHTTP.dll
0x00007fffef370000 - 0x00007fffef3dc000 	C:\Windows\system32\mswsock.dll
0x00007fff5de00000 - 0x00007fff5de16000 	C:\Users\muhad\.vscode\extensions\redhat.java-1.55.0-win32-x64\jre\21.0.11-win32-x86_64\bin\nio.dll
0x00007fff6d9b0000 - 0x00007fff6d9c0000 	c:\Users\muhad\.vscode\extensions\redhat.java-1.55.0-win32-x64\jre\21.0.11-win32-x86_64\bin\verify.dll
0x00007fff7a230000 - 0x00007fff7a275000 	C:\Users\muhad\AppData\Roaming\Code\User\globalStorage\redhat.java\1.55.0\config_win\org.eclipse.equinox.launcher\org.eclipse.equinox.launcher.win32.win32.x86_64_1.3.100.v20260613-0559\eclipse_11924.dll
0x00007ffff1710000 - 0x00007ffff18a8000 	C:\Windows\System32\ole32.dll
0x00007fffef770000 - 0x00007fffef78b000 	C:\Windows\SYSTEM32\CRYPTSP.dll
0x00007fffeed80000 - 0x00007fffeedb9000 	C:\Windows\system32\rsaenh.dll
0x00007fffef420000 - 0x00007fffef453000 	C:\Windows\SYSTEM32\USERENV.dll
0x00007fffeffc0000 - 0x00007fffeffea000 	C:\Windows\SYSTEM32\bcrypt.dll
0x00007fffef5d0000 - 0x00007fffef5dc000 	C:\Windows\SYSTEM32\CRYPTBASE.dll
0x00007fffee800000 - 0x00007fffee833000 	C:\Windows\SYSTEM32\IPHLPAPI.DLL
0x00007ffff1d30000 - 0x00007ffff1d3a000 	C:\Windows\System32\NSI.dll
0x00007fff5f630000 - 0x00007fff5f679000 	C:\Users\muhad\AppData\Local\Temp\jna-104252387\jna15746465050012556491.dll
0x00007ffff18b0000 - 0x00007ffff18b8000 	C:\Windows\System32\PSAPI.DLL
0x00007fffec770000 - 0x00007fffec77a000 	C:\Users\muhad\.vscode\extensions\redhat.java-1.55.0-win32-x64\jre\21.0.11-win32-x86_64\bin\management.dll
0x00007fffec760000 - 0x00007fffec76c000 	C:\Users\muhad\.vscode\extensions\redhat.java-1.55.0-win32-x64\jre\21.0.11-win32-x86_64\bin\management_ext.dll
0x00007fffea600000 - 0x00007fffea61d000 	C:\Windows\SYSTEM32\dhcpcsvc6.DLL
0x00007fffea460000 - 0x00007fffea485000 	C:\Windows\SYSTEM32\dhcpcsvc.DLL

JVMTI agents:
c:\Users\muhad\.vscode\extensions\redhat.java-1.55.0-win32-x64\lombok\lombok-1.18.39-4050.jar path:c:\Users\muhad\.vscode\extensions\redhat.java-1.55.0-win32-x64\jre\21.0.11-win32-x86_64\bin\instrument.dll, loaded, initialized, instrumentlib options:none

dbghelp: loaded successfully - version: 4.0.5 - missing functions: none
symbol engine: initialized successfully - sym options: 0x614 - pdb path: .;c:\Users\muhad\.vscode\extensions\redhat.java-1.55.0-win32-x64\jre\21.0.11-win32-x86_64\bin;C:\Windows\SYSTEM32;C:\Windows\WinSxS\amd64_microsoft.windows.common-controls_6595b64144ccf1df_6.0.26100.8521_none_3e08b75ce33403b3;c:\Users\muhad\.vscode\extensions\redhat.java-1.55.0-win32-x64\jre\21.0.11-win32-x86_64\bin\server;C:\Users\muhad\AppData\Roaming\Code\User\globalStorage\redhat.java\1.55.0\config_win\org.eclipse.equinox.launcher\org.eclipse.equinox.launcher.win32.win32.x86_64_1.3.100.v20260613-0559;C:\Users\muhad\AppData\Local\Temp\jna-104252387

VM Arguments:
jvm_args: --add-modules=ALL-SYSTEM --add-opens=java.base/java.util=ALL-UNNAMED --add-opens=java.base/java.lang=ALL-UNNAMED --add-opens=java.base/sun.nio.fs=ALL-UNNAMED -Declipse.application=org.eclipse.jdt.ls.core.id1 -Dosgi.bundles.defaultStartLevel=4 -Declipse.product=org.eclipse.jdt.ls.core.product -Djava.import.generatesMetadataFilesAtProjectRoot=false -DDetectVMInstallationsJob.disabled=true -Dfile.encoding=utf8 -XX:+UseParallelGC -XX:GCTimeRatio=4 -XX:AdaptiveSizePolicyWeight=90 -Dsun.zip.disableMemoryMapping=true -Xmx2G -Xms100m -Xlog:disable -javaagent:c:\Users\muhad\.vscode\extensions\redhat.java-1.55.0-win32-x64\lombok\lombok-1.18.39-4050.jar -XX:+HeapDumpOnOutOfMemoryError -XX:HeapDumpPath=c:\Users\muhad\AppData\Roaming\Code\User\workspaceStorage\c1a94f19ada89060a8449fb662889b88\redhat.java -Daether.dependencyCollector.impl=bf 
java_command: c:\Users\muhad\.vscode\extensions\redhat.java-1.55.0-win32-x64\server\plugins\org.eclipse.equinox.launcher_1.7.200.v20260619-2039.jar -configuration c:\Users\muhad\AppData\Roaming\Code\User\globalStorage\redhat.java\1.55.0\config_win -data c:\Users\muhad\AppData\Roaming\Code\User\workspaceStorage\c1a94f19ada89060a8449fb662889b88\redhat.java\jdt_ws --pipe=\\.\pipe\lsp-fb3818e3b70cc726252c33fcb290f3e5-sock
java_class_path (initial): c:\Users\muhad\.vscode\extensions\redhat.java-1.55.0-win32-x64\server\plugins\org.eclipse.equinox.launcher_1.7.200.v20260619-2039.jar
Launcher Type: SUN_STANDARD

[Global flags]
    uintx AdaptiveSizePolicyWeight                 = 90                                        {product} {command line}
     intx CICompilerCount                          = 4                                         {product} {ergonomic}
    uintx GCTimeRatio                              = 4                                         {product} {command line}
     bool HeapDumpOnOutOfMemoryError               = true                                   {manageable} {command line}
    ccstr HeapDumpPath                             = c:\Users\muhad\AppData\Roaming\Code\User\workspaceStorage\c1a94f19ada89060a8449fb662889b88\redhat.java         {manageable} {command line}
   size_t InitialHeapSize                          = 104857600                                 {product} {command line}
   size_t MaxHeapSize                              = 2147483648                                {product} {command line}
   size_t MaxNewSize                               = 715653120                                 {product} {ergonomic}
   size_t MinHeapDeltaBytes                        = 524288                                    {product} {ergonomic}
   size_t MinHeapSize                              = 104857600                                 {product} {command line}
   size_t NewSize                                  = 34603008                                  {product} {ergonomic}
    uintx NonNMethodCodeHeapSize                   = 5839372                                {pd product} {ergonomic}
    uintx NonProfiledCodeHeapSize                  = 122909434                              {pd product} {ergonomic}
   size_t OldSize                                  = 70254592                                  {product} {ergonomic}
    uintx ProfiledCodeHeapSize                     = 122909434                              {pd product} {ergonomic}
    uintx ReservedCodeCacheSize                    = 251658240                              {pd product} {ergonomic}
     bool SegmentedCodeCache                       = true                                      {product} {ergonomic}
   size_t SoftMaxHeapSize                          = 2147483648                             {manageable} {ergonomic}
     bool UseCompressedOops                        = true                           {product lp64_product} {ergonomic}
     bool UseLargePagesIndividualAllocation        = false                                  {pd product} {ergonomic}
     bool UseParallelGC                            = true                                      {product} {command line}

Logging:
Log output configuration:
 #0: stdout all=off uptime,level,tags foldmultilines=false
 #1: stderr all=off uptime,level,tags foldmultilines=false

Release file:
JAVA_VERSION="21.0.11" 
MODULES="java.base java.compiler java.datatransfer java.xml java.prefs java.desktop java.instrument java.logging java.management java.security.sasl java.naming java.rmi java.management.rmi java.net.http java.scripting java.security.jgss java.transaction.xa java.sql java.sql.rowset java.xml.crypto java.se java.smartcardio jdk.accessibility jdk.internal.jvmstat jdk.attach jdk.charsets jdk.internal.opt jdk.zipfs jdk.compiler jdk.crypto.ec jdk.crypto.cryptoki jdk.crypto.mscapi jdk.dynalink jdk.internal.ed jdk.editpad jdk.hotspot.agent jdk.httpserver jdk.internal.le jdk.internal.vm.ci jdk.internal.vm.compiler jdk.internal.vm.compiler.management jdk.jartool jdk.javadoc jdk.jcmd jdk.management jdk.management.agent jdk.jconsole jdk.jdeps jdk.jdwp.agent jdk.jdi jdk.jfr jdk.jshell jdk.jsobject jdk.jstatd jdk.localedata jdk.management.jfr jdk.naming.dns jdk.naming.rmi jdk.net jdk.nio.mapmode jdk.random jdk.sctp jdk.security.auth jdk.security.jgss jdk.unsupported jdk.unsupported.desktop jdk.xml.dom" 

Environment Variables:
JAVA_HOME=C:\Program Files\Java\jdk-22.0.2
PATH=C:\Program Files\Common Files\Oracle\Java\javapath;C:\Windows\system32;C:\Windows;C:\Windows\System32\Wbem;C:\Windows\System32\WindowsPowerShell\v1.0\;C:\Windows\System32\OpenSSH\;C:\Program Files\Git\cmd;C:\xampp\php;C:\composer;C:\Program Files\Erlang OTP\bin;;C:\Program Files\Docker\Docker\resources\bin;C:\Program Files\Cloudflare\Cloudflare WARP\;C:\Users\muhad\AppData\Local\Microsoft\WindowsApps;C:\Users\muhad\AppData\Local\GitHubDesktop\bin;C:\Users\muhad\AppData\Local\Programs\Microsoft VS Code\bin;C:\Flutter\bin;C:\Users\muhad\AppData\Roaming\Composer\vendor\bin
USERNAME=muhad
OS=Windows_NT
PROCESSOR_IDENTIFIER=AMD64 Family 23 Model 104 Stepping 1, AuthenticAMD
TMP=C:\Users\muhad\AppData\Local\Temp
TEMP=C:\Users\muhad\AppData\Local\Temp




Periodic native trim disabled

---------------  S Y S T E M  ---------------

OS:
 Windows 11 , 64 bit Build 26100 (10.0.26100.8521)
OS uptime: 0 days 0:12 hours
Hyper-V role detected

CPU: total 12 (initial active 12) (12 cores per cpu, 2 threads per core) family 23 model 104 stepping 1 microcode 0x8608104, cx8, cmov, fxsr, ht, mmx, 3dnowpref, sse, sse2, sse3, ssse3, sse4a, sse4.1, sse4.2, popcnt, lzcnt, tsc, tscinvbit, avx, avx2, aes, clmul, bmi1, bmi2, adx, sha, fma, vzeroupper, clflush, clflushopt, hv, rdtscp, rdpid, f16c
Processor Information for the first 12 processors :
  Max Mhz: 2100, Current Mhz: 2100, Mhz Limit: 2100

Memory: 4k page, system-wide physical 5978M (639M free)
TotalPageFile size 14170M (AvailPageFile size 7M)
current process WorkingSet (physical memory assigned to process): 351M, peak: 353M
current process commit charge ("private bytes"): 411M, peak: 418M

vm_info: OpenJDK 64-Bit Server VM (21.0.11+10-LTS) for windows-amd64 JRE (21.0.11+10-LTS), built on 2026-04-21T00:00:00Z by "admin" with MS VC++ 17.12 (VS2022)

END.
