#
# There is insufficient memory for the Java Runtime Environment to continue.
# Native memory allocation (malloc) failed to allocate 1433296 bytes. Error detail: Chunk::new
# Possible reasons:
#   The system is out of physical RAM or swap space
#   This process is running with CompressedOops enabled, and the Java Heap may be blocking the growth of the native heap
# Possible solutions:
#   Reduce memory load on the system
#   Increase physical memory or swap space
#   Check if swap backing store is full
#   Decrease Java heap size (-Xmx/-Xms)
#   Decrease number of Java threads
#   Decrease Java thread stack sizes (-Xss)
#   Set larger code cache with -XX:ReservedCodeCacheSize=
#   JVM is running with Unscaled Compressed Oops mode in which the Java heap is
#     placed in the first 4GB address space. The Java Heap base address is the
#     maximum limit for the native heap growth. Please use -XX:HeapBaseMinAddress
#     to set the Java Heap base and to place the Java Heap above 4GB virtual address.
# This output file may be truncated or incomplete.
#
#  Out of Memory Error (arena.cpp:168), pid=7284, tid=15000
#
# JRE version: OpenJDK Runtime Environment Temurin-21.0.11+10 (21.0.11+10) (build 21.0.11+10-LTS)
# Java VM: OpenJDK 64-Bit Server VM Temurin-21.0.11+10 (21.0.11+10-LTS, mixed mode, sharing, tiered, compressed oops, compressed class ptrs, parallel gc, windows-amd64)
# No core dump will be written. Minidumps are not enabled by default on client versions of Windows
#

---------------  S U M M A R Y ------------

Command Line: --add-modules=ALL-SYSTEM --add-opens=java.base/java.util=ALL-UNNAMED --add-opens=java.base/java.lang=ALL-UNNAMED --add-opens=java.base/sun.nio.fs=ALL-UNNAMED -Declipse.application=org.eclipse.jdt.ls.core.id1 -Dosgi.bundles.defaultStartLevel=4 -Declipse.product=org.eclipse.jdt.ls.core.product -Djava.import.generatesMetadataFilesAtProjectRoot=false -DDetectVMInstallationsJob.disabled=true -Dfile.encoding=utf8 -XX:+UseParallelGC -XX:GCTimeRatio=4 -XX:AdaptiveSizePolicyWeight=90 -Dsun.zip.disableMemoryMapping=true -Xmx2G -Xms100m -Xlog:disable -javaagent:c:\Users\muhad\.vscode\extensions\redhat.java-1.55.0-win32-x64\lombok\lombok-1.18.39-4050.jar -XX:+HeapDumpOnOutOfMemoryError -XX:HeapDumpPath=c:\Users\muhad\AppData\Roaming\Code\User\workspaceStorage\c1a94f19ada89060a8449fb662889b88\redhat.java -Daether.dependencyCollector.impl=bf c:\Users\muhad\.vscode\extensions\redhat.java-1.55.0-win32-x64\server\plugins\org.eclipse.equinox.launcher_1.7.200.v20260619-2039.jar -configuration c:\Users\muhad\AppData\Roaming\Code\User\globalStorage\redhat.java\1.55.0\config_win -data c:\Users\muhad\AppData\Roaming\Code\User\workspaceStorage\c1a94f19ada89060a8449fb662889b88\redhat.java\jdt_ws --pipe=\\.\pipe\lsp-a81189e3446b55f9a744d766d2bbd66c-sock

Host: AMD Ryzen 5 5500U with Radeon Graphics         , 12 cores, 5G,  Windows 11 , 64 bit Build 26100 (10.0.26100.8521)
Time: Fri Jul 10 10:44:41 2026 SE Asia Standard Time elapsed time: 16.461006 seconds (0d 0h 0m 16s)

---------------  T H R E A D  ---------------

Current thread (0x0000020f7fe7a0d0):  JavaThread "C2 CompilerThread0" daemon [_thread_in_native, id=15000, stack(0x000000967eb00000,0x000000967ec00000) (1024K)]


Current CompileTask:
C2:16461 8049 %     4       org.eclipse.jdt.internal.core.search.indexing.BinaryIndexer::extractReferenceFromConstantPool @ 155 (358 bytes)

Stack: [0x000000967eb00000,0x000000967ec00000]
Native frames: (J=compiled Java code, j=interpreted, Vv=VM code, C=native code)
V  [jvm.dll+0x6d7e19]
V  [jvm.dll+0x8b5096]
V  [jvm.dll+0x8b764e]
V  [jvm.dll+0x8b7d33]
V  [jvm.dll+0x284596]
V  [jvm.dll+0xc685d]
V  [jvm.dll+0xc6da1]
V  [jvm.dll+0x3bed31]
V  [jvm.dll+0x38b2b2]
V  [jvm.dll+0x38a6fa]
V  [jvm.dll+0x24c700]
V  [jvm.dll+0x24bce0]
V  [jvm.dll+0x1cb4ae]
V  [jvm.dll+0x25baad]
V  [jvm.dll+0x25a03a]
V  [jvm.dll+0x3f868e]
V  [jvm.dll+0x85fb0d]
V  [jvm.dll+0x6d664d]
C  [ucrtbase.dll+0x2cd30]
C  [KERNEL32.DLL+0x2e957]
C  [ntdll.dll+0x87c1c]


---------------  P R O C E S S  ---------------

Threads class SMR info:
_java_thread_list=0x0000020f62e48a50, length=52, elements={
0x0000020f7ed37c10, 0x0000020f7fe633e0, 0x0000020f17dfd8b0, 0x0000020f7fe65b20,
0x0000020f7fe66a00, 0x0000020f7fe6f400, 0x0000020f7fe755d0, 0x0000020f7fe7a0d0,
0x0000020f5a351f80, 0x0000020f5a5c6720, 0x0000020f5a600910, 0x0000020f5b3ad710,
0x0000020f5bac1520, 0x0000020f6018dfb0, 0x0000020f6018e620, 0x0000020f60139ce0,
0x0000020f601394d0, 0x0000020f60876800, 0x0000020f5a400a70, 0x0000020f5a4003e0,
0x0000020f5a3fe9a0, 0x0000020f5b6ad140, 0x0000020f5a401100, 0x0000020f5a3fe310,
0x0000020f5a3ffd50, 0x0000020f5a3ff030, 0x0000020f61de1d10, 0x0000020f61de0ff0,
0x0000020f61de23a0, 0x0000020f61de1680, 0x0000020f61ddfc40, 0x0000020f61de02d0,
0x0000020f61de2a30, 0x0000020f61ddf5b0, 0x0000020f61de0960, 0x0000020f6152d580,
0x0000020f6152dc10, 0x0000020f6152cef0, 0x0000020f6152e2a0, 0x0000020f6152e930,
0x0000020f6152efc0, 0x0000020f6152f650, 0x0000020f6152fce0, 0x0000020f6152c860,
0x0000020f61531090, 0x0000020f61531db0, 0x0000020f61530370, 0x0000020f61530a00,
0x0000020f61531720, 0x0000020f61533160, 0x0000020f615337f0, 0x0000020f61533e80
}

Java Threads: ( => current thread )
  0x0000020f7ed37c10 JavaThread "main"                              [_thread_blocked, id=4960, stack(0x000000967e100000,0x000000967e200000) (1024K)]
  0x0000020f7fe633e0 JavaThread "Reference Handler"          daemon [_thread_blocked, id=9012, stack(0x000000967e500000,0x000000967e600000) (1024K)]
  0x0000020f17dfd8b0 JavaThread "Finalizer"                  daemon [_thread_blocked, id=4028, stack(0x000000967e600000,0x000000967e700000) (1024K)]
  0x0000020f7fe65b20 JavaThread "Signal Dispatcher"          daemon [_thread_blocked, id=9516, stack(0x000000967e700000,0x000000967e800000) (1024K)]
  0x0000020f7fe66a00 JavaThread "Attach Listener"            daemon [_thread_blocked, id=9560, stack(0x000000967e800000,0x000000967e900000) (1024K)]
  0x0000020f7fe6f400 JavaThread "Service Thread"             daemon [_thread_blocked, id=12448, stack(0x000000967e900000,0x000000967ea00000) (1024K)]
  0x0000020f7fe755d0 JavaThread "Monitor Deflation Thread"   daemon [_thread_blocked, id=12328, stack(0x000000967ea00000,0x000000967eb00000) (1024K)]
=>0x0000020f7fe7a0d0 JavaThread "C2 CompilerThread0"         daemon [_thread_in_native, id=15000, stack(0x000000967eb00000,0x000000967ec00000) (1024K)]
  0x0000020f5a351f80 JavaThread "C1 CompilerThread0"         daemon [_thread_blocked, id=5428, stack(0x000000967ec00000,0x000000967ed00000) (1024K)]
  0x0000020f5a5c6720 JavaThread "Common-Cleaner"             daemon [_thread_blocked, id=12744, stack(0x000000967ee00000,0x000000967ef00000) (1024K)]
  0x0000020f5a600910 JavaThread "Notification Thread"        daemon [_thread_blocked, id=20104, stack(0x000000967ef00000,0x000000967f000000) (1024K)]
  0x0000020f5b3ad710 JavaThread "Active Thread: Equinox Container: c6b1f2e8-ee47-4cd3-a6f5-2f8a53c80c79"        [_thread_blocked, id=14164, stack(0x000000967f700000,0x000000967f800000) (1024K)]
  0x0000020f5bac1520 JavaThread "Refresh Thread: Equinox Container: c6b1f2e8-ee47-4cd3-a6f5-2f8a53c80c79" daemon [_thread_blocked, id=9104, stack(0x000000967f900000,0x000000967fa00000) (1024K)]
  0x0000020f6018dfb0 JavaThread "Framework Event Dispatcher: Equinox Container: c6b1f2e8-ee47-4cd3-a6f5-2f8a53c80c79" daemon [_thread_blocked, id=12556, stack(0x000000967fa00000,0x000000967fb00000) (1024K)]
  0x0000020f6018e620 JavaThread "Start Level: Equinox Container: c6b1f2e8-ee47-4cd3-a6f5-2f8a53c80c79" daemon [_thread_blocked, id=7892, stack(0x000000967fb00000,0x000000967fc00000) (1024K)]
  0x0000020f60139ce0 JavaThread "Bundle File Closer"         daemon [_thread_blocked, id=1700, stack(0x000000967fe00000,0x000000967ff00000) (1024K)]
  0x0000020f601394d0 JavaThread "SCR Component Actor"        daemon [_thread_blocked, id=17512, stack(0x000000967ed00000,0x000000967ee00000) (1024K)]
  0x0000020f60876800 JavaThread "Worker-JM"                         [_thread_blocked, id=11968, stack(0x000000967ff00000,0x0000009680000000) (1024K)]
  0x0000020f5a400a70 JavaThread "JNA Cleaner"                daemon [_thread_blocked, id=7176, stack(0x0000009600000000,0x0000009600100000) (1024K)]
  0x0000020f5a4003e0 JavaThread "Worker-0: Building"                [_thread_in_native, id=5632, stack(0x0000009600100000,0x0000009600200000) (1024K)]
  0x0000020f5a3fe9a0 JavaThread "Worker-1: Java indexing... "        [_thread_blocked, id=8324, stack(0x0000009600200000,0x0000009600300000) (1024K)]
  0x0000020f5b6ad140 JavaThread "C2 CompilerThread1"         daemon [_thread_in_native, id=15984, stack(0x0000009600300000,0x0000009600400000) (1024K)]
  0x0000020f5a401100 JavaThread "Worker-2"                          [_thread_blocked, id=7684, stack(0x0000009600400000,0x0000009600500000) (1024K)]
  0x0000020f5a3fe310 JavaThread "Java indexing"              daemon [_thread_in_Java, id=13084, stack(0x0000009600500000,0x0000009600600000) (1024K)]
  0x0000020f5a3ffd50 JavaThread "Worker-3"                          [_thread_blocked, id=10456, stack(0x0000009600600000,0x0000009600700000) (1024K)]
  0x0000020f5a3ff030 JavaThread "Worker-4"                          [_thread_blocked, id=7832, stack(0x0000009600700000,0x0000009600800000) (1024K)]
  0x0000020f61de1d10 JavaThread "Worker-5"                          [_thread_blocked, id=5656, stack(0x0000009600b00000,0x0000009600c00000) (1024K)]
  0x0000020f61de0ff0 JavaThread "Thread-1"                   daemon [_thread_in_native, id=16796, stack(0x0000009600c00000,0x0000009600d00000) (1024K)]
  0x0000020f61de23a0 JavaThread "Thread-2"                   daemon [_thread_in_native, id=7960, stack(0x0000009600d00000,0x0000009600e00000) (1024K)]
  0x0000020f61de1680 JavaThread "Thread-3"                   daemon [_thread_in_native, id=18672, stack(0x0000009600e00000,0x0000009600f00000) (1024K)]
  0x0000020f61ddfc40 JavaThread "Thread-4"                   daemon [_thread_in_native, id=3148, stack(0x0000009600f00000,0x0000009601000000) (1024K)]
  0x0000020f61de02d0 JavaThread "Thread-5"                   daemon [_thread_in_native, id=18960, stack(0x0000009601000000,0x0000009601100000) (1024K)]
  0x0000020f61de2a30 JavaThread "Thread-6"                   daemon [_thread_in_native, id=2108, stack(0x0000009601100000,0x0000009601200000) (1024K)]
  0x0000020f61ddf5b0 JavaThread "Thread-7"                   daemon [_thread_in_native, id=7136, stack(0x0000009601200000,0x0000009601300000) (1024K)]
  0x0000020f61de0960 JavaThread "Thread-8"                   daemon [_thread_in_native, id=9684, stack(0x0000009601300000,0x0000009601400000) (1024K)]
  0x0000020f6152d580 JavaThread "Thread-9"                   daemon [_thread_in_native, id=13196, stack(0x0000009601400000,0x0000009601500000) (1024K)]
  0x0000020f6152dc10 JavaThread "Thread-10"                  daemon [_thread_in_native, id=10352, stack(0x0000009601500000,0x0000009601600000) (1024K)]
  0x0000020f6152cef0 JavaThread "Thread-11"                  daemon [_thread_in_native, id=10652, stack(0x0000009601600000,0x0000009601700000) (1024K)]
  0x0000020f6152e2a0 JavaThread "Thread-12"                  daemon [_thread_in_native, id=2588, stack(0x0000009601700000,0x0000009601800000) (1024K)]
  0x0000020f6152e930 JavaThread "Thread-13"                  daemon [_thread_in_native, id=3032, stack(0x0000009601800000,0x0000009601900000) (1024K)]
  0x0000020f6152efc0 JavaThread "pool-2-thread-1"                   [_thread_blocked, id=4544, stack(0x0000009601900000,0x0000009601a00000) (1024K)]
  0x0000020f6152f650 JavaThread "WorkspaceEventsHandler"            [_thread_blocked, id=7228, stack(0x0000009601a00000,0x0000009601b00000) (1024K)]
  0x0000020f6152fce0 JavaThread "pool-1-thread-1"                   [_thread_blocked, id=11468, stack(0x0000009601b00000,0x0000009601c00000) (1024K)]
  0x0000020f6152c860 JavaThread "LocalFile Deleter"          daemon [_thread_blocked, id=2200, stack(0x0000009601c00000,0x0000009601d00000) (1024K)]
  0x0000020f61531090 JavaThread "LocalFile Deleter"          daemon [_thread_blocked, id=19300, stack(0x0000009601d00000,0x0000009601e00000) (1024K)]
  0x0000020f61531db0 JavaThread "LocalFile Deleter"          daemon [_thread_blocked, id=19436, stack(0x0000009601e00000,0x0000009601f00000) (1024K)]
  0x0000020f61530370 JavaThread "LocalFile Deleter"          daemon [_thread_blocked, id=13492, stack(0x0000009601f00000,0x0000009602000000) (1024K)]
  0x0000020f61530a00 JavaThread "LocalFile Deleter"          daemon [_thread_blocked, id=6024, stack(0x0000009602000000,0x0000009602100000) (1024K)]
  0x0000020f61531720 JavaThread "Compiler Source File Reader" daemon [_thread_blocked, id=7636, stack(0x0000009602100000,0x0000009602200000) (1024K)]
  0x0000020f61533160 JavaThread "Compiler Processing Task"   daemon [_thread_blocked, id=6604, stack(0x0000009602200000,0x0000009602300000) (1024K)]
  0x0000020f615337f0 JavaThread "Compiler Class File Writer" daemon [_thread_blocked, id=11472, stack(0x0000009602300000,0x0000009602400000) (1024K)]
  0x0000020f61533e80 JavaThread "Compiler Source File Reader" daemon [_thread_blocked, id=5960, stack(0x0000009602400000,0x0000009602500000) (1024K)]
Total: 52

Other Threads:
  0x0000020f17de3470 VMThread "VM Thread"                           [id=17684, stack(0x000000967e400000,0x000000967e500000) (1024K)]
  0x0000020f17cdca00 WatcherThread "VM Periodic Task Thread"        [id=6384, stack(0x000000967e300000,0x000000967e400000) (1024K)]
  0x0000020f7fddb310 WorkerThread "GC Thread#0"                     [id=10644, stack(0x000000967e200000,0x000000967e300000) (1024K)]
  0x0000020f5ba6e5c0 WorkerThread "GC Thread#1"                     [id=13864, stack(0x000000967f100000,0x000000967f200000) (1024K)]
  0x0000020f602c4440 WorkerThread "GC Thread#2"                     [id=10004, stack(0x000000967f200000,0x000000967f300000) (1024K)]
  0x0000020f5ba71d10 WorkerThread "GC Thread#3"                     [id=3864, stack(0x000000967f300000,0x000000967f400000) (1024K)]
  0x0000020f5ba50af0 WorkerThread "GC Thread#4"                     [id=19568, stack(0x000000967f400000,0x000000967f500000) (1024K)]
  0x0000020f5ba50ea0 WorkerThread "GC Thread#5"                     [id=19220, stack(0x000000967f500000,0x000000967f600000) (1024K)]
  0x0000020f5baf5690 WorkerThread "GC Thread#6"                     [id=14604, stack(0x000000967f600000,0x000000967f700000) (1024K)]
  0x0000020f6020fac0 WorkerThread "GC Thread#7"                     [id=9188, stack(0x000000967f800000,0x000000967f900000) (1024K)]
  0x0000020f60210220 WorkerThread "GC Thread#8"                     [id=1248, stack(0x000000967fc00000,0x000000967fd00000) (1024K)]
  0x0000020f60210d30 WorkerThread "GC Thread#9"                     [id=8852, stack(0x000000967fd00000,0x000000967fe00000) (1024K)]
Total: 12

Threads with active compile tasks:
C2 CompilerThread0  16485 8049 %     4       org.eclipse.jdt.internal.core.search.indexing.BinaryIndexer::extractReferenceFromConstantPool @ 155 (358 bytes)
C2 CompilerThread1  16485 8182       4       org.eclipse.jdt.core.compiler.CharOperation::concatWith (127 bytes)
Total: 2

VM state: not at safepoint (normal execution)

VM Mutex/Monitor currently owned by a thread: None

Heap address: 0x0000000080000000, size: 2048 MB, Compressed Oops mode: 32-bit

CDS archive(s) mapped at: [0x0000020f18000000-0x0000020f18ba0000-0x0000020f18ba0000), size 12189696, SharedBaseAddress: 0x0000020f18000000, ArchiveRelocationMode: 1.
Compressed class space mapped at: 0x0000020f19000000-0x0000020f59000000, reserved size: 1073741824
Narrow klass base: 0x0000020f18000000, Narrow klass shift: 0, Narrow klass range: 0x100000000

GC Precious Log:
 CardTable entry size: 512
 CPUs: 12 total, 12 available
 Memory: 5978M
 Large Page Support: Disabled
 NUMA Support: Disabled
 Compressed Oops: Enabled (32-bit)
 Alignments: Space 512K, Generation 512K, Heap 2M
 Heap Min Capacity: 100M
 Heap Initial Capacity: 100M
 Heap Max Capacity: 2G
 Pre-touch: Disabled
 Parallel Workers: 10

Heap:
 PSYoungGen      total 23040K, used 7955K [0x00000000d5580000, 0x00000000d7f00000, 0x0000000100000000)
  eden space 17920K, 15% used [0x00000000d5580000,0x00000000d584b870,0x00000000d6700000)
  from space 5120K, 99% used [0x00000000d7200000,0x00000000d76f9518,0x00000000d7700000)
  to   space 11264K, 0% used [0x00000000d6700000,0x00000000d6700000,0x00000000d7200000)
 ParOldGen       total 93184K, used 92953K [0x0000000080000000, 0x0000000085b00000, 0x00000000d5580000)
  object space 93184K, 99% used [0x0000000080000000,0x0000000085ac6410,0x0000000085b00000)
 Metaspace       used 54361K, committed 55744K, reserved 1114112K
  class space    used 5929K, committed 6528K, reserved 1048576K

Card table byte_map: [0x0000020f7f760000,0x0000020f7fb70000] _byte_map_base: 0x0000020f7f360000

Marking Bits: (ParMarkBitMap*) 0x00007fff5d774460
 Begin Bits: [0x0000020f13800000, 0x0000020f15800000)
 End Bits:   [0x0000020f15800000, 0x0000020f17800000)

Polling page: 0x0000020f7f280000

Metaspace:

Usage:
  Non-class:     47.30 MB used.
      Class:      5.79 MB used.
       Both:     53.09 MB used.

Virtual space:
  Non-class space:       64.00 MB reserved,      48.06 MB ( 75%) committed,  1 nodes.
      Class space:        1.00 GB reserved,       6.38 MB ( <1%) committed,  1 nodes.
             Both:        1.06 GB reserved,      54.44 MB (  5%) committed. 

Chunk freelists:
   Non-Class:  15.91 MB
       Class:  9.50 MB
        Both:  25.40 MB

MaxMetaspaceSize: unlimited
CompressedClassSpaceSize: 1.00 GB
Initial GC threshold: 21.00 MB
Current GC threshold: 58.38 MB
CDS: on
 - commit_granule_bytes: 65536.
 - commit_granule_words: 8192.
 - virtual_space_node_default_size: 8388608.
 - enlarge_chunks_in_place: 1.
 - use_allocation_guard: 0.


Internal statistics:

num_allocs_failed_limit: 6.
num_arena_births: 1076.
num_arena_deaths: 14.
num_vsnodes_births: 2.
num_vsnodes_deaths: 0.
num_space_committed: 871.
num_space_uncommitted: 0.
num_chunks_returned_to_freelist: 20.
num_chunks_taken_from_freelist: 3763.
num_chunk_merges: 7.
num_chunk_splits: 2214.
num_chunks_enlarged: 1060.
num_inconsistent_stats: 0.

CodeHeap 'non-profiled nmethods': size=120000Kb used=3081Kb max_used=3081Kb free=116919Kb
 bounds [0x0000020f0c020000, 0x0000020f0c330000, 0x0000020f13550000]
CodeHeap 'profiled nmethods': size=120000Kb used=15501Kb max_used=15501Kb free=104498Kb
 bounds [0x0000020f04550000, 0x0000020f05480000, 0x0000020f0ba80000]
CodeHeap 'non-nmethods': size=5760Kb used=1411Kb max_used=1456Kb free=4348Kb
 bounds [0x0000020f0ba80000, 0x0000020f0bcf0000, 0x0000020f0c020000]
CodeCache: size=245760Kb, used=19993Kb, max_used=20038Kb, free=225765Kb
 total_blobs=8173, nmethods=7452, adapters=627, full_count=0
Compilation: enabled, stopped_count=0, restarted_count=0

Compilation events (20 events):
Event: 13.333 Thread 0x0000020f5a351f80 nmethod 8174 0x0000020f05467610 code [0x0000020f054677e0, 0x0000020f05467b48]
Event: 13.333 Thread 0x0000020f5a351f80 8175       2       java.util.TreeMap::keyIterator (13 bytes)
Event: 13.334 Thread 0x0000020f5a351f80 nmethod 8175 0x0000020f05467d10 code [0x0000020f05467ec0, 0x0000020f054680e0]
Event: 13.345 Thread 0x0000020f5a351f80 8176       2       java.nio.file.Path::of (9 bytes)
Event: 13.346 Thread 0x0000020f5a351f80 nmethod 8176 0x0000020f05468210 code [0x0000020f054683c0, 0x0000020f05468538]
Event: 13.352 Thread 0x0000020f5b6ad140 nmethod 8136 0x0000020f0c319b90 code [0x0000020f0c319de0, 0x0000020f0c31b088]
Event: 13.352 Thread 0x0000020f5b6ad140 8164       4       java.net.URI::quote (214 bytes)
Event: 13.368 Thread 0x0000020f5a351f80 8178       3       org.eclipse.jdt.core.Signature::checkNextChar (42 bytes)
Event: 13.370 Thread 0x0000020f5a351f80 nmethod 8178 0x0000020f05468690 code [0x0000020f054688e0, 0x0000020f05469190]
Event: 14.424 Thread 0x0000020f5a351f80 8181       3       java.util.zip.ZipFile$Source::initCEN (612 bytes)
Event: 14.427 Thread 0x0000020f5a351f80 nmethod 8181 0x0000020f05469510 code [0x0000020f05469a60, 0x0000020f0546cb40]
Event: 14.428 Thread 0x0000020f5a351f80 8183       2       java.util.TreeSet::add (22 bytes)
Event: 14.428 Thread 0x0000020f5a351f80 nmethod 8183 0x0000020f0546df10 code [0x0000020f0546e0c0, 0x0000020f0546e210]
Event: 14.428 Thread 0x0000020f5a351f80 8184       2       java.lang.Integer::compareTo (9 bytes)
Event: 14.428 Thread 0x0000020f5a351f80 nmethod 8184 0x0000020f0546e290 code [0x0000020f0546e440, 0x0000020f0546e5d8]
Event: 14.429 Thread 0x0000020f5a351f80 8185       3       java.util.TreeSet::add (22 bytes)
Event: 14.429 Thread 0x0000020f5a351f80 nmethod 8185 0x0000020f0546e690 code [0x0000020f0546e840, 0x0000020f0546ea78]
Event: 14.429 Thread 0x0000020f5a351f80 8186       3       java.lang.Integer::compareTo (9 bytes)
Event: 14.429 Thread 0x0000020f5a351f80 nmethod 8186 0x0000020f0546eb10 code [0x0000020f0546ece0, 0x0000020f0546f080]
Event: 14.861 Thread 0x0000020f5a351f80 8187       2       org.eclipse.core.internal.dtree.DeltaDataTree::getData (135 bytes)

GC Heap History (20 events):
Event: 11.677 GC heap before
{Heap before GC invocations=34 (full 2):
 PSYoungGen      total 22016K, used 21914K [0x00000000d5580000, 0x00000000d7180000, 0x0000000100000000)
  eden space 18432K, 99% used [0x00000000d5580000,0x00000000d677afd0,0x00000000d6780000)
  from space 3584K, 97% used [0x00000000d6780000,0x00000000d6aeb968,0x00000000d6b00000)
  to   space 5120K, 0% used [0x00000000d6c80000,0x00000000d6c80000,0x00000000d7180000)
 ParOldGen       total 68608K, used 55140K [0x0000000080000000, 0x0000000084300000, 0x00000000d5580000)
  object space 68608K, 80% used [0x0000000080000000,0x00000000835d9310,0x0000000084300000)
 Metaspace       used 50715K, committed 52032K, reserved 1114112K
  class space    used 5520K, committed 6080K, reserved 1048576K
}
Event: 11.683 GC heap after
{Heap after GC invocations=34 (full 2):
 PSYoungGen      total 22016K, used 3192K [0x00000000d5580000, 0x00000000d7000000, 0x0000000100000000)
  eden space 18432K, 0% used [0x00000000d5580000,0x00000000d5580000,0x00000000d6780000)
  from space 3584K, 89% used [0x00000000d6c80000,0x00000000d6f9e3d8,0x00000000d7000000)
  to   space 3584K, 0% used [0x00000000d6780000,0x00000000d6780000,0x00000000d6b00000)
 ParOldGen       total 68608K, used 58397K [0x0000000080000000, 0x0000000084300000, 0x00000000d5580000)
  object space 68608K, 85% used [0x0000000080000000,0x0000000083907588,0x0000000084300000)
 Metaspace       used 50715K, committed 52032K, reserved 1114112K
  class space    used 5520K, committed 6080K, reserved 1048576K
}
Event: 11.774 GC heap before
{Heap before GC invocations=35 (full 2):
 PSYoungGen      total 22016K, used 21624K [0x00000000d5580000, 0x00000000d7000000, 0x0000000100000000)
  eden space 18432K, 100% used [0x00000000d5580000,0x00000000d6780000,0x00000000d6780000)
  from space 3584K, 89% used [0x00000000d6c80000,0x00000000d6f9e3d8,0x00000000d7000000)
  to   space 3584K, 0% used [0x00000000d6780000,0x00000000d6780000,0x00000000d6b00000)
 ParOldGen       total 68608K, used 58397K [0x0000000080000000, 0x0000000084300000, 0x00000000d5580000)
  object space 68608K, 85% used [0x0000000080000000,0x0000000083907588,0x0000000084300000)
 Metaspace       used 51100K, committed 52416K, reserved 1114112K
  class space    used 5568K, committed 6144K, reserved 1048576K
}
Event: 11.780 GC heap after
{Heap after GC invocations=35 (full 2):
 PSYoungGen      total 22016K, used 3015K [0x00000000d5580000, 0x00000000d6e80000, 0x0000000100000000)
  eden space 18432K, 0% used [0x00000000d5580000,0x00000000d5580000,0x00000000d6780000)
  from space 3584K, 84% used [0x00000000d6780000,0x00000000d6a71db0,0x00000000d6b00000)
  to   space 3584K, 0% used [0x00000000d6b00000,0x00000000d6b00000,0x00000000d6e80000)
 ParOldGen       total 68608K, used 61375K [0x0000000080000000, 0x0000000084300000, 0x00000000d5580000)
  object space 68608K, 89% used [0x0000000080000000,0x0000000083befd38,0x0000000084300000)
 Metaspace       used 51100K, committed 52416K, reserved 1114112K
  class space    used 5568K, committed 6144K, reserved 1048576K
}
Event: 11.885 GC heap before
{Heap before GC invocations=36 (full 2):
 PSYoungGen      total 22016K, used 21447K [0x00000000d5580000, 0x00000000d6e80000, 0x0000000100000000)
  eden space 18432K, 100% used [0x00000000d5580000,0x00000000d6780000,0x00000000d6780000)
  from space 3584K, 84% used [0x00000000d6780000,0x00000000d6a71db0,0x00000000d6b00000)
  to   space 3584K, 0% used [0x00000000d6b00000,0x00000000d6b00000,0x00000000d6e80000)
 ParOldGen       total 68608K, used 61375K [0x0000000080000000, 0x0000000084300000, 0x00000000d5580000)
  object space 68608K, 89% used [0x0000000080000000,0x0000000083befd38,0x0000000084300000)
 Metaspace       used 51766K, committed 53056K, reserved 1114112K
  class space    used 5642K, committed 6208K, reserved 1048576K
}
Event: 11.890 GC heap after
{Heap after GC invocations=36 (full 2):
 PSYoungGen      total 21504K, used 2831K [0x00000000d5580000, 0x00000000d6e00000, 0x0000000100000000)
  eden space 18432K, 0% used [0x00000000d5580000,0x00000000d5580000,0x00000000d6780000)
  from space 3072K, 92% used [0x00000000d6b00000,0x00000000d6dc3fb8,0x00000000d6e00000)
  to   space 3072K, 0% used [0x00000000d6800000,0x00000000d6800000,0x00000000d6b00000)
 ParOldGen       total 68608K, used 64069K [0x0000000080000000, 0x0000000084300000, 0x00000000d5580000)
  object space 68608K, 93% used [0x0000000080000000,0x0000000083e91440,0x0000000084300000)
 Metaspace       used 51766K, committed 53056K, reserved 1114112K
  class space    used 5642K, committed 6208K, reserved 1048576K
}
Event: 11.994 GC heap before
{Heap before GC invocations=37 (full 2):
 PSYoungGen      total 21504K, used 21241K [0x00000000d5580000, 0x00000000d6e00000, 0x0000000100000000)
  eden space 18432K, 99% used [0x00000000d5580000,0x00000000d677a5c0,0x00000000d6780000)
  from space 3072K, 92% used [0x00000000d6b00000,0x00000000d6dc3fb8,0x00000000d6e00000)
  to   space 3072K, 0% used [0x00000000d6800000,0x00000000d6800000,0x00000000d6b00000)
 ParOldGen       total 68608K, used 64069K [0x0000000080000000, 0x0000000084300000, 0x00000000d5580000)
  object space 68608K, 93% used [0x0000000080000000,0x0000000083e91440,0x0000000084300000)
 Metaspace       used 52228K, committed 53568K, reserved 1114112K
  class space    used 5700K, committed 6272K, reserved 1048576K
}
Event: 12.000 GC heap after
{Heap after GC invocations=37 (full 2):
 PSYoungGen      total 21504K, used 3058K [0x00000000d5580000, 0x00000000d7480000, 0x0000000100000000)
  eden space 18432K, 0% used [0x00000000d5580000,0x00000000d5580000,0x00000000d6780000)
  from space 3072K, 99% used [0x00000000d6800000,0x00000000d6afc818,0x00000000d6b00000)
  to   space 6656K, 0% used [0x00000000d6e00000,0x00000000d6e00000,0x00000000d7480000)
 ParOldGen       total 68608K, used 66713K [0x0000000080000000, 0x0000000084300000, 0x00000000d5580000)
  object space 68608K, 97% used [0x0000000080000000,0x00000000841264b8,0x0000000084300000)
 Metaspace       used 52228K, committed 53568K, reserved 1114112K
  class space    used 5700K, committed 6272K, reserved 1048576K
}
Event: 12.168 GC heap before
{Heap before GC invocations=38 (full 2):
 PSYoungGen      total 21504K, used 21490K [0x00000000d5580000, 0x00000000d7480000, 0x0000000100000000)
  eden space 18432K, 100% used [0x00000000d5580000,0x00000000d6780000,0x00000000d6780000)
  from space 3072K, 99% used [0x00000000d6800000,0x00000000d6afc818,0x00000000d6b00000)
  to   space 6656K, 0% used [0x00000000d6e00000,0x00000000d6e00000,0x00000000d7480000)
 ParOldGen       total 68608K, used 66713K [0x0000000080000000, 0x0000000084300000, 0x00000000d5580000)
  object space 68608K, 97% used [0x0000000080000000,0x00000000841264b8,0x0000000084300000)
 Metaspace       used 52929K, committed 54208K, reserved 1114112K
  class space    used 5759K, committed 6336K, reserved 1048576K
}
Event: 12.176 GC heap after
{Heap after GC invocations=38 (full 2):
 PSYoungGen      total 22016K, used 3238K [0x00000000d5580000, 0x00000000d7180000, 0x0000000100000000)
  eden space 18432K, 0% used [0x00000000d5580000,0x00000000d5580000,0x00000000d6780000)
  from space 3584K, 90% used [0x00000000d6e00000,0x00000000d7129b30,0x00000000d7180000)
  to   space 4608K, 0% used [0x00000000d6880000,0x00000000d6880000,0x00000000d6d00000)
 ParOldGen       total 70144K, used 69705K [0x0000000080000000, 0x0000000084480000, 0x00000000d5580000)
  object space 70144K, 99% used [0x0000000080000000,0x0000000084412438,0x0000000084480000)
 Metaspace       used 52929K, committed 54208K, reserved 1114112K
  class space    used 5759K, committed 6336K, reserved 1048576K
}
Event: 12.320 GC heap before
{Heap before GC invocations=39 (full 2):
 PSYoungGen      total 22016K, used 21670K [0x00000000d5580000, 0x00000000d7180000, 0x0000000100000000)
  eden space 18432K, 100% used [0x00000000d5580000,0x00000000d6780000,0x00000000d6780000)
  from space 3584K, 90% used [0x00000000d6e00000,0x00000000d7129b30,0x00000000d7180000)
  to   space 4608K, 0% used [0x00000000d6880000,0x00000000d6880000,0x00000000d6d00000)
 ParOldGen       total 70144K, used 69705K [0x0000000080000000, 0x0000000084480000, 0x00000000d5580000)
  object space 70144K, 99% used [0x0000000080000000,0x0000000084412438,0x0000000084480000)
 Metaspace       used 53029K, committed 54272K, reserved 1114112K
  class space    used 5776K, committed 6336K, reserved 1048576K
}
Event: 12.326 GC heap after
{Heap after GC invocations=39 (full 2):
 PSYoungGen      total 23040K, used 4466K [0x00000000d5580000, 0x00000000d7180000, 0x0000000100000000)
  eden space 18432K, 0% used [0x00000000d5580000,0x00000000d5580000,0x00000000d6780000)
  from space 4608K, 96% used [0x00000000d6880000,0x00000000d6cdc828,0x00000000d6d00000)
  to   space 4608K, 0% used [0x00000000d6d00000,0x00000000d6d00000,0x00000000d7180000)
 ParOldGen       total 73216K, used 72727K [0x0000000080000000, 0x0000000084780000, 0x00000000d5580000)
  object space 73216K, 99% used [0x0000000080000000,0x0000000084705ee0,0x0000000084780000)
 Metaspace       used 53029K, committed 54272K, reserved 1114112K
  class space    used 5776K, committed 6336K, reserved 1048576K
}
Event: 12.444 GC heap before
{Heap before GC invocations=40 (full 2):
 PSYoungGen      total 23040K, used 22489K [0x00000000d5580000, 0x00000000d7180000, 0x0000000100000000)
  eden space 18432K, 97% used [0x00000000d5580000,0x00000000d6719d88,0x00000000d6780000)
  from space 4608K, 96% used [0x00000000d6880000,0x00000000d6cdc828,0x00000000d6d00000)
  to   space 4608K, 0% used [0x00000000d6d00000,0x00000000d6d00000,0x00000000d7180000)
 ParOldGen       total 73216K, used 72727K [0x0000000080000000, 0x0000000084780000, 0x00000000d5580000)
  object space 73216K, 99% used [0x0000000080000000,0x0000000084705ee0,0x0000000084780000)
 Metaspace       used 53419K, committed 54784K, reserved 1114112K
  class space    used 5825K, committed 6400K, reserved 1048576K
}
Event: 12.450 GC heap after
{Heap after GC invocations=40 (full 2):
 PSYoungGen      total 22016K, used 3550K [0x00000000d5580000, 0x00000000d7080000, 0x0000000100000000)
  eden space 18432K, 0% used [0x00000000d5580000,0x00000000d5580000,0x00000000d6780000)
  from space 3584K, 99% used [0x00000000d6d00000,0x00000000d7077960,0x00000000d7080000)
  to   space 4096K, 0% used [0x00000000d6880000,0x00000000d6880000,0x00000000d6c80000)
 ParOldGen       total 77312K, used 76997K [0x0000000080000000, 0x0000000084b80000, 0x00000000d5580000)
  object space 77312K, 99% used [0x0000000080000000,0x0000000084b316c8,0x0000000084b80000)
 Metaspace       used 53419K, committed 54784K, reserved 1114112K
  class space    used 5825K, committed 6400K, reserved 1048576K
}
Event: 12.586 GC heap before
{Heap before GC invocations=41 (full 2):
 PSYoungGen      total 22016K, used 21982K [0x00000000d5580000, 0x00000000d7080000, 0x0000000100000000)
  eden space 18432K, 100% used [0x00000000d5580000,0x00000000d6780000,0x00000000d6780000)
  from space 3584K, 99% used [0x00000000d6d00000,0x00000000d7077960,0x00000000d7080000)
  to   space 4096K, 0% used [0x00000000d6880000,0x00000000d6880000,0x00000000d6c80000)
 ParOldGen       total 77312K, used 76997K [0x0000000080000000, 0x0000000084b80000, 0x00000000d5580000)
  object space 77312K, 99% used [0x0000000080000000,0x0000000084b316c8,0x0000000084b80000)
 Metaspace       used 53831K, committed 55168K, reserved 1114112K
  class space    used 5862K, committed 6464K, reserved 1048576K
}
Event: 13.122 GC heap after
{Heap after GC invocations=41 (full 2):
 PSYoungGen      total 22528K, used 4095K [0x00000000d5580000, 0x00000000d7880000, 0x0000000100000000)
  eden space 18432K, 0% used [0x00000000d5580000,0x00000000d5580000,0x00000000d6780000)
  from space 4096K, 99% used [0x00000000d6880000,0x00000000d6c7fd98,0x00000000d6c80000)
  to   space 8704K, 0% used [0x00000000d7000000,0x00000000d7000000,0x00000000d7880000)
 ParOldGen       total 80896K, used 80573K [0x0000000080000000, 0x0000000084f00000, 0x00000000d5580000)
  object space 80896K, 99% used [0x0000000080000000,0x0000000084eaf4a8,0x0000000084f00000)
 Metaspace       used 53831K, committed 55168K, reserved 1114112K
  class space    used 5862K, committed 6464K, reserved 1048576K
}
Event: 13.223 GC heap before
{Heap before GC invocations=42 (full 2):
 PSYoungGen      total 22528K, used 22527K [0x00000000d5580000, 0x00000000d7880000, 0x0000000100000000)
  eden space 18432K, 100% used [0x00000000d5580000,0x00000000d6780000,0x00000000d6780000)
  from space 4096K, 99% used [0x00000000d6880000,0x00000000d6c7fd98,0x00000000d6c80000)
  to   space 8704K, 0% used [0x00000000d7000000,0x00000000d7000000,0x00000000d7880000)
 ParOldGen       total 80896K, used 80573K [0x0000000080000000, 0x0000000084f00000, 0x00000000d5580000)
  object space 80896K, 99% used [0x0000000080000000,0x0000000084eaf4a8,0x0000000084f00000)
 Metaspace       used 54113K, committed 55424K, reserved 1114112K
  class space    used 5890K, committed 6464K, reserved 1048576K
}
Event: 13.228 GC heap after
{Heap after GC invocations=42 (full 2):
 PSYoungGen      total 22528K, used 4005K [0x00000000d5580000, 0x00000000d7400000, 0x0000000100000000)
  eden space 18432K, 0% used [0x00000000d5580000,0x00000000d5580000,0x00000000d6780000)
  from space 4096K, 97% used [0x00000000d7000000,0x00000000d73e9408,0x00000000d7400000)
  to   space 5632K, 0% used [0x00000000d6900000,0x00000000d6900000,0x00000000d6e80000)
 ParOldGen       total 84480K, used 84390K [0x0000000080000000, 0x0000000085280000, 0x00000000d5580000)
  object space 84480K, 99% used [0x0000000080000000,0x0000000085269930,0x0000000085280000)
 Metaspace       used 54113K, committed 55424K, reserved 1114112K
  class space    used 5890K, committed 6464K, reserved 1048576K
}
Event: 13.380 GC heap before
{Heap before GC invocations=43 (full 2):
 PSYoungGen      total 22528K, used 22437K [0x00000000d5580000, 0x00000000d7400000, 0x0000000100000000)
  eden space 18432K, 100% used [0x00000000d5580000,0x00000000d6780000,0x00000000d6780000)
  from space 4096K, 97% used [0x00000000d7000000,0x00000000d73e9408,0x00000000d7400000)
  to   space 5632K, 0% used [0x00000000d6900000,0x00000000d6900000,0x00000000d6e80000)
 ParOldGen       total 84480K, used 84390K [0x0000000080000000, 0x0000000085280000, 0x00000000d5580000)
  object space 84480K, 99% used [0x0000000080000000,0x0000000085269930,0x0000000085280000)
 Metaspace       used 54357K, committed 55744K, reserved 1114112K
  class space    used 5929K, committed 6528K, reserved 1048576K
}
Event: 14.393 GC heap after
{Heap after GC invocations=43 (full 2):
 PSYoungGen      total 25600K, used 4815K [0x00000000d5580000, 0x00000000d7700000, 0x0000000100000000)
  eden space 19968K, 0% used [0x00000000d5580000,0x00000000d5580000,0x00000000d6900000)
  from space 5632K, 85% used [0x00000000d6900000,0x00000000d6db3c98,0x00000000d6e80000)
  to   space 5120K, 0% used [0x00000000d7200000,0x00000000d7200000,0x00000000d7700000)
 ParOldGen       total 88576K, used 88154K [0x0000000080000000, 0x0000000085680000, 0x00000000d5580000)
  object space 88576K, 99% used [0x0000000080000000,0x0000000085616940,0x0000000085680000)
 Metaspace       used 54357K, committed 55744K, reserved 1114112K
  class space    used 5929K, committed 6528K, reserved 1048576K
}

Dll operation events (12 events):
Event: 0.018 Loaded shared library c:\Users\muhad\.vscode\extensions\redhat.java-1.55.0-win32-x64\jre\21.0.11-win32-x86_64\bin\java.dll
Event: 0.138 Loaded shared library c:\Users\muhad\.vscode\extensions\redhat.java-1.55.0-win32-x64\jre\21.0.11-win32-x86_64\bin\zip.dll
Event: 0.193 Loaded shared library C:\Users\muhad\.vscode\extensions\redhat.java-1.55.0-win32-x64\jre\21.0.11-win32-x86_64\bin\instrument.dll
Event: 0.209 Loaded shared library C:\Users\muhad\.vscode\extensions\redhat.java-1.55.0-win32-x64\jre\21.0.11-win32-x86_64\bin\net.dll
Event: 0.216 Loaded shared library C:\Users\muhad\.vscode\extensions\redhat.java-1.55.0-win32-x64\jre\21.0.11-win32-x86_64\bin\nio.dll
Event: 0.226 Loaded shared library C:\Users\muhad\.vscode\extensions\redhat.java-1.55.0-win32-x64\jre\21.0.11-win32-x86_64\bin\zip.dll
Event: 0.266 Loaded shared library C:\Users\muhad\.vscode\extensions\redhat.java-1.55.0-win32-x64\jre\21.0.11-win32-x86_64\bin\jimage.dll
Event: 0.363 Loaded shared library c:\Users\muhad\.vscode\extensions\redhat.java-1.55.0-win32-x64\jre\21.0.11-win32-x86_64\bin\verify.dll
Event: 1.863 Loaded shared library C:\Users\muhad\AppData\Roaming\Code\User\globalStorage\redhat.java\1.55.0\config_win\org.eclipse.equinox.launcher\org.eclipse.equinox.launcher.win32.win32.x86_64_1.3.100.v20260613-0559\eclipse_11924.dll
Event: 6.019 Loaded shared library C:\Users\muhad\AppData\Local\Temp\jna-104252387\jna1898995157114847230.dll
Event: 8.491 Loaded shared library C:\Users\muhad\.vscode\extensions\redhat.java-1.55.0-win32-x64\jre\21.0.11-win32-x86_64\bin\management.dll
Event: 8.496 Loaded shared library C:\Users\muhad\.vscode\extensions\redhat.java-1.55.0-win32-x64\jre\21.0.11-win32-x86_64\bin\management_ext.dll

Deoptimization events (20 events):
Event: 13.324 Thread 0x0000020f5a3fe310 DEOPT PACKING pc=0x0000020f051b1bf8 sp=0x00000096005fe780
Event: 13.324 Thread 0x0000020f5a3fe310 DEOPT UNPACKING pc=0x0000020f0bad4242 sp=0x00000096005fdce8 mode 0
Event: 13.345 Thread 0x0000020f5a3fe310 DEOPT PACKING pc=0x0000020f0478197b sp=0x00000096005fe3e0
Event: 13.345 Thread 0x0000020f5a3fe310 DEOPT UNPACKING pc=0x0000020f0bad4242 sp=0x00000096005fd918 mode 0
Event: 13.351 Thread 0x0000020f5a4003e0 DEOPT PACKING pc=0x0000020f04922a59 sp=0x00000096001fdcd0
Event: 13.351 Thread 0x0000020f5a4003e0 DEOPT UNPACKING pc=0x0000020f0bad4242 sp=0x00000096001fd158 mode 0
Event: 14.400 Thread 0x0000020f5a4003e0 DEOPT PACKING pc=0x0000020f0504fa46 sp=0x00000096001fdbf0
Event: 14.400 Thread 0x0000020f5a4003e0 DEOPT UNPACKING pc=0x0000020f0bad4242 sp=0x00000096001fd170 mode 0
Event: 14.400 Thread 0x0000020f5a3fe310 DEOPT PACKING pc=0x0000020f0478197b sp=0x00000096005fe3e0
Event: 14.400 Thread 0x0000020f5a3fe310 DEOPT UNPACKING pc=0x0000020f0bad4242 sp=0x00000096005fd918 mode 0
Event: 14.414 Thread 0x0000020f5a3fe310 DEOPT PACKING pc=0x0000020f0478197b sp=0x00000096005fe3e0
Event: 14.414 Thread 0x0000020f5a3fe310 DEOPT UNPACKING pc=0x0000020f0bad4242 sp=0x00000096005fd918 mode 0
Event: 14.424 Thread 0x0000020f5a4003e0 DEOPT PACKING pc=0x0000020f05353352 sp=0x00000096001fdd10
Event: 14.424 Thread 0x0000020f5a4003e0 DEOPT UNPACKING pc=0x0000020f0bad4242 sp=0x00000096001fd280 mode 0
Event: 14.424 Thread 0x0000020f5a3fe310 DEOPT PACKING pc=0x0000020f0478197b sp=0x00000096005fe3e0
Event: 14.424 Thread 0x0000020f5a3fe310 DEOPT UNPACKING pc=0x0000020f0bad4242 sp=0x00000096005fd918 mode 0
Event: 15.435 Thread 0x0000020f5a3fe310 DEOPT PACKING pc=0x0000020f0478197b sp=0x00000096005fe3e0
Event: 15.435 Thread 0x0000020f5a4003e0 DEOPT PACKING pc=0x0000020f04922a59 sp=0x00000096001fdcd0
Event: 15.435 Thread 0x0000020f5a3fe310 DEOPT UNPACKING pc=0x0000020f0bad4242 sp=0x00000096005fd918 mode 0
Event: 15.435 Thread 0x0000020f5a4003e0 DEOPT UNPACKING pc=0x0000020f0bad4242 sp=0x00000096001fd158 mode 0

Classes loaded (20 events):
Event: 12.367 Loading class java/util/stream/ReduceOps$4
Event: 12.368 Loading class java/util/stream/ReduceOps$4 done
Event: 12.368 Loading class java/util/stream/ReduceOps$4ReducingSink
Event: 12.368 Loading class java/util/stream/ReduceOps$4ReducingSink done
Event: 12.370 Loading class java/nio/file/Files$2
Event: 12.370 Loading class java/nio/file/Files$2 done
Event: 12.455 Loading class java/util/stream/DistinctOps
Event: 12.455 Loading class java/util/stream/DistinctOps done
Event: 12.455 Loading class java/util/stream/DistinctOps$1
Event: 12.456 Loading class java/util/stream/DistinctOps$1 done
Event: 12.457 Loading class java/util/stream/DistinctOps$1$2
Event: 12.457 Loading class java/util/stream/DistinctOps$1$2 done
Event: 12.506 Loading class java/util/concurrent/ArrayBlockingQueue
Event: 12.507 Loading class java/util/concurrent/ArrayBlockingQueue done
Event: 13.275 Loading class java/util/Hashtable$ValueCollection
Event: 13.275 Loading class java/util/Hashtable$ValueCollection done
Event: 13.281 Loading class java/util/concurrent/ConcurrentHashMap$KeySpliterator
Event: 13.281 Loading class java/util/concurrent/ConcurrentHashMap$KeySpliterator done
Event: 13.294 Loading class sun/nio/ch/ChannelOutputStream
Event: 13.295 Loading class sun/nio/ch/ChannelOutputStream done

Classes unloaded (7 events):
Event: 7.022 Thread 0x0000020f17de3470 Unloading class 0x0000020f191ac800 'java/lang/invoke/LambdaForm$MH+0x0000020f191ac800'
Event: 7.022 Thread 0x0000020f17de3470 Unloading class 0x0000020f191ac400 'java/lang/invoke/LambdaForm$MH+0x0000020f191ac400'
Event: 7.022 Thread 0x0000020f17de3470 Unloading class 0x0000020f191ac000 'java/lang/invoke/LambdaForm$MH+0x0000020f191ac000'
Event: 7.022 Thread 0x0000020f17de3470 Unloading class 0x0000020f191abc00 'java/lang/invoke/LambdaForm$MH+0x0000020f191abc00'
Event: 7.022 Thread 0x0000020f17de3470 Unloading class 0x0000020f191ab800 'java/lang/invoke/LambdaForm$BMH+0x0000020f191ab800'
Event: 7.022 Thread 0x0000020f17de3470 Unloading class 0x0000020f191ab400 'java/lang/invoke/LambdaForm$DMH+0x0000020f191ab400'
Event: 7.022 Thread 0x0000020f17de3470 Unloading class 0x0000020f191aa000 'java/lang/invoke/LambdaForm$DMH+0x0000020f191aa000'

Classes redefined (0 events):
No events

Internal exceptions (20 events):
Event: 12.318 Thread 0x0000020f5a3ff030 Exception <a 'sun/nio/fs/WindowsException'{0x00000000d66f7798}> (0x00000000d66f7798) 
thrown [s\src\hotspot\share\prims\jni.cpp, line 520]
Event: 12.318 Thread 0x0000020f5a3ff030 Exception <a 'sun/nio/fs/WindowsException'{0x00000000d6735358}> (0x00000000d6735358) 
thrown [s\src\hotspot\share\prims\jni.cpp, line 520]
Event: 12.329 Thread 0x0000020f5a3ff030 Exception <a 'sun/nio/fs/WindowsException'{0x00000000d55dc748}> (0x00000000d55dc748) 
thrown [s\src\hotspot\share\prims\jni.cpp, line 520]
Event: 12.329 Thread 0x0000020f5a3ff030 Exception <a 'sun/nio/fs/WindowsException'{0x00000000d55dd028}> (0x00000000d55dd028) 
thrown [s\src\hotspot\share\prims\jni.cpp, line 520]
Event: 12.332 Thread 0x0000020f5a3ff030 Exception <a 'sun/nio/fs/WindowsException'{0x00000000d5637168}> (0x00000000d5637168) 
thrown [s\src\hotspot\share\prims\jni.cpp, line 520]
Event: 12.332 Thread 0x0000020f5a3ff030 Exception <a 'sun/nio/fs/WindowsException'{0x00000000d5675130}> (0x00000000d5675130) 
thrown [s\src\hotspot\share\prims\jni.cpp, line 520]
Event: 12.334 Thread 0x0000020f5a3ff030 Exception <a 'sun/nio/fs/WindowsException'{0x00000000d56d28a8}> (0x00000000d56d28a8) 
thrown [s\src\hotspot\share\prims\jni.cpp, line 520]
Event: 12.334 Thread 0x0000020f5a3ff030 Exception <a 'sun/nio/fs/WindowsException'{0x00000000d56d3188}> (0x00000000d56d3188) 
thrown [s\src\hotspot\share\prims\jni.cpp, line 520]
Event: 12.337 Thread 0x0000020f5a3ff030 Exception <a 'sun/nio/fs/WindowsException'{0x00000000d5735478}> (0x00000000d5735478) 
thrown [s\src\hotspot\share\prims\jni.cpp, line 520]
Event: 12.337 Thread 0x0000020f5a3ff030 Exception <a 'sun/nio/fs/WindowsException'{0x00000000d5786aa8}> (0x00000000d5786aa8) 
thrown [s\src\hotspot\share\prims\jni.cpp, line 520]
Event: 12.345 Thread 0x0000020f5a3ff030 Exception <a 'java/io/FileNotFoundException'{0x00000000d589f980}> (0x00000000d589f980) 
thrown [s\src\hotspot\share\prims\jni.cpp, line 520]
Event: 12.346 Thread 0x0000020f5a3ff030 Exception <a 'java/io/FileNotFoundException'{0x00000000d58de160}> (0x00000000d58de160) 
thrown [s\src\hotspot\share\prims\jni.cpp, line 520]
Event: 12.346 Thread 0x0000020f5a3ff030 Exception <a 'java/io/FileNotFoundException'{0x00000000d58deeb8}> (0x00000000d58deeb8) 
thrown [s\src\hotspot\share\prims\jni.cpp, line 520]
Event: 12.373 Thread 0x0000020f5a4003e0 Exception <a 'java/lang/NoSuchMethodError'{0x00000000d5c67448}: 'int java.lang.invoke.DirectMethodHandle$Holder.invokeSpecialIFC(java.lang.Object, java.lang.Object, java.lang.Object)'> (0x00000000d5c67448) 
thrown [s\src\hotspot\share\interpreter\linkResolver.cpp, line 773]
Event: 12.428 Thread 0x0000020f5a4003e0 Exception <a 'java/lang/NoClassDefFoundError'{0x00000000d62d1f98}: org/eclipse/jdt/internal/core/CompilationUnit> (0x00000000d62d1f98) 
thrown [s\src\hotspot\share\classfile\systemDictionary.cpp, line 302]
Event: 13.216 Thread 0x0000020f61533160 Exception <a 'java/lang/NoSuchMethodError'{0x00000000d65e7fe0}: 'void java.lang.invoke.DirectMethodHandle$Holder.invokeStatic(java.lang.Object, int, java.lang.Object)'> (0x00000000d65e7fe0) 
thrown [s\src\hotspot\share\interpreter\linkResolver.cpp, line 773]
Event: 13.286 Thread 0x0000020f5a4003e0 Exception <a 'java/lang/NoSuchMethodError'{0x00000000d5dfe8a8}: 'java.lang.Object java.lang.invoke.DirectMethodHandle$Holder.newInvokeSpecial(java.lang.Object, java.lang.Object, int, int, java.lang.Object)'> (0x00000000d5dfe8a8) 
thrown [s\src\hotspot\share\interpreter\linkResolver.cpp, line 773]
Event: 13.301 Thread 0x0000020f5a4003e0 Exception <a 'sun/nio/fs/WindowsException'{0x00000000d5e5c258}> (0x00000000d5e5c258) 
thrown [s\src\hotspot\share\prims\jni.cpp, line 520]
Event: 13.302 Thread 0x0000020f6152c860 Exception <a 'sun/nio/fs/WindowsException'{0x00000000d5fd77e0}> (0x00000000d5fd77e0) 
thrown [s\src\hotspot\share\prims\jni.cpp, line 520]
Event: 13.303 Thread 0x0000020f61531090 Exception <a 'sun/nio/fs/WindowsException'{0x00000000d5fedb70}> (0x00000000d5fedb70) 
thrown [s\src\hotspot\share\prims\jni.cpp, line 520]

ZGC Phase Switch (0 events):
No events

VM Operations (20 events):
Event: 11.838 Executing non-safepoint VM operation: HandshakeAllThreads (Deoptimize) done
Event: 11.885 Executing safepoint VM operation: ParallelGCFailedAllocation (Allocation Failure)
Event: 11.890 Executing safepoint VM operation: ParallelGCFailedAllocation (Allocation Failure) done
Event: 11.994 Executing safepoint VM operation: ParallelGCFailedAllocation (Allocation Failure)
Event: 12.000 Executing safepoint VM operation: ParallelGCFailedAllocation (Allocation Failure) done
Event: 12.167 Executing safepoint VM operation: ParallelGCFailedAllocation (Allocation Failure)
Event: 12.176 Executing safepoint VM operation: ParallelGCFailedAllocation (Allocation Failure) done
Event: 12.320 Executing safepoint VM operation: ParallelGCFailedAllocation (Allocation Failure)
Event: 12.326 Executing safepoint VM operation: ParallelGCFailedAllocation (Allocation Failure) done
Event: 12.444 Executing safepoint VM operation: ParallelGCFailedAllocation (Allocation Failure)
Event: 12.450 Executing safepoint VM operation: ParallelGCFailedAllocation (Allocation Failure) done
Event: 12.538 Executing non-safepoint VM operation: HandshakeAllThreads (Deoptimize)
Event: 12.538 Executing non-safepoint VM operation: HandshakeAllThreads (Deoptimize) done
Event: 12.586 Executing safepoint VM operation: ParallelGCFailedAllocation (Allocation Failure)
Event: 13.122 Executing safepoint VM operation: ParallelGCFailedAllocation (Allocation Failure) done
Event: 13.222 Executing safepoint VM operation: ParallelGCFailedAllocation (Allocation Failure)
Event: 13.228 Executing safepoint VM operation: ParallelGCFailedAllocation (Allocation Failure) done
Event: 13.380 Executing safepoint VM operation: ParallelGCFailedAllocation (Allocation Failure)
Event: 14.393 Executing safepoint VM operation: ParallelGCFailedAllocation (Allocation Failure) done
Event: 15.403 Executing safepoint VM operation: Cleanup

Memory protections (0 events):
No events

Nmethod flushes (20 events):
Event: 8.932 Thread 0x0000020f17de3470 flushing  nmethod 0x0000020f04c33f10
Event: 8.932 Thread 0x0000020f17de3470 flushing  nmethod 0x0000020f04c35390
Event: 8.932 Thread 0x0000020f17de3470 flushing  nmethod 0x0000020f04c35c90
Event: 8.932 Thread 0x0000020f17de3470 flushing  nmethod 0x0000020f04c36e90
Event: 8.932 Thread 0x0000020f17de3470 flushing  nmethod 0x0000020f04c37690
Event: 8.932 Thread 0x0000020f17de3470 flushing  nmethod 0x0000020f04c37e10
Event: 8.932 Thread 0x0000020f17de3470 flushing  nmethod 0x0000020f04c39390
Event: 8.932 Thread 0x0000020f17de3470 flushing  nmethod 0x0000020f04c39f10
Event: 8.932 Thread 0x0000020f17de3470 flushing  nmethod 0x0000020f04c3a410
Event: 8.932 Thread 0x0000020f17de3470 flushing  nmethod 0x0000020f04c3b890
Event: 8.932 Thread 0x0000020f17de3470 flushing  nmethod 0x0000020f04c3c010
Event: 8.932 Thread 0x0000020f17de3470 flushing  nmethod 0x0000020f04c45b10
Event: 8.932 Thread 0x0000020f17de3470 flushing  nmethod 0x0000020f04c5ce90
Event: 8.932 Thread 0x0000020f17de3470 flushing  nmethod 0x0000020f04c63810
Event: 8.932 Thread 0x0000020f17de3470 flushing  nmethod 0x0000020f04c71190
Event: 8.932 Thread 0x0000020f17de3470 flushing  nmethod 0x0000020f04c72990
Event: 8.932 Thread 0x0000020f17de3470 flushing  nmethod 0x0000020f04c74f90
Event: 8.932 Thread 0x0000020f17de3470 flushing  nmethod 0x0000020f04cc5410
Event: 8.932 Thread 0x0000020f17de3470 flushing  nmethod 0x0000020f04d06290
Event: 8.932 Thread 0x0000020f17de3470 flushing  nmethod 0x0000020f04d06710

Events (20 events):
Event: 9.049 Thread 0x0000020f7ed37c10 Thread added: 0x0000020f61de2a30
Event: 9.050 Thread 0x0000020f7ed37c10 Thread added: 0x0000020f61ddf5b0
Event: 9.050 Thread 0x0000020f7ed37c10 Thread added: 0x0000020f61de0960
Event: 9.050 Thread 0x0000020f7ed37c10 Thread added: 0x0000020f6152d580
Event: 9.050 Thread 0x0000020f7ed37c10 Thread added: 0x0000020f6152dc10
Event: 9.051 Thread 0x0000020f7ed37c10 Thread added: 0x0000020f6152cef0
Event: 9.051 Thread 0x0000020f7ed37c10 Thread added: 0x0000020f6152e2a0
Event: 9.051 Thread 0x0000020f7ed37c10 Thread added: 0x0000020f6152e930
Event: 9.093 Thread 0x0000020f7ed37c10 Thread added: 0x0000020f6152efc0
Event: 9.552 Thread 0x0000020f7ed37c10 Thread added: 0x0000020f6152f650
Event: 9.552 Thread 0x0000020f7ed37c10 Thread added: 0x0000020f6152fce0
Event: 10.816 Thread 0x0000020f5a4003e0 Thread added: 0x0000020f6152c860
Event: 10.817 Thread 0x0000020f6152c860 Thread added: 0x0000020f61531090
Event: 10.818 Thread 0x0000020f6152c860 Thread added: 0x0000020f61531db0
Event: 10.819 Thread 0x0000020f61531090 Thread added: 0x0000020f61530370
Event: 10.819 Thread 0x0000020f61531090 Thread added: 0x0000020f61530a00
Event: 10.850 Thread 0x0000020f5a4003e0 Thread added: 0x0000020f61531720
Event: 12.509 Thread 0x0000020f5a4003e0 Thread added: 0x0000020f61533160
Event: 13.287 Thread 0x0000020f5a4003e0 Thread added: 0x0000020f615337f0
Event: 13.318 Thread 0x0000020f5a4003e0 Thread added: 0x0000020f61533e80


Dynamic libraries:
0x00007ff609440000 - 0x00007ff60944e000 	c:\Users\muhad\.vscode\extensions\redhat.java-1.55.0-win32-x64\jre\21.0.11-win32-x86_64\bin\java.exe
0x00007ffff2e40000 - 0x00007ffff30a6000 	C:\Windows\SYSTEM32\ntdll.dll
0x00007ffff1c40000 - 0x00007ffff1d09000 	C:\Windows\System32\KERNEL32.DLL
0x00007ffff0370000 - 0x00007ffff076a000 	C:\Windows\System32\KERNELBASE.dll
0x00007ffff09b0000 - 0x00007ffff0afc000 	C:\Windows\System32\ucrtbase.dll
0x00007fff87650000 - 0x00007fff87668000 	c:\Users\muhad\.vscode\extensions\redhat.java-1.55.0-win32-x64\jre\21.0.11-win32-x86_64\bin\jli.dll
0x00007fffc2880000 - 0x00007fffc289e000 	c:\Users\muhad\.vscode\extensions\redhat.java-1.55.0-win32-x64\jre\21.0.11-win32-x86_64\bin\VCRUNTIME140.dll
0x00007ffff0bb0000 - 0x00007ffff0d77000 	C:\Windows\System32\USER32.dll
0x00007fffdcc10000 - 0x00007fffdcea2000 	C:\Windows\WinSxS\amd64_microsoft.windows.common-controls_6595b64144ccf1df_6.0.26100.8521_none_3e08b75ce33403b3\COMCTL32.dll
0x00007ffff0340000 - 0x00007ffff0367000 	C:\Windows\System32\win32u.dll
0x00007ffff1d90000 - 0x00007ffff1e39000 	C:\Windows\System32\msvcrt.dll
0x00007ffff2dc0000 - 0x00007ffff2deb000 	C:\Windows\System32\GDI32.dll
0x00007ffff0210000 - 0x00007ffff033b000 	C:\Windows\System32\gdi32full.dll
0x00007ffff0160000 - 0x00007ffff0203000 	C:\Windows\System32\msvcp_win.dll
0x00007ffff1d50000 - 0x00007ffff1d82000 	C:\Windows\System32\IMM32.DLL
0x00007fffc2870000 - 0x00007fffc287c000 	c:\Users\muhad\.vscode\extensions\redhat.java-1.55.0-win32-x64\jre\21.0.11-win32-x86_64\bin\vcruntime140_1.dll
0x00007fff5e0f0000 - 0x00007fff5e17d000 	c:\Users\muhad\.vscode\extensions\redhat.java-1.55.0-win32-x64\jre\21.0.11-win32-x86_64\bin\msvcp140.dll
0x00007fff5cab0000 - 0x00007fff5d852000 	c:\Users\muhad\.vscode\extensions\redhat.java-1.55.0-win32-x64\jre\21.0.11-win32-x86_64\bin\server\jvm.dll
0x00007ffff2120000 - 0x00007ffff21d6000 	C:\Windows\System32\ADVAPI32.dll
0x00007ffff1e70000 - 0x00007ffff1f1a000 	C:\Windows\System32\sechost.dll
0x00007ffff2000000 - 0x00007ffff2118000 	C:\Windows\System32\RPCRT4.dll
0x00007ffff1940000 - 0x00007ffff19c0000 	C:\Windows\System32\WS2_32.dll
0x00007fffeff30000 - 0x00007fffeff8e000 	C:\Windows\SYSTEM32\POWRPROF.dll
0x00007fffe83e0000 - 0x00007fffe8416000 	C:\Windows\SYSTEM32\WINMM.dll
0x00007fffe8a50000 - 0x00007fffe8a5b000 	C:\Windows\SYSTEM32\VERSION.dll
0x00007fffeff10000 - 0x00007fffeff24000 	C:\Windows\SYSTEM32\UMPDC.dll
0x00007fffeee20000 - 0x00007fffeee3b000 	C:\Windows\SYSTEM32\kernel.appcore.dll
0x00007fff87640000 - 0x00007fff8764a000 	c:\Users\muhad\.vscode\extensions\redhat.java-1.55.0-win32-x64\jre\21.0.11-win32-x86_64\bin\jimage.dll
0x00007fffed610000 - 0x00007fffed852000 	C:\Windows\SYSTEM32\DBGHELP.DLL
0x00007ffff2970000 - 0x00007ffff2cf3000 	C:\Windows\System32\combase.dll
0x00007ffff1f20000 - 0x00007ffff1ff9000 	C:\Windows\System32\OLEAUT32.dll
0x00007fffdee20000 - 0x00007fffdee5b000 	C:\Windows\SYSTEM32\dbgcore.DLL
0x00007ffff0b00000 - 0x00007ffff0ba8000 	C:\Windows\System32\bcryptPrimitives.dll
0x00007fff87630000 - 0x00007fff8763f000 	c:\Users\muhad\.vscode\extensions\redhat.java-1.55.0-win32-x64\jre\21.0.11-win32-x86_64\bin\instrument.dll
0x00007fff5e0d0000 - 0x00007fff5e0f0000 	c:\Users\muhad\.vscode\extensions\redhat.java-1.55.0-win32-x64\jre\21.0.11-win32-x86_64\bin\java.dll
0x00007ffff21e0000 - 0x00007ffff2964000 	C:\Windows\System32\SHELL32.dll
0x00007fffedc50000 - 0x00007fffee4d0000 	C:\Windows\SYSTEM32\windows.storage.dll
0x00007ffff1030000 - 0x00007ffff1126000 	C:\Windows\System32\SHCORE.dll
0x00007ffff0de0000 - 0x00007ffff0e47000 	C:\Windows\System32\shlwapi.dll
0x00007fffefff0000 - 0x00007ffff0019000 	C:\Windows\SYSTEM32\profapi.dll
0x00007fff5de20000 - 0x00007fff5de38000 	c:\Users\muhad\.vscode\extensions\redhat.java-1.55.0-win32-x64\jre\21.0.11-win32-x86_64\bin\zip.dll
0x00007fff87620000 - 0x00007fff87630000 	C:\Users\muhad\.vscode\extensions\redhat.java-1.55.0-win32-x64\jre\21.0.11-win32-x86_64\bin\net.dll
0x00007fffea2d0000 - 0x00007fffea3f9000 	C:\Windows\SYSTEM32\WINHTTP.dll
0x00007fffef370000 - 0x00007fffef3dc000 	C:\Windows\system32\mswsock.dll
0x00007fff5de00000 - 0x00007fff5de16000 	C:\Users\muhad\.vscode\extensions\redhat.java-1.55.0-win32-x64\jre\21.0.11-win32-x86_64\bin\nio.dll
0x00007fff6d9b0000 - 0x00007fff6d9c0000 	c:\Users\muhad\.vscode\extensions\redhat.java-1.55.0-win32-x64\jre\21.0.11-win32-x86_64\bin\verify.dll
0x00007fff7a230000 - 0x00007fff7a275000 	C:\Users\muhad\AppData\Roaming\Code\User\globalStorage\redhat.java\1.55.0\config_win\org.eclipse.equinox.launcher\org.eclipse.equinox.launcher.win32.win32.x86_64_1.3.100.v20260613-0559\eclipse_11924.dll
0x00007ffff1710000 - 0x00007ffff18a8000 	C:\Windows\System32\ole32.dll
0x00007fffef770000 - 0x00007fffef78b000 	C:\Windows\SYSTEM32\CRYPTSP.dll
0x00007fffeed80000 - 0x00007fffeedb9000 	C:\Windows\system32\rsaenh.dll
0x00007fffef420000 - 0x00007fffef453000 	C:\Windows\SYSTEM32\USERENV.dll
0x00007fffeffc0000 - 0x00007fffeffea000 	C:\Windows\SYSTEM32\bcrypt.dll
0x00007fffef5d0000 - 0x00007fffef5dc000 	C:\Windows\SYSTEM32\CRYPTBASE.dll
0x00007fffee800000 - 0x00007fffee833000 	C:\Windows\SYSTEM32\IPHLPAPI.DLL
0x00007ffff1d30000 - 0x00007ffff1d3a000 	C:\Windows\System32\NSI.dll
0x00007fffde880000 - 0x00007fffde8c9000 	C:\Users\muhad\AppData\Local\Temp\jna-104252387\jna1898995157114847230.dll
0x00007ffff18b0000 - 0x00007ffff18b8000 	C:\Windows\System32\PSAPI.DLL
0x00007fffec770000 - 0x00007fffec77a000 	C:\Users\muhad\.vscode\extensions\redhat.java-1.55.0-win32-x64\jre\21.0.11-win32-x86_64\bin\management.dll
0x00007fffec760000 - 0x00007fffec76c000 	C:\Users\muhad\.vscode\extensions\redhat.java-1.55.0-win32-x64\jre\21.0.11-win32-x86_64\bin\management_ext.dll
0x00007fffea600000 - 0x00007fffea61d000 	C:\Windows\SYSTEM32\dhcpcsvc6.DLL
0x00007fffea460000 - 0x00007fffea485000 	C:\Windows\SYSTEM32\dhcpcsvc.DLL

JVMTI agents:
c:\Users\muhad\.vscode\extensions\redhat.java-1.55.0-win32-x64\lombok\lombok-1.18.39-4050.jar path:c:\Users\muhad\.vscode\extensions\redhat.java-1.55.0-win32-x64\jre\21.0.11-win32-x86_64\bin\instrument.dll, loaded, initialized, instrumentlib options:none

dbghelp: loaded successfully - version: 4.0.5 - missing functions: none
symbol engine: initialized successfully - sym options: 0x614 - pdb path: .;c:\Users\muhad\.vscode\extensions\redhat.java-1.55.0-win32-x64\jre\21.0.11-win32-x86_64\bin;C:\Windows\SYSTEM32;C:\Windows\WinSxS\amd64_microsoft.windows.common-controls_6595b64144ccf1df_6.0.26100.8521_none_3e08b75ce33403b3;c:\Users\muhad\.vscode\extensions\redhat.java-1.55.0-win32-x64\jre\21.0.11-win32-x86_64\bin\server;C:\Users\muhad\AppData\Roaming\Code\User\globalStorage\redhat.java\1.55.0\config_win\org.eclipse.equinox.launcher\org.eclipse.equinox.launcher.win32.win32.x86_64_1.3.100.v20260613-0559;C:\Users\muhad\AppData\Local\Temp\jna-104252387

VM Arguments:
jvm_args: --add-modules=ALL-SYSTEM --add-opens=java.base/java.util=ALL-UNNAMED --add-opens=java.base/java.lang=ALL-UNNAMED --add-opens=java.base/sun.nio.fs=ALL-UNNAMED -Declipse.application=org.eclipse.jdt.ls.core.id1 -Dosgi.bundles.defaultStartLevel=4 -Declipse.product=org.eclipse.jdt.ls.core.product -Djava.import.generatesMetadataFilesAtProjectRoot=false -DDetectVMInstallationsJob.disabled=true -Dfile.encoding=utf8 -XX:+UseParallelGC -XX:GCTimeRatio=4 -XX:AdaptiveSizePolicyWeight=90 -Dsun.zip.disableMemoryMapping=true -Xmx2G -Xms100m -Xlog:disable -javaagent:c:\Users\muhad\.vscode\extensions\redhat.java-1.55.0-win32-x64\lombok\lombok-1.18.39-4050.jar -XX:+HeapDumpOnOutOfMemoryError -XX:HeapDumpPath=c:\Users\muhad\AppData\Roaming\Code\User\workspaceStorage\c1a94f19ada89060a8449fb662889b88\redhat.java -Daether.dependencyCollector.impl=bf 
java_command: c:\Users\muhad\.vscode\extensions\redhat.java-1.55.0-win32-x64\server\plugins\org.eclipse.equinox.launcher_1.7.200.v20260619-2039.jar -configuration c:\Users\muhad\AppData\Roaming\Code\User\globalStorage\redhat.java\1.55.0\config_win -data c:\Users\muhad\AppData\Roaming\Code\User\workspaceStorage\c1a94f19ada89060a8449fb662889b88\redhat.java\jdt_ws --pipe=\\.\pipe\lsp-a81189e3446b55f9a744d766d2bbd66c-sock
java_class_path (initial): c:\Users\muhad\.vscode\extensions\redhat.java-1.55.0-win32-x64\server\plugins\org.eclipse.equinox.launcher_1.7.200.v20260619-2039.jar
Launcher Type: SUN_STANDARD

[Global flags]
    uintx AdaptiveSizePolicyWeight                 = 90                                        {product} {command line}
     intx CICompilerCount                          = 4                                         {product} {ergonomic}
    uintx GCTimeRatio                              = 4                                         {product} {command line}
     bool HeapDumpOnOutOfMemoryError               = true                                   {manageable} {command line}
    ccstr HeapDumpPath                             = c:\Users\muhad\AppData\Roaming\Code\User\workspaceStorage\c1a94f19ada89060a8449fb662889b88\redhat.java         {manageable} {command line}
   size_t InitialHeapSize                          = 104857600                                 {product} {command line}
   size_t MaxHeapSize                              = 2147483648                                {product} {command line}
   size_t MaxNewSize                               = 715653120                                 {product} {ergonomic}
   size_t MinHeapDeltaBytes                        = 524288                                    {product} {ergonomic}
   size_t MinHeapSize                              = 104857600                                 {product} {command line}
   size_t NewSize                                  = 34603008                                  {product} {ergonomic}
    uintx NonNMethodCodeHeapSize                   = 5839372                                {pd product} {ergonomic}
    uintx NonProfiledCodeHeapSize                  = 122909434                              {pd product} {ergonomic}
   size_t OldSize                                  = 70254592                                  {product} {ergonomic}
    uintx ProfiledCodeHeapSize                     = 122909434                              {pd product} {ergonomic}
    uintx ReservedCodeCacheSize                    = 251658240                              {pd product} {ergonomic}
     bool SegmentedCodeCache                       = true                                      {product} {ergonomic}
   size_t SoftMaxHeapSize                          = 2147483648                             {manageable} {ergonomic}
     bool UseCompressedOops                        = true                           {product lp64_product} {ergonomic}
     bool UseLargePagesIndividualAllocation        = false                                  {pd product} {ergonomic}
     bool UseParallelGC                            = true                                      {product} {command line}

Logging:
Log output configuration:
 #0: stdout all=off uptime,level,tags foldmultilines=false
 #1: stderr all=off uptime,level,tags foldmultilines=false

Release file:
JAVA_VERSION="21.0.11" 
MODULES="java.base java.compiler java.datatransfer java.xml java.prefs java.desktop java.instrument java.logging java.management java.security.sasl java.naming java.rmi java.management.rmi java.net.http java.scripting java.security.jgss java.transaction.xa java.sql java.sql.rowset java.xml.crypto java.se java.smartcardio jdk.accessibility jdk.internal.jvmstat jdk.attach jdk.charsets jdk.internal.opt jdk.zipfs jdk.compiler jdk.crypto.ec jdk.crypto.cryptoki jdk.crypto.mscapi jdk.dynalink jdk.internal.ed jdk.editpad jdk.hotspot.agent jdk.httpserver jdk.internal.le jdk.internal.vm.ci jdk.internal.vm.compiler jdk.internal.vm.compiler.management jdk.jartool jdk.javadoc jdk.jcmd jdk.management jdk.management.agent jdk.jconsole jdk.jdeps jdk.jdwp.agent jdk.jdi jdk.jfr jdk.jshell jdk.jsobject jdk.jstatd jdk.localedata jdk.management.jfr jdk.naming.dns jdk.naming.rmi jdk.net jdk.nio.mapmode jdk.random jdk.sctp jdk.security.auth jdk.security.jgss jdk.unsupported jdk.unsupported.desktop jdk.xml.dom" 

Environment Variables:
JAVA_HOME=C:\Program Files\Java\jdk-22.0.2
PATH=C:\Program Files\Common Files\Oracle\Java\javapath;C:\Windows\system32;C:\Windows;C:\Windows\System32\Wbem;C:\Windows\System32\WindowsPowerShell\v1.0\;C:\Windows\System32\OpenSSH\;C:\Program Files\Git\cmd;C:\xampp\php;C:\composer;C:\Program Files\Erlang OTP\bin;;C:\Program Files\Docker\Docker\resources\bin;C:\Program Files\Cloudflare\Cloudflare WARP\;C:\Users\muhad\AppData\Local\Microsoft\WindowsApps;C:\Users\muhad\AppData\Local\GitHubDesktop\bin;C:\Users\muhad\AppData\Local\Programs\Microsoft VS Code\bin;C:\Flutter\bin;C:\Users\muhad\AppData\Roaming\Composer\vendor\bin
USERNAME=muhad
OS=Windows_NT
PROCESSOR_IDENTIFIER=AMD64 Family 23 Model 104 Stepping 1, AuthenticAMD
TMP=C:\Users\muhad\AppData\Local\Temp
TEMP=C:\Users\muhad\AppData\Local\Temp




Periodic native trim disabled

---------------  S Y S T E M  ---------------

OS:
 Windows 11 , 64 bit Build 26100 (10.0.26100.8521)
OS uptime: 0 days 0:12 hours
Hyper-V role detected

CPU: total 12 (initial active 12) (12 cores per cpu, 2 threads per core) family 23 model 104 stepping 1 microcode 0x8608104, cx8, cmov, fxsr, ht, mmx, 3dnowpref, sse, sse2, sse3, ssse3, sse4a, sse4.1, sse4.2, popcnt, lzcnt, tsc, tscinvbit, avx, avx2, aes, clmul, bmi1, bmi2, adx, sha, fma, vzeroupper, clflush, clflushopt, hv, rdtscp, rdpid, f16c
Processor Information for the first 12 processors :
  Max Mhz: 2100, Current Mhz: 2100, Mhz Limit: 2100

Memory: 4k page, system-wide physical 5978M (508M free)
TotalPageFile size 14170M (AvailPageFile size 7M)
current process WorkingSet (physical memory assigned to process): 319M, peak: 330M
current process commit charge ("private bytes"): 388M, peak: 395M

vm_info: OpenJDK 64-Bit Server VM (21.0.11+10-LTS) for windows-amd64 JRE (21.0.11+10-LTS), built on 2026-04-21T00:00:00Z by "admin" with MS VC++ 17.12 (VS2022)

END.
