#
# There is insufficient memory for the Java Runtime Environment to continue.
# Native memory allocation (malloc) failed to allocate 943200 bytes. Error detail: Chunk::new
# Possible reasons:
#   The system is out of physical RAM or swap space
#   This process is running with CompressedOops enabled, and the Java Heap may be blocking the growth of the native heap
# Possible solutions:
#   Reduce memory load on the system
#   Increase physical memory or swap space
#   Check if swap backing store is full
#   Decrease Java heap size (-Xmx/-Xms)
#   Decrease number of Java threads
#   Decrease Java thread stack sizes (-Xss)
#   Set larger code cache with -XX:ReservedCodeCacheSize=
#   JVM is running with Unscaled Compressed Oops mode in which the Java heap is
#     placed in the first 4GB address space. The Java Heap base address is the
#     maximum limit for the native heap growth. Please use -XX:HeapBaseMinAddress
#     to set the Java Heap base and to place the Java Heap above 4GB virtual address.
# This output file may be truncated or incomplete.
#
#  Out of Memory Error (arena.cpp:168), pid=22344, tid=13084
#
# JRE version: OpenJDK Runtime Environment Temurin-21.0.11+10 (21.0.11+10) (build 21.0.11+10-LTS)
# Java VM: OpenJDK 64-Bit Server VM Temurin-21.0.11+10 (21.0.11+10-LTS, mixed mode, sharing, tiered, compressed oops, compressed class ptrs, parallel gc, windows-amd64)
# No core dump will be written. Minidumps are not enabled by default on client versions of Windows
#

---------------  S U M M A R Y ------------

Command Line: --add-modules=ALL-SYSTEM --add-opens=java.base/java.util=ALL-UNNAMED --add-opens=java.base/java.lang=ALL-UNNAMED --add-opens=java.base/sun.nio.fs=ALL-UNNAMED -Declipse.application=org.eclipse.jdt.ls.core.id1 -Dosgi.bundles.defaultStartLevel=4 -Declipse.product=org.eclipse.jdt.ls.core.product -Djava.import.generatesMetadataFilesAtProjectRoot=false -DDetectVMInstallationsJob.disabled=true -Dfile.encoding=utf8 -XX:+UseParallelGC -XX:GCTimeRatio=4 -XX:AdaptiveSizePolicyWeight=90 -Dsun.zip.disableMemoryMapping=true -Xmx2G -Xms100m -Xlog:disable -javaagent:c:\Users\muhad\.vscode\extensions\redhat.java-1.55.0-win32-x64\lombok\lombok-1.18.39-4050.jar -XX:+HeapDumpOnOutOfMemoryError -XX:HeapDumpPath=c:\Users\muhad\AppData\Roaming\Code\User\workspaceStorage\c1a94f19ada89060a8449fb662889b88\redhat.java -Daether.dependencyCollector.impl=bf c:\Users\muhad\.vscode\extensions\redhat.java-1.55.0-win32-x64\server\plugins\org.eclipse.equinox.launcher_1.7.200.v20260619-2039.jar -configuration c:\Users\muhad\AppData\Roaming\Code\User\globalStorage\redhat.java\1.55.0\config_win -data c:\Users\muhad\AppData\Roaming\Code\User\workspaceStorage\c1a94f19ada89060a8449fb662889b88\redhat.java\jdt_ws --pipe=\\.\pipe\lsp-e74c4af3bef852c2d86bbd78bb13e191-sock

Host: AMD Ryzen 5 5500U with Radeon Graphics         , 12 cores, 5G,  Windows 11 , 64 bit Build 26100 (10.0.26100.8521)
Time: Fri Jul 10 13:25:24 2026 SE Asia Standard Time elapsed time: 41.899608 seconds (0d 0h 0m 41s)

---------------  T H R E A D  ---------------

Current thread (0x0000014ba5a6e6d0):  JavaThread "C2 CompilerThread0" daemon [_thread_in_native, id=13084, stack(0x0000004396b00000,0x0000004396c00000) (1024K)]


Current CompileTask:
C2:41899 15817       4       org.eclipse.jdt.internal.compiler.lookup.BinaryTypeBinding::createMethod (1666 bytes)

Stack: [0x0000004396b00000,0x0000004396c00000]
Native frames: (J=compiled Java code, j=interpreted, Vv=VM code, C=native code)
V  [jvm.dll+0x6d7e19]
V  [jvm.dll+0x8b5096]
V  [jvm.dll+0x8b764e]
V  [jvm.dll+0x8b7d33]
V  [jvm.dll+0x284596]
V  [jvm.dll+0xc685d]
V  [jvm.dll+0xc6da1]
V  [jvm.dll+0x3bed6b]
V  [jvm.dll+0x1e3f42]
V  [jvm.dll+0x24c853]
V  [jvm.dll+0x24bce0]
V  [jvm.dll+0x1cb4ae]
V  [jvm.dll+0x25baad]
V  [jvm.dll+0x25a03a]
V  [jvm.dll+0x3f868e]
V  [jvm.dll+0x85fb0d]
V  [jvm.dll+0x6d664d]
C  [ucrtbase.dll+0x2cd30]
C  [KERNEL32.DLL+0x2e957]
C  [ntdll.dll+0x87c1c]


---------------  P R O C E S S  ---------------

Threads class SMR info:
_java_thread_list=0x0000014b86d464a0, length=78, elements={
0x0000014ba59aea60, 0x0000014ba5a4ffe0, 0x0000014ba5a51da0, 0x0000014ba5a57db0,
0x0000014ba5a611c0, 0x0000014ba5a62400, 0x0000014ba5a67a30, 0x0000014ba5a6e6d0,
0x0000014bfe79cb80, 0x0000014bfe9887f0, 0x0000014bfeab9700, 0x0000014bffcb4760,
0x0000014b84038da0, 0x0000014b8412e2d0, 0x0000014b84087e90, 0x0000014b8457c5b0,
0x0000014bffd60cd0, 0x0000014bffa8e6b0, 0x0000014b84285f20, 0x0000014b842865b0,
0x0000014b84283e50, 0x0000014b84284b70, 0x0000014b842844e0, 0x0000014b84285200,
0x0000014b84285890, 0x0000014b864e0610, 0x0000014b864df8f0, 0x0000014b864e19c0,
0x0000014b864e0ca0, 0x0000014b864e2050, 0x0000014b864e1330, 0x0000014b864dff80,
0x0000014b864debd0, 0x0000014b864df260, 0x0000014b85af8ac0, 0x0000014b85af9e70,
0x0000014b85afa500, 0x0000014b85afab90, 0x0000014b85afb220, 0x0000014b85af7da0,
0x0000014b85afb8b0, 0x0000014b85af8430, 0x0000014b85afc5d0, 0x0000014b85afbf40,
0x0000014b85af9150, 0x0000014b85afcc60, 0x0000014b85af97e0, 0x0000014b85afd2f0,
0x0000014b85afe010, 0x0000014b85afe6a0, 0x0000014b85afed30, 0x0000014b85aff3c0,
0x0000014b84fa9990, 0x0000014b84fa7230, 0x0000014b84faa020, 0x0000014b84faa6b0,
0x0000014b84fa78c0, 0x0000014b84fa8c70, 0x0000014b84fa7f50, 0x0000014b84fa85e0,
0x0000014b84fa9300, 0x0000014b869cf740, 0x0000014b869cdd00, 0x0000014b869ce390,
0x0000014b869cea20, 0x0000014b869cfdd0, 0x0000014b869cf0b0, 0x0000014b869d1180,
0x0000014b842837c0, 0x0000014b84459ca0, 0x0000014b8445a330, 0x0000014b84456eb0,
0x0000014b8445a9c0, 0x0000014b84457540, 0x0000014b84458260, 0x0000014b8445d7b0,
0x0000014b916e9010, 0x0000014b8445e4d0
}

Java Threads: ( => current thread )
  0x0000014ba59aea60 JavaThread "main"                              [_thread_blocked, id=15100, stack(0x0000004396100000,0x0000004396200000) (1024K)]
  0x0000014ba5a4ffe0 JavaThread "Reference Handler"          daemon [_thread_blocked, id=12532, stack(0x0000004396500000,0x0000004396600000) (1024K)]
  0x0000014ba5a51da0 JavaThread "Finalizer"                  daemon [_thread_blocked, id=22028, stack(0x0000004396600000,0x0000004396700000) (1024K)]
  0x0000014ba5a57db0 JavaThread "Signal Dispatcher"          daemon [_thread_blocked, id=1672, stack(0x0000004396700000,0x0000004396800000) (1024K)]
  0x0000014ba5a611c0 JavaThread "Attach Listener"            daemon [_thread_blocked, id=19032, stack(0x0000004396800000,0x0000004396900000) (1024K)]
  0x0000014ba5a62400 JavaThread "Service Thread"             daemon [_thread_blocked, id=3464, stack(0x0000004396900000,0x0000004396a00000) (1024K)]
  0x0000014ba5a67a30 JavaThread "Monitor Deflation Thread"   daemon [_thread_blocked, id=20140, stack(0x0000004396a00000,0x0000004396b00000) (1024K)]
=>0x0000014ba5a6e6d0 JavaThread "C2 CompilerThread0"         daemon [_thread_in_native, id=13084, stack(0x0000004396b00000,0x0000004396c00000) (1024K)]
  0x0000014bfe79cb80 JavaThread "C1 CompilerThread0"         daemon [_thread_blocked, id=21592, stack(0x0000004396c00000,0x0000004396d00000) (1024K)]
  0x0000014bfe9887f0 JavaThread "Common-Cleaner"             daemon [_thread_blocked, id=19996, stack(0x0000004396d00000,0x0000004396e00000) (1024K)]
  0x0000014bfeab9700 JavaThread "Notification Thread"        daemon [_thread_blocked, id=22384, stack(0x0000004396f00000,0x0000004397000000) (1024K)]
  0x0000014bffcb4760 JavaThread "Active Thread: Equinox Container: cead3e70-d71c-4b06-8336-1e51b023e992"        [_thread_blocked, id=17684, stack(0x0000004397700000,0x0000004397800000) (1024K)]
  0x0000014b84038da0 JavaThread "Refresh Thread: Equinox Container: cead3e70-d71c-4b06-8336-1e51b023e992" daemon [_thread_blocked, id=21260, stack(0x0000004397900000,0x0000004397a00000) (1024K)]
  0x0000014b8412e2d0 JavaThread "Framework Event Dispatcher: Equinox Container: cead3e70-d71c-4b06-8336-1e51b023e992" daemon [_thread_blocked, id=16836, stack(0x0000004397a00000,0x0000004397b00000) (1024K)]
  0x0000014b84087e90 JavaThread "Start Level: Equinox Container: cead3e70-d71c-4b06-8336-1e51b023e992" daemon [_thread_blocked, id=18280, stack(0x0000004397b00000,0x0000004397c00000) (1024K)]
  0x0000014b8457c5b0 JavaThread "Bundle File Closer"         daemon [_thread_blocked, id=8488, stack(0x0000004397e00000,0x0000004397f00000) (1024K)]
  0x0000014bffd60cd0 JavaThread "SCR Component Actor"        daemon [_thread_blocked, id=20960, stack(0x0000004396e00000,0x0000004396f00000) (1024K)]
  0x0000014bffa8e6b0 JavaThread "Worker-JM"                         [_thread_blocked, id=8164, stack(0x0000004397f00000,0x0000004398000000) (1024K)]
  0x0000014b84285f20 JavaThread "JNA Cleaner"                daemon [_thread_blocked, id=8780, stack(0x0000004397000000,0x0000004397100000) (1024K)]
  0x0000014b842865b0 JavaThread "Worker-0"                          [_thread_blocked, id=20984, stack(0x0000004398000000,0x0000004398100000) (1024K)]
  0x0000014b84283e50 JavaThread "Worker-1"                          [_thread_blocked, id=20860, stack(0x0000004398100000,0x0000004398200000) (1024K)]
  0x0000014b84284b70 JavaThread "Worker-2: Java indexing... "        [_thread_blocked, id=7880, stack(0x0000004398300000,0x0000004398400000) (1024K)]
  0x0000014b842844e0 JavaThread "Java indexing"              daemon [_thread_in_native, id=2684, stack(0x0000004398500000,0x0000004398600000) (1024K)]
  0x0000014b84285200 JavaThread "Worker-3"                          [_thread_blocked, id=18176, stack(0x0000004398600000,0x0000004398700000) (1024K)]
  0x0000014b84285890 JavaThread "Worker-4: Building"                [_thread_in_native, id=9228, stack(0x0000004398700000,0x0000004398800000) (1024K)]
  0x0000014b864e0610 JavaThread "Worker-5"                          [_thread_blocked, id=6552, stack(0x0000004398b00000,0x0000004398c00000) (1024K)]
  0x0000014b864df8f0 JavaThread "Thread-1"                   daemon [_thread_in_native, id=6480, stack(0x0000004398c00000,0x0000004398d00000) (1024K)]
  0x0000014b864e19c0 JavaThread "Thread-2"                   daemon [_thread_in_native, id=13668, stack(0x0000004398d00000,0x0000004398e00000) (1024K)]
  0x0000014b864e0ca0 JavaThread "Thread-3"                   daemon [_thread_in_native, id=16512, stack(0x0000004398e00000,0x0000004398f00000) (1024K)]
  0x0000014b864e2050 JavaThread "Thread-4"                   daemon [_thread_in_native, id=9256, stack(0x0000004398f00000,0x0000004399000000) (1024K)]
  0x0000014b864e1330 JavaThread "Thread-5"                   daemon [_thread_in_native, id=21224, stack(0x0000004399000000,0x0000004399100000) (1024K)]
  0x0000014b864dff80 JavaThread "Thread-6"                   daemon [_thread_in_native, id=5304, stack(0x0000004399100000,0x0000004399200000) (1024K)]
  0x0000014b864debd0 JavaThread "Thread-7"                   daemon [_thread_in_native, id=3032, stack(0x0000004399200000,0x0000004399300000) (1024K)]
  0x0000014b864df260 JavaThread "Thread-8"                   daemon [_thread_in_native, id=20132, stack(0x0000004399300000,0x0000004399400000) (1024K)]
  0x0000014b85af8ac0 JavaThread "Thread-9"                   daemon [_thread_in_native, id=18960, stack(0x0000004399400000,0x0000004399500000) (1024K)]
  0x0000014b85af9e70 JavaThread "Thread-10"                  daemon [_thread_in_native, id=11968, stack(0x0000004399500000,0x0000004399600000) (1024K)]
  0x0000014b85afa500 JavaThread "Thread-11"                  daemon [_thread_in_native, id=21640, stack(0x0000004399600000,0x0000004399700000) (1024K)]
  0x0000014b85afab90 JavaThread "Thread-12"                  daemon [_thread_in_native, id=18828, stack(0x0000004399700000,0x0000004399800000) (1024K)]
  0x0000014b85afb220 JavaThread "Thread-13"                  daemon [_thread_in_native, id=13284, stack(0x0000004399800000,0x0000004399900000) (1024K)]
  0x0000014b85af7da0 JavaThread "pool-2-thread-1"                   [_thread_blocked, id=12312, stack(0x0000004399900000,0x0000004399a00000) (1024K)]
  0x0000014b85afb8b0 JavaThread "WorkspaceEventsHandler"            [_thread_blocked, id=8408, stack(0x0000004399a00000,0x0000004399b00000) (1024K)]
  0x0000014b85af8430 JavaThread "pool-1-thread-1"                   [_thread_blocked, id=14368, stack(0x0000004399b00000,0x0000004399c00000) (1024K)]
  0x0000014b85afc5d0 JavaThread "LocalFile Deleter"          daemon [_thread_blocked, id=19936, stack(0x0000004399c00000,0x0000004399d00000) (1024K)]
  0x0000014b85afbf40 JavaThread "LocalFile Deleter"          daemon [_thread_blocked, id=1732, stack(0x0000004399d00000,0x0000004399e00000) (1024K)]
  0x0000014b85af9150 JavaThread "LocalFile Deleter"          daemon [_thread_blocked, id=5832, stack(0x0000004399e00000,0x0000004399f00000) (1024K)]
  0x0000014b85afcc60 JavaThread "LocalFile Deleter"          daemon [_thread_blocked, id=7804, stack(0x0000004399f00000,0x000000439a000000) (1024K)]
  0x0000014b85af97e0 JavaThread "LocalFile Deleter"          daemon [_thread_blocked, id=12556, stack(0x000000439a000000,0x000000439a100000) (1024K)]
  0x0000014b85afd2f0 JavaThread "Compiler Source File Reader" daemon [_thread_blocked, id=22020, stack(0x000000439a100000,0x000000439a200000) (1024K)]
  0x0000014b85afe010 JavaThread "Compiler Processing Task"   daemon [_thread_blocked, id=15456, stack(0x000000439a200000,0x000000439a300000) (1024K)]
  0x0000014b85afe6a0 JavaThread "Compiler Class File Writer" daemon [_thread_blocked, id=252, stack(0x000000439a300000,0x000000439a400000) (1024K)]
  0x0000014b85afed30 JavaThread "Compiler Source File Reader" daemon [_thread_blocked, id=21220, stack(0x000000439a400000,0x000000439a500000) (1024K)]
  0x0000014b85aff3c0 JavaThread "Compiler Class File Writer" daemon [_thread_blocked, id=20644, stack(0x000000439a500000,0x000000439a600000) (1024K)]
  0x0000014b84fa9990 JavaThread "LocalFile Deleter"          daemon [_thread_blocked, id=21352, stack(0x000000439a600000,0x000000439a700000) (1024K)]
  0x0000014b84fa7230 JavaThread "LocalFile Deleter"          daemon [_thread_blocked, id=2260, stack(0x000000439a700000,0x000000439a800000) (1024K)]
  0x0000014b84faa020 JavaThread "LocalFile Deleter"          daemon [_thread_blocked, id=13648, stack(0x000000439a800000,0x000000439a900000) (1024K)]
  0x0000014b84faa6b0 JavaThread "LocalFile Deleter"          daemon [_thread_blocked, id=22388, stack(0x000000439a900000,0x000000439aa00000) (1024K)]
  0x0000014b84fa78c0 JavaThread "LocalFile Deleter"          daemon [_thread_blocked, id=21256, stack(0x000000439aa00000,0x000000439ab00000) (1024K)]
  0x0000014b84fa8c70 JavaThread "LocalFile Deleter"          daemon [_thread_blocked, id=20564, stack(0x000000439ab00000,0x000000439ac00000) (1024K)]
  0x0000014b84fa7f50 JavaThread "LocalFile Deleter"          daemon [_thread_blocked, id=21732, stack(0x000000439ac00000,0x000000439ad00000) (1024K)]
  0x0000014b84fa85e0 JavaThread "Compiler Source File Reader" daemon [_thread_blocked, id=15052, stack(0x000000439ad00000,0x000000439ae00000) (1024K)]
  0x0000014b84fa9300 JavaThread "Compiler Source File Reader" daemon [_thread_blocked, id=21240, stack(0x000000439ae00000,0x000000439af00000) (1024K)]
  0x0000014b869cf740 JavaThread "Compiler Source File Reader" daemon [_thread_blocked, id=13000, stack(0x000000439af00000,0x000000439b000000) (1024K)]
  0x0000014b869cdd00 JavaThread "Compiler Source File Reader" daemon [_thread_blocked, id=7476, stack(0x000000439b000000,0x000000439b100000) (1024K)]
  0x0000014b869ce390 JavaThread "Compiler Source File Reader" daemon [_thread_blocked, id=21596, stack(0x000000439b100000,0x000000439b200000) (1024K)]
  0x0000014b869cea20 JavaThread "Compiler Source File Reader" daemon [_thread_blocked, id=11164, stack(0x000000439b200000,0x000000439b300000) (1024K)]
  0x0000014b869cfdd0 JavaThread "Compiler Source File Reader" daemon [_thread_blocked, id=7120, stack(0x000000439b300000,0x000000439b400000) (1024K)]
  0x0000014b869cf0b0 JavaThread "Compiler Source File Reader" daemon [_thread_blocked, id=21084, stack(0x000000439b400000,0x000000439b500000) (1024K)]
  0x0000014b869d1180 JavaThread "Compiler Class File Writer" daemon [_thread_blocked, id=7680, stack(0x000000439b500000,0x000000439b600000) (1024K)]
  0x0000014b842837c0 JavaThread "Compiler Class File Writer" daemon [_thread_blocked, id=21796, stack(0x000000439b600000,0x000000439b700000) (1024K)]
  0x0000014b84459ca0 JavaThread "Compiler Class File Writer" daemon [_thread_blocked, id=10244, stack(0x000000439b700000,0x000000439b800000) (1024K)]
  0x0000014b8445a330 JavaThread "Compiler Class File Writer" daemon [_thread_blocked, id=10236, stack(0x000000439b800000,0x000000439b900000) (1024K)]
  0x0000014b84456eb0 JavaThread "Compiler Class File Writer" daemon [_thread_blocked, id=11260, stack(0x000000439b900000,0x000000439ba00000) (1024K)]
  0x0000014b8445a9c0 JavaThread "Compiler Class File Writer" daemon [_thread_blocked, id=18368, stack(0x000000439ba00000,0x000000439bb00000) (1024K)]
  0x0000014b84457540 JavaThread "Compiler Class File Writer" daemon [_thread_blocked, id=6744, stack(0x000000439bb00000,0x000000439bc00000) (1024K)]
  0x0000014b84458260 JavaThread "Compiler Class File Writer" daemon [_thread_blocked, id=15268, stack(0x000000439bc00000,0x000000439bd00000) (1024K)]
  0x0000014b8445d7b0 JavaThread "Worker-6"                          [_thread_blocked, id=22080, stack(0x0000004396000000,0x0000004396100000) (1024K)]
  0x0000014b916e9010 JavaThread "C2 CompilerThread1"         daemon [_thread_blocked, id=752, stack(0x0000004398200000,0x0000004398300000) (1024K)]
  0x0000014b8445e4d0 JavaThread "Worker-7"                          [_thread_blocked, id=3328, stack(0x0000004398400000,0x0000004398500000) (1024K)]
Total: 78

Other Threads:
  0x0000014ba5943590 VMThread "VM Thread"                           [id=14328, stack(0x0000004396400000,0x0000004396500000) (1024K)]
  0x0000014ba583ca00 WatcherThread "VM Periodic Task Thread"        [id=8832, stack(0x0000004396300000,0x0000004396400000) (1024K)]
  0x0000014ba59cdea0 WorkerThread "GC Thread#0"                     [id=1848, stack(0x0000004396200000,0x0000004396300000) (1024K)]
  0x0000014bff782890 WorkerThread "GC Thread#1"                     [id=20400, stack(0x0000004397100000,0x0000004397200000) (1024K)]
  0x0000014bff782c40 WorkerThread "GC Thread#2"                     [id=6048, stack(0x0000004397200000,0x0000004397300000) (1024K)]
  0x0000014bff782ff0 WorkerThread "GC Thread#3"                     [id=21812, stack(0x0000004397300000,0x0000004397400000) (1024K)]
  0x0000014bffe15260 WorkerThread "GC Thread#4"                     [id=20628, stack(0x0000004397400000,0x0000004397500000) (1024K)]
  0x0000014bffe15610 WorkerThread "GC Thread#5"                     [id=13240, stack(0x0000004397500000,0x0000004397600000) (1024K)]
  0x0000014bffe159c0 WorkerThread "GC Thread#6"                     [id=14468, stack(0x0000004397600000,0x0000004397700000) (1024K)]
  0x0000014b840389f0 WorkerThread "GC Thread#7"                     [id=11728, stack(0x0000004397800000,0x0000004397900000) (1024K)]
  0x0000014b847e3540 WorkerThread "GC Thread#8"                     [id=3264, stack(0x0000004397c00000,0x0000004397d00000) (1024K)]
  0x0000014b84105700 WorkerThread "GC Thread#9"                     [id=13404, stack(0x0000004397d00000,0x0000004397e00000) (1024K)]
Total: 12

Threads with active compile tasks:
C2 CompilerThread0  41970 15817       4       org.eclipse.jdt.internal.compiler.lookup.BinaryTypeBinding::createMethod (1666 bytes)
Total: 1

VM state: not at safepoint (normal execution)

VM Mutex/Monitor currently owned by a thread: None

Heap address: 0x0000000080000000, size: 2048 MB, Compressed Oops mode: 32-bit

CDS archive(s) mapped at: [0x0000014bbd000000-0x0000014bbdba0000-0x0000014bbdba0000), size 12189696, SharedBaseAddress: 0x0000014bbd000000, ArchiveRelocationMode: 1.
Compressed class space mapped at: 0x0000014bbe000000-0x0000014bfe000000, reserved size: 1073741824
Narrow klass base: 0x0000014bbd000000, Narrow klass shift: 0, Narrow klass range: 0x100000000

GC Precious Log:
 CardTable entry size: 512
 CPUs: 12 total, 12 available
 Memory: 5978M
 Large Page Support: Disabled
 NUMA Support: Disabled
 Compressed Oops: Enabled (32-bit)
 Alignments: Space 512K, Generation 512K, Heap 2M
 Heap Min Capacity: 100M
 Heap Initial Capacity: 100M
 Heap Max Capacity: 2G
 Pre-touch: Disabled
 Parallel Workers: 10

Heap:
 PSYoungGen      total 6144K, used 2290K [0x00000000d5580000, 0x00000000d5c80000, 0x0000000100000000)
  eden space 5120K, 30% used [0x00000000d5580000,0x00000000d5704ec0,0x00000000d5a80000)
  from space 1024K, 71% used [0x00000000d5b80000,0x00000000d5c37ad8,0x00000000d5c80000)
  to   space 1024K, 0% used [0x00000000d5a80000,0x00000000d5a80000,0x00000000d5b80000)
 ParOldGen       total 546304K, used 545862K [0x0000000080000000, 0x00000000a1580000, 0x00000000d5580000)
  object space 546304K, 99% used [0x0000000080000000,0x00000000a1511ba0,0x00000000a1580000)
 Metaspace       used 66406K, committed 68032K, reserved 1114112K
  class space    used 6867K, committed 7616K, reserved 1048576K

Card table byte_map: [0x0000014ba5350000,0x0000014ba5760000] _byte_map_base: 0x0000014ba4f50000

Marking Bits: (ParMarkBitMap*) 0x00007fff5d774460
 Begin Bits: [0x0000014bb7e60000, 0x0000014bb9e60000)
 End Bits:   [0x0000014bb9e60000, 0x0000014bbbe60000)

Polling page: 0x0000014ba3b60000

Metaspace:

Usage:
  Non-class:     58.14 MB used.
      Class:      6.71 MB used.
       Both:     64.85 MB used.

Virtual space:
  Non-class space:       64.00 MB reserved,      59.00 MB ( 92%) committed,  1 nodes.
      Class space:        1.00 GB reserved,       7.44 MB ( <1%) committed,  1 nodes.
             Both:        1.06 GB reserved,      66.44 MB (  6%) committed. 

Chunk freelists:
   Non-Class:  4.36 MB
       Class:  8.43 MB
        Both:  12.79 MB

MaxMetaspaceSize: unlimited
CompressedClassSpaceSize: 1.00 GB
Initial GC threshold: 21.00 MB
Current GC threshold: 98.12 MB
CDS: on
 - commit_granule_bytes: 65536.
 - commit_granule_words: 8192.
 - virtual_space_node_default_size: 8388608.
 - enlarge_chunks_in_place: 1.
 - use_allocation_guard: 0.


Internal statistics:

num_allocs_failed_limit: 13.
num_arena_births: 1252.
num_arena_deaths: 16.
num_vsnodes_births: 2.
num_vsnodes_deaths: 0.
num_space_committed: 1063.
num_space_uncommitted: 0.
num_chunks_returned_to_freelist: 29.
num_chunks_taken_from_freelist: 4563.
num_chunk_merges: 17.
num_chunk_splits: 2741.
num_chunks_enlarged: 1436.
num_inconsistent_stats: 0.

CodeHeap 'non-profiled nmethods': size=120000Kb used=10358Kb max_used=10358Kb free=109642Kb
 bounds [0x0000014bb0680000, 0x0000014bb10a0000, 0x0000014bb7bb0000]
CodeHeap 'profiled nmethods': size=120000Kb used=35135Kb max_used=35135Kb free=84865Kb
 bounds [0x0000014ba8bb0000, 0x0000014baae00000, 0x0000014bb00e0000]
CodeHeap 'non-nmethods': size=5760Kb used=1421Kb max_used=1508Kb free=4338Kb
 bounds [0x0000014bb00e0000, 0x0000014bb0350000, 0x0000014bb0680000]
CodeCache: size=245760Kb, used=46914Kb, max_used=47001Kb, free=198845Kb
 total_blobs=15734, nmethods=15002, adapters=636, full_count=0
Compilation: enabled, stopped_count=0, restarted_count=0

Compilation events (20 events):
Event: 38.753 Thread 0x0000014bfe79cb80 nmethod 15922 0x0000014baadf3c10 code [0x0000014baadf3f20, 0x0000014baadf5218]
Event: 38.908 Thread 0x0000014bfe79cb80 15924       3       org.eclipse.jdt.internal.core.DeltaProcessor::rootInfo (39 bytes)
Event: 38.908 Thread 0x0000014bfe79cb80 nmethod 15924 0x0000014baadf5790 code [0x0000014baadf5980, 0x0000014baadf5e68]
Event: 38.908 Thread 0x0000014bfe79cb80 15926       3       org.eclipse.core.internal.events.ResourceDelta::isTeamPrivate (36 bytes)
Event: 38.908 Thread 0x0000014bfe79cb80 nmethod 15926 0x0000014baadf6010 code [0x0000014baadf61e0, 0x0000014baadf65d8]
Event: 38.908 Thread 0x0000014bfe79cb80 15925       1       org.eclipse.jdt.internal.core.JavaElementDelta::getElement (5 bytes)
Event: 38.909 Thread 0x0000014bfe79cb80 nmethod 15925 0x0000014bb1096510 code [0x0000014bb10966a0, 0x0000014bb1096768]
Event: 39.605 Thread 0x0000014bfe79cb80 15927  s    3       org.eclipse.jdt.internal.core.search.processing.JobManager::currentJob (35 bytes)
Event: 39.606 Thread 0x0000014bfe79cb80 nmethod 15927 0x0000014baadf6710 code [0x0000014baadf6900, 0x0000014baadf6e50]
Event: 39.788 Thread 0x0000014b916e9010 nmethod 15919 0x0000014bb1096810 code [0x0000014bb1096a80, 0x0000014bb1097a60]
Event: 39.788 Thread 0x0000014b916e9010 15923       4       org.eclipse.core.internal.dtree.AbstractDataTreeNode::assembleWith (502 bytes)
Event: 39.794 Thread 0x0000014bfe79cb80 15928       3       org.eclipse.core.internal.jobs.JobQueue::canOvertake (69 bytes)
Event: 39.795 Thread 0x0000014bfe79cb80 nmethod 15928 0x0000014baadf6f90 code [0x0000014baadf7180, 0x0000014baadf7780]
Event: 39.795 Thread 0x0000014bfe79cb80 15929       3       org.eclipse.core.internal.utils.BitMask::isSet (11 bytes)
Event: 39.796 Thread 0x0000014bfe79cb80 nmethod 15929 0x0000014baadf7910 code [0x0000014baadf7ac0, 0x0000014baadf7c10]
Event: 39.803 Thread 0x0000014bfe79cb80 15931       3       org.eclipse.jdt.internal.core.index.DiskIndex::writeCategories (65 bytes)
Event: 39.804 Thread 0x0000014bfe79cb80 nmethod 15931 0x0000014baadf7c90 code [0x0000014baadf7e60, 0x0000014baadf8238]
Event: 39.807 Thread 0x0000014bfe79cb80 15932       3       org.eclipse.jdt.internal.core.index.DiskIndex::writeStreamInt (122 bytes)
Event: 39.809 Thread 0x0000014bfe79cb80 nmethod 15932 0x0000014baadf8410 code [0x0000014baadf85c0, 0x0000014baadf88c0]
Event: 40.875 Thread 0x0000014bfe79cb80 15933       3       org.eclipse.jdt.internal.compiler.parser.Parser::checkComment (273 bytes)

GC Heap History (20 events):
Event: 37.079 GC heap after
{Heap after GC invocations=975 (full 3):
 PSYoungGen      total 6656K, used 1377K [0x00000000d5580000, 0x00000000d5d80000, 0x0000000100000000)
  eden space 5120K, 0% used [0x00000000d5580000,0x00000000d5580000,0x00000000d5a80000)
  from space 1536K, 89% used [0x00000000d5c00000,0x00000000d5d58780,0x00000000d5d80000)
  to   space 1536K, 0% used [0x00000000d5a80000,0x00000000d5a80000,0x00000000d5c00000)
 ParOldGen       total 540672K, used 540393K [0x0000000080000000, 0x00000000a1000000, 0x00000000d5580000)
  object space 540672K, 99% used [0x0000000080000000,0x00000000a0fba5e0,0x00000000a1000000)
 Metaspace       used 66050K, committed 67648K, reserved 1114112K
  class space    used 6862K, committed 7616K, reserved 1048576K
}
Event: 37.319 GC heap before
{Heap before GC invocations=976 (full 3):
 PSYoungGen      total 6656K, used 6497K [0x00000000d5580000, 0x00000000d5d80000, 0x0000000100000000)
  eden space 5120K, 100% used [0x00000000d5580000,0x00000000d5a80000,0x00000000d5a80000)
  from space 1536K, 89% used [0x00000000d5c00000,0x00000000d5d58780,0x00000000d5d80000)
  to   space 1536K, 0% used [0x00000000d5a80000,0x00000000d5a80000,0x00000000d5c00000)
 ParOldGen       total 540672K, used 540393K [0x0000000080000000, 0x00000000a1000000, 0x00000000d5580000)
  object space 540672K, 99% used [0x0000000080000000,0x00000000a0fba5e0,0x00000000a1000000)
 Metaspace       used 66082K, committed 67712K, reserved 1114112K
  class space    used 6862K, committed 7616K, reserved 1048576K
}
Event: 37.322 GC heap after
{Heap after GC invocations=976 (full 3):
 PSYoungGen      total 5632K, used 352K [0x00000000d5580000, 0x00000000d5c80000, 0x0000000100000000)
  eden space 5120K, 0% used [0x00000000d5580000,0x00000000d5580000,0x00000000d5a80000)
  from space 512K, 68% used [0x00000000d5a80000,0x00000000d5ad8000,0x00000000d5b00000)
  to   space 1024K, 0% used [0x00000000d5b80000,0x00000000d5b80000,0x00000000d5c80000)
 ParOldGen       total 541184K, used 540689K [0x0000000080000000, 0x00000000a1080000, 0x00000000d5580000)
  object space 541184K, 99% used [0x0000000080000000,0x00000000a10045e0,0x00000000a1080000)
 Metaspace       used 66082K, committed 67712K, reserved 1114112K
  class space    used 6862K, committed 7616K, reserved 1048576K
}
Event: 37.397 GC heap before
{Heap before GC invocations=977 (full 3):
 PSYoungGen      total 5632K, used 5472K [0x00000000d5580000, 0x00000000d5c80000, 0x0000000100000000)
  eden space 5120K, 100% used [0x00000000d5580000,0x00000000d5a80000,0x00000000d5a80000)
  from space 512K, 68% used [0x00000000d5a80000,0x00000000d5ad8000,0x00000000d5b00000)
  to   space 1024K, 0% used [0x00000000d5b80000,0x00000000d5b80000,0x00000000d5c80000)
 ParOldGen       total 541184K, used 540689K [0x0000000080000000, 0x00000000a1080000, 0x00000000d5580000)
  object space 541184K, 99% used [0x0000000080000000,0x00000000a10045e0,0x00000000a1080000)
 Metaspace       used 66103K, committed 67712K, reserved 1114112K
  class space    used 6862K, committed 7616K, reserved 1048576K
}
Event: 37.401 GC heap after
{Heap after GC invocations=977 (full 3):
 PSYoungGen      total 6144K, used 672K [0x00000000d5580000, 0x00000000d5c80000, 0x0000000100000000)
  eden space 5120K, 0% used [0x00000000d5580000,0x00000000d5580000,0x00000000d5a80000)
  from space 1024K, 65% used [0x00000000d5b80000,0x00000000d5c28000,0x00000000d5c80000)
  to   space 1024K, 0% used [0x00000000d5a80000,0x00000000d5a80000,0x00000000d5b80000)
 ParOldGen       total 541184K, used 540873K [0x0000000080000000, 0x00000000a1080000, 0x00000000d5580000)
  object space 541184K, 99% used [0x0000000080000000,0x00000000a10325e0,0x00000000a1080000)
 Metaspace       used 66103K, committed 67712K, reserved 1114112K
  class space    used 6862K, committed 7616K, reserved 1048576K
}
Event: 37.496 GC heap before
{Heap before GC invocations=978 (full 3):
 PSYoungGen      total 6144K, used 5792K [0x00000000d5580000, 0x00000000d5c80000, 0x0000000100000000)
  eden space 5120K, 100% used [0x00000000d5580000,0x00000000d5a80000,0x00000000d5a80000)
  from space 1024K, 65% used [0x00000000d5b80000,0x00000000d5c28000,0x00000000d5c80000)
  to   space 1024K, 0% used [0x00000000d5a80000,0x00000000d5a80000,0x00000000d5b80000)
 ParOldGen       total 541184K, used 540873K [0x0000000080000000, 0x00000000a1080000, 0x00000000d5580000)
  object space 541184K, 99% used [0x0000000080000000,0x00000000a10325e0,0x00000000a1080000)
 Metaspace       used 66181K, committed 67776K, reserved 1114112K
  class space    used 6863K, committed 7616K, reserved 1048576K
}
Event: 37.500 GC heap after
{Heap after GC invocations=978 (full 3):
 PSYoungGen      total 6144K, used 864K [0x00000000d5580000, 0x00000000d5c80000, 0x0000000100000000)
  eden space 5120K, 0% used [0x00000000d5580000,0x00000000d5580000,0x00000000d5a80000)
  from space 1024K, 84% used [0x00000000d5a80000,0x00000000d5b58000,0x00000000d5b80000)
  to   space 1024K, 0% used [0x00000000d5b80000,0x00000000d5b80000,0x00000000d5c80000)
 ParOldGen       total 541696K, used 541393K [0x0000000080000000, 0x00000000a1100000, 0x00000000d5580000)
  object space 541696K, 99% used [0x0000000080000000,0x00000000a10b45e0,0x00000000a1100000)
 Metaspace       used 66181K, committed 67776K, reserved 1114112K
  class space    used 6863K, committed 7616K, reserved 1048576K
}
Event: 38.578 GC heap before
{Heap before GC invocations=979 (full 3):
 PSYoungGen      total 6144K, used 5984K [0x00000000d5580000, 0x00000000d5c80000, 0x0000000100000000)
  eden space 5120K, 100% used [0x00000000d5580000,0x00000000d5a80000,0x00000000d5a80000)
  from space 1024K, 84% used [0x00000000d5a80000,0x00000000d5b58000,0x00000000d5b80000)
  to   space 1024K, 0% used [0x00000000d5b80000,0x00000000d5b80000,0x00000000d5c80000)
 ParOldGen       total 541696K, used 541393K [0x0000000080000000, 0x00000000a1100000, 0x00000000d5580000)
  object space 541696K, 99% used [0x0000000080000000,0x00000000a10b45e0,0x00000000a1100000)
 Metaspace       used 66261K, committed 67840K, reserved 1114112K
  class space    used 6863K, committed 7616K, reserved 1048576K
}
Event: 38.583 GC heap after
{Heap after GC invocations=979 (full 3):
 PSYoungGen      total 6144K, used 832K [0x00000000d5580000, 0x00000000d5c80000, 0x0000000100000000)
  eden space 5120K, 0% used [0x00000000d5580000,0x00000000d5580000,0x00000000d5a80000)
  from space 1024K, 81% used [0x00000000d5b80000,0x00000000d5c50000,0x00000000d5c80000)
  to   space 1024K, 0% used [0x00000000d5a80000,0x00000000d5a80000,0x00000000d5b80000)
 ParOldGen       total 542208K, used 542061K [0x0000000080000000, 0x00000000a1180000, 0x00000000d5580000)
  object space 542208K, 99% used [0x0000000080000000,0x00000000a115b600,0x00000000a1180000)
 Metaspace       used 66261K, committed 67840K, reserved 1114112K
  class space    used 6863K, committed 7616K, reserved 1048576K
}
Event: 38.653 GC heap before
{Heap before GC invocations=980 (full 3):
 PSYoungGen      total 6144K, used 5952K [0x00000000d5580000, 0x00000000d5c80000, 0x0000000100000000)
  eden space 5120K, 100% used [0x00000000d5580000,0x00000000d5a80000,0x00000000d5a80000)
  from space 1024K, 81% used [0x00000000d5b80000,0x00000000d5c50000,0x00000000d5c80000)
  to   space 1024K, 0% used [0x00000000d5a80000,0x00000000d5a80000,0x00000000d5b80000)
 ParOldGen       total 542208K, used 542061K [0x0000000080000000, 0x00000000a1180000, 0x00000000d5580000)
  object space 542208K, 99% used [0x0000000080000000,0x00000000a115b600,0x00000000a1180000)
 Metaspace       used 66355K, committed 67968K, reserved 1114112K
  class space    used 6867K, committed 7616K, reserved 1048576K
}
Event: 38.657 GC heap after
{Heap after GC invocations=980 (full 3):
 PSYoungGen      total 6144K, used 736K [0x00000000d5580000, 0x00000000d5c80000, 0x0000000100000000)
  eden space 5120K, 0% used [0x00000000d5580000,0x00000000d5580000,0x00000000d5a80000)
  from space 1024K, 71% used [0x00000000d5a80000,0x00000000d5b38000,0x00000000d5b80000)
  to   space 1024K, 0% used [0x00000000d5b80000,0x00000000d5b80000,0x00000000d5c80000)
 ParOldGen       total 542720K, used 542718K [0x0000000080000000, 0x00000000a1200000, 0x00000000d5580000)
  object space 542720K, 99% used [0x0000000080000000,0x00000000a11ff9e8,0x00000000a1200000)
 Metaspace       used 66355K, committed 67968K, reserved 1114112K
  class space    used 6867K, committed 7616K, reserved 1048576K
}
Event: 38.722 GC heap before
{Heap before GC invocations=981 (full 3):
 PSYoungGen      total 6144K, used 5856K [0x00000000d5580000, 0x00000000d5c80000, 0x0000000100000000)
  eden space 5120K, 100% used [0x00000000d5580000,0x00000000d5a80000,0x00000000d5a80000)
  from space 1024K, 71% used [0x00000000d5a80000,0x00000000d5b38000,0x00000000d5b80000)
  to   space 1024K, 0% used [0x00000000d5b80000,0x00000000d5b80000,0x00000000d5c80000)
 ParOldGen       total 542720K, used 542718K [0x0000000080000000, 0x00000000a1200000, 0x00000000d5580000)
  object space 542720K, 99% used [0x0000000080000000,0x00000000a11ff9e8,0x00000000a1200000)
 Metaspace       used 66395K, committed 68032K, reserved 1114112K
  class space    used 6867K, committed 7616K, reserved 1048576K
}
Event: 38.725 GC heap after
{Heap after GC invocations=981 (full 3):
 PSYoungGen      total 6144K, used 860K [0x00000000d5580000, 0x00000000d5c80000, 0x0000000100000000)
  eden space 5120K, 0% used [0x00000000d5580000,0x00000000d5580000,0x00000000d5a80000)
  from space 1024K, 83% used [0x00000000d5b80000,0x00000000d5c57000,0x00000000d5c80000)
  to   space 1024K, 0% used [0x00000000d5a80000,0x00000000d5a80000,0x00000000d5b80000)
 ParOldGen       total 543744K, used 543340K [0x0000000080000000, 0x00000000a1300000, 0x00000000d5580000)
  object space 543744K, 99% used [0x0000000080000000,0x00000000a129b338,0x00000000a1300000)
 Metaspace       used 66395K, committed 68032K, reserved 1114112K
  class space    used 6867K, committed 7616K, reserved 1048576K
}
Event: 38.742 GC heap before
{Heap before GC invocations=982 (full 3):
 PSYoungGen      total 6144K, used 5980K [0x00000000d5580000, 0x00000000d5c80000, 0x0000000100000000)
  eden space 5120K, 100% used [0x00000000d5580000,0x00000000d5a80000,0x00000000d5a80000)
  from space 1024K, 83% used [0x00000000d5b80000,0x00000000d5c57000,0x00000000d5c80000)
  to   space 1024K, 0% used [0x00000000d5a80000,0x00000000d5a80000,0x00000000d5b80000)
 ParOldGen       total 543744K, used 543340K [0x0000000080000000, 0x00000000a1300000, 0x00000000d5580000)
  object space 543744K, 99% used [0x0000000080000000,0x00000000a129b338,0x00000000a1300000)
 Metaspace       used 66395K, committed 68032K, reserved 1114112K
  class space    used 6867K, committed 7616K, reserved 1048576K
}
Event: 38.745 GC heap after
{Heap after GC invocations=982 (full 3):
 PSYoungGen      total 6144K, used 795K [0x00000000d5580000, 0x00000000d5c80000, 0x0000000100000000)
  eden space 5120K, 0% used [0x00000000d5580000,0x00000000d5580000,0x00000000d5a80000)
  from space 1024K, 77% used [0x00000000d5a80000,0x00000000d5b46c28,0x00000000d5b80000)
  to   space 1024K, 0% used [0x00000000d5b80000,0x00000000d5b80000,0x00000000d5c80000)
 ParOldGen       total 544256K, used 543944K [0x0000000080000000, 0x00000000a1380000, 0x00000000d5580000)
  object space 544256K, 99% used [0x0000000080000000,0x00000000a1332338,0x00000000a1380000)
 Metaspace       used 66395K, committed 68032K, reserved 1114112K
  class space    used 6867K, committed 7616K, reserved 1048576K
}
Event: 38.770 GC heap before
{Heap before GC invocations=983 (full 3):
 PSYoungGen      total 6144K, used 5915K [0x00000000d5580000, 0x00000000d5c80000, 0x0000000100000000)
  eden space 5120K, 100% used [0x00000000d5580000,0x00000000d5a80000,0x00000000d5a80000)
  from space 1024K, 77% used [0x00000000d5a80000,0x00000000d5b46c28,0x00000000d5b80000)
  to   space 1024K, 0% used [0x00000000d5b80000,0x00000000d5b80000,0x00000000d5c80000)
 ParOldGen       total 544256K, used 543944K [0x0000000080000000, 0x00000000a1380000, 0x00000000d5580000)
  object space 544256K, 99% used [0x0000000080000000,0x00000000a1332338,0x00000000a1380000)
 Metaspace       used 66395K, committed 68032K, reserved 1114112K
  class space    used 6867K, committed 7616K, reserved 1048576K
}
Event: 38.773 GC heap after
{Heap after GC invocations=983 (full 3):
 PSYoungGen      total 6144K, used 886K [0x00000000d5580000, 0x00000000d5c80000, 0x0000000100000000)
  eden space 5120K, 0% used [0x00000000d5580000,0x00000000d5580000,0x00000000d5a80000)
  from space 1024K, 86% used [0x00000000d5b80000,0x00000000d5c5d828,0x00000000d5c80000)
  to   space 1024K, 0% used [0x00000000d5a80000,0x00000000d5a80000,0x00000000d5b80000)
 ParOldGen       total 544768K, used 544536K [0x0000000080000000, 0x00000000a1400000, 0x00000000d5580000)
  object space 544768K, 99% used [0x0000000080000000,0x00000000a13c6368,0x00000000a1400000)
 Metaspace       used 66395K, committed 68032K, reserved 1114112K
  class space    used 6867K, committed 7616K, reserved 1048576K
}
Event: 38.796 GC heap before
{Heap before GC invocations=984 (full 3):
 PSYoungGen      total 6144K, used 6006K [0x00000000d5580000, 0x00000000d5c80000, 0x0000000100000000)
  eden space 5120K, 100% used [0x00000000d5580000,0x00000000d5a80000,0x00000000d5a80000)
  from space 1024K, 86% used [0x00000000d5b80000,0x00000000d5c5d828,0x00000000d5c80000)
  to   space 1024K, 0% used [0x00000000d5a80000,0x00000000d5a80000,0x00000000d5b80000)
 ParOldGen       total 544768K, used 544536K [0x0000000080000000, 0x00000000a1400000, 0x00000000d5580000)
  object space 544768K, 99% used [0x0000000080000000,0x00000000a13c6368,0x00000000a1400000)
 Metaspace       used 66395K, committed 68032K, reserved 1114112K
  class space    used 6867K, committed 7616K, reserved 1048576K
}
Event: 38.799 GC heap after
{Heap after GC invocations=984 (full 3):
 PSYoungGen      total 6144K, used 704K [0x00000000d5580000, 0x00000000d5c80000, 0x0000000100000000)
  eden space 5120K, 0% used [0x00000000d5580000,0x00000000d5580000,0x00000000d5a80000)
  from space 1024K, 68% used [0x00000000d5a80000,0x00000000d5b30000,0x00000000d5b80000)
  to   space 1024K, 0% used [0x00000000d5b80000,0x00000000d5b80000,0x00000000d5c80000)
 ParOldGen       total 545280K, used 545214K [0x0000000080000000, 0x00000000a1480000, 0x00000000d5580000)
  object space 545280K, 99% used [0x0000000080000000,0x00000000a146fba0,0x00000000a1480000)
 Metaspace       used 66395K, committed 68032K, reserved 1114112K
  class space    used 6867K, committed 7616K, reserved 1048576K
}
Event: 40.893 GC heap before
{Heap before GC invocations=985 (full 3):
 PSYoungGen      total 6144K, used 5725K [0x00000000d5580000, 0x00000000d5c80000, 0x0000000100000000)
  eden space 5120K, 98% used [0x00000000d5580000,0x00000000d5a676c0,0x00000000d5a80000)
  from space 1024K, 68% used [0x00000000d5a80000,0x00000000d5b30000,0x00000000d5b80000)
  to   space 1024K, 0% used [0x00000000d5b80000,0x00000000d5b80000,0x00000000d5c80000)
 ParOldGen       total 545280K, used 545214K [0x0000000080000000, 0x00000000a1480000, 0x00000000d5580000)
  object space 545280K, 99% used [0x0000000080000000,0x00000000a146fba0,0x00000000a1480000)
 Metaspace       used 66399K, committed 68032K, reserved 1114112K
  class space    used 6867K, committed 7616K, reserved 1048576K
}

Dll operation events (12 events):
Event: 0.015 Loaded shared library c:\Users\muhad\.vscode\extensions\redhat.java-1.55.0-win32-x64\jre\21.0.11-win32-x86_64\bin\java.dll
Event: 0.113 Loaded shared library c:\Users\muhad\.vscode\extensions\redhat.java-1.55.0-win32-x64\jre\21.0.11-win32-x86_64\bin\zip.dll
Event: 0.146 Loaded shared library C:\Users\muhad\.vscode\extensions\redhat.java-1.55.0-win32-x64\jre\21.0.11-win32-x86_64\bin\instrument.dll
Event: 0.156 Loaded shared library C:\Users\muhad\.vscode\extensions\redhat.java-1.55.0-win32-x64\jre\21.0.11-win32-x86_64\bin\net.dll
Event: 0.159 Loaded shared library C:\Users\muhad\.vscode\extensions\redhat.java-1.55.0-win32-x64\jre\21.0.11-win32-x86_64\bin\nio.dll
Event: 0.164 Loaded shared library C:\Users\muhad\.vscode\extensions\redhat.java-1.55.0-win32-x64\jre\21.0.11-win32-x86_64\bin\zip.dll
Event: 0.192 Loaded shared library C:\Users\muhad\.vscode\extensions\redhat.java-1.55.0-win32-x64\jre\21.0.11-win32-x86_64\bin\jimage.dll
Event: 0.304 Loaded shared library c:\Users\muhad\.vscode\extensions\redhat.java-1.55.0-win32-x64\jre\21.0.11-win32-x86_64\bin\verify.dll
Event: 2.272 Loaded shared library C:\Users\muhad\AppData\Roaming\Code\User\globalStorage\redhat.java\1.55.0\config_win\org.eclipse.equinox.launcher\org.eclipse.equinox.launcher.win32.win32.x86_64_1.3.100.v20260613-0559\eclipse_11924.dll
Event: 6.888 Loaded shared library C:\Users\muhad\AppData\Local\Temp\jna-104252387\jna11662200908135061248.dll
Event: 9.626 Loaded shared library C:\Users\muhad\.vscode\extensions\redhat.java-1.55.0-win32-x64\jre\21.0.11-win32-x86_64\bin\management.dll
Event: 9.635 Loaded shared library C:\Users\muhad\.vscode\extensions\redhat.java-1.55.0-win32-x64\jre\21.0.11-win32-x86_64\bin\management_ext.dll

Deoptimization events (20 events):
Event: 37.363 Thread 0x0000014b84285890 DEOPT PACKING pc=0x0000014bb0cfbaec sp=0x00000043987fe260
Event: 37.363 Thread 0x0000014b84285890 DEOPT UNPACKING pc=0x0000014bb0133aa2 sp=0x00000043987fe190 mode 2
Event: 38.545 Thread 0x0000014b84285890 DEOPT PACKING pc=0x0000014ba9f344f9 sp=0x00000043987fe120
Event: 38.545 Thread 0x0000014b84285890 DEOPT UNPACKING pc=0x0000014bb0134242 sp=0x00000043987fd5d8 mode 0
Event: 38.612 Thread 0x0000014b85afe010 Uncommon trap: trap_request=0xffffff76 fr.pc=0x0000014bb108a3bc relative=0x000000000000011c
Event: 38.612 Thread 0x0000014b85afe010 Uncommon trap: reason=predicate action=maybe_recompile pc=0x0000014bb108a3bc method=java.util.Arrays.fill([Ljava/lang/Object;Ljava/lang/Object;)V @ 7 c2
Event: 38.612 Thread 0x0000014b85afe010 DEOPT PACKING pc=0x0000014bb108a3bc sp=0x000000439a2fe8c0
Event: 38.612 Thread 0x0000014b85afe010 DEOPT UNPACKING pc=0x0000014bb0133aa2 sp=0x000000439a2fe848 mode 2
Event: 38.688 Thread 0x0000014b84285890 Uncommon trap: trap_request=0xffffffd6 fr.pc=0x0000014bb1091cec relative=0x000000000000014c
Event: 38.688 Thread 0x0000014b84285890 Uncommon trap: reason=array_check action=maybe_recompile pc=0x0000014bb1091cec method=java.util.Arrays.fill([Ljava/lang/Object;Ljava/lang/Object;)V @ 13 c2
Event: 38.688 Thread 0x0000014b84285890 DEOPT PACKING pc=0x0000014bb1091cec sp=0x00000043987fe4b0
Event: 38.688 Thread 0x0000014b84285890 DEOPT UNPACKING pc=0x0000014bb0133aa2 sp=0x00000043987fe450 mode 2
Event: 38.749 Thread 0x0000014b842844e0 Uncommon trap: trap_request=0xffffff45 fr.pc=0x0000014bb0ac6a60 relative=0x0000000000000280
Event: 38.749 Thread 0x0000014b842844e0 Uncommon trap: reason=unstable_if action=reinterpret pc=0x0000014bb0ac6a60 method=org.eclipse.jdt.internal.compiler.parser.Scanner.scanIdentifier()Lorg/eclipse/jdt/internal/compiler/parser/TerminalToken; @ 76 c2
Event: 38.749 Thread 0x0000014b842844e0 DEOPT PACKING pc=0x0000014bb0ac6a60 sp=0x00000043985ff1e0
Event: 38.749 Thread 0x0000014b842844e0 DEOPT UNPACKING pc=0x0000014bb0133aa2 sp=0x00000043985ff138 mode 2
Event: 38.749 Thread 0x0000014b842844e0 Uncommon trap: trap_request=0xffffff45 fr.pc=0x0000014bb09d6594 relative=0x00000000000001d4
Event: 38.749 Thread 0x0000014b842844e0 Uncommon trap: reason=unstable_if action=reinterpret pc=0x0000014bb09d6594 method=org.eclipse.jdt.internal.compiler.parser.Scanner.scanIdentifierOrKeywordWithBoundCheck()Lorg/eclipse/jdt/internal/compiler/parser/TerminalToken; @ 146 c2
Event: 38.749 Thread 0x0000014b842844e0 DEOPT PACKING pc=0x0000014bb09d6594 sp=0x00000043985ff130
Event: 38.749 Thread 0x0000014b842844e0 DEOPT UNPACKING pc=0x0000014bb0133aa2 sp=0x00000043985ff0b8 mode 2

Classes loaded (20 events):
Event: 32.063 Loading class sun/util/locale/provider/TimeZoneNameProviderImpl done
Event: 32.063 Loading class sun/util/cldr/CLDRTimeZoneNameProviderImpl done
Event: 32.066 Loading class sun/util/resources/cldr/TimeZoneNames
Event: 32.067 Loading class sun/util/resources/TimeZoneNamesBundle
Event: 32.067 Loading class sun/util/resources/OpenListResourceBundle
Event: 32.068 Loading class sun/util/resources/OpenListResourceBundle done
Event: 32.068 Loading class sun/util/resources/TimeZoneNamesBundle done
Event: 32.068 Loading class sun/util/resources/cldr/TimeZoneNames done
Event: 32.068 Loading class sun/util/resources/cldr/TimeZoneNames_en
Event: 32.071 Loading class sun/util/resources/cldr/TimeZoneNames_en done
Event: 32.071 Loading class sun/util/resources/cldr/TimeZoneNames_en_US
Event: 32.071 Loading class sun/util/resources/cldr/TimeZoneNames_en_US done
Event: 32.074 Loading class sun/util/cldr/CLDRBaseLocaleDataMetaInfo$TZCanonicalIDMapHolder
Event: 32.076 Loading class sun/util/cldr/CLDRBaseLocaleDataMetaInfo$TZCanonicalIDMapHolder done
Event: 32.079 Loading class sun/util/resources/TimeZoneNames
Event: 32.081 Loading class sun/util/resources/TimeZoneNames done
Event: 32.082 Loading class sun/util/resources/TimeZoneNames_en
Event: 32.082 Loading class sun/util/resources/TimeZoneNames_en done
Event: 37.363 Loading class jdk/internal/module/IllegalAccessLogger
Event: 37.363 Loading class jdk/internal/module/IllegalAccessLogger done

Classes unloaded (8 events):
Event: 7.868 Thread 0x0000014ba5943590 Unloading class 0x0000014bbe1aa000 'java/lang/invoke/LambdaForm$MH+0x0000014bbe1aa000'
Event: 7.868 Thread 0x0000014ba5943590 Unloading class 0x0000014bbe1a9c00 'java/lang/invoke/LambdaForm$MH+0x0000014bbe1a9c00'
Event: 7.868 Thread 0x0000014ba5943590 Unloading class 0x0000014bbe1a9800 'java/lang/invoke/LambdaForm$MH+0x0000014bbe1a9800'
Event: 7.868 Thread 0x0000014ba5943590 Unloading class 0x0000014bbe1a9400 'java/lang/invoke/LambdaForm$MH+0x0000014bbe1a9400'
Event: 7.868 Thread 0x0000014ba5943590 Unloading class 0x0000014bbe1a9000 'java/lang/invoke/LambdaForm$BMH+0x0000014bbe1a9000'
Event: 7.868 Thread 0x0000014ba5943590 Unloading class 0x0000014bbe1a8c00 'java/lang/invoke/LambdaForm$DMH+0x0000014bbe1a8c00'
Event: 7.868 Thread 0x0000014ba5943590 Unloading class 0x0000014bbe1a3800 'java/lang/invoke/LambdaForm$DMH+0x0000014bbe1a3800'
Event: 16.671 Thread 0x0000014ba5943590 Unloading class 0x0000014bbe69c800 'java/lang/invoke/LambdaForm$DMH+0x0000014bbe69c800'

Classes redefined (0 events):
No events

Internal exceptions (20 events):
Event: 36.772 Thread 0x0000014b842844e0 Exception <a 'sun/nio/fs/WindowsException'{0x00000000d5580de0}> (0x00000000d5580de0) 
thrown [s\src\hotspot\share\prims\jni.cpp, line 520]
Event: 36.855 Thread 0x0000014b842844e0 Exception <a 'sun/nio/fs/WindowsException'{0x00000000d5666538}> (0x00000000d5666538) 
thrown [s\src\hotspot\share\prims\jni.cpp, line 520]
Event: 37.395 Thread 0x0000014b85afe010 Exception <a 'java/lang/NullPointerException'{0x00000000d5a68908}> (0x00000000d5a68908) 
thrown [s\src\hotspot\share\interpreter\linkResolver.cpp, line 1372]
Event: 37.395 Thread 0x0000014b85afe010 Exception <a 'java/lang/NullPointerException'{0x00000000d5a6a578}> (0x00000000d5a6a578) 
thrown [s\src\hotspot\share\interpreter\linkResolver.cpp, line 1372]
Event: 37.438 Thread 0x0000014b85afe010 Exception <a 'java/lang/NullPointerException'{0x00000000d5768330}> (0x00000000d5768330) 
thrown [s\src\hotspot\share\interpreter\linkResolver.cpp, line 1372]
Event: 37.439 Thread 0x0000014b85afe010 Exception <a 'java/lang/NullPointerException'{0x00000000d5775a58}> (0x00000000d5775a58) 
thrown [s\src\hotspot\share\interpreter\linkResolver.cpp, line 1372]
Event: 37.440 Thread 0x0000014b85afe010 Exception <a 'java/lang/NullPointerException'{0x00000000d5776380}> (0x00000000d5776380) 
thrown [s\src\hotspot\share\interpreter\linkResolver.cpp, line 1372]
Event: 37.440 Thread 0x0000014b85afe010 Exception <a 'java/lang/NullPointerException'{0x00000000d5776958}> (0x00000000d5776958) 
thrown [s\src\hotspot\share\interpreter\linkResolver.cpp, line 1372]
Event: 37.440 Thread 0x0000014b85afe010 Exception <a 'java/lang/NullPointerException'{0x00000000d5776e10}> (0x00000000d5776e10) 
thrown [s\src\hotspot\share\interpreter\linkResolver.cpp, line 1372]
Event: 37.441 Thread 0x0000014b85afe010 Exception <a 'java/lang/NullPointerException'{0x00000000d57774b8}> (0x00000000d57774b8) 
thrown [s\src\hotspot\share\interpreter\linkResolver.cpp, line 1372]
Event: 37.464 Thread 0x0000014b85afe010 Exception <a 'java/lang/NullPointerException'{0x00000000d588e8e0}> (0x00000000d588e8e0) 
thrown [s\src\hotspot\share\interpreter\linkResolver.cpp, line 1372]
Event: 38.186 Thread 0x0000014b842844e0 Exception <a 'sun/nio/fs/WindowsException'{0x00000000d56eb770}> (0x00000000d56eb770) 
thrown [s\src\hotspot\share\prims\jni.cpp, line 520]
Event: 38.545 Thread 0x0000014b85afe010 Exception <a 'java/lang/NullPointerException'{0x00000000d5743b50}> (0x00000000d5743b50) 
thrown [s\src\hotspot\share\interpreter\linkResolver.cpp, line 1372]
Event: 38.548 Thread 0x0000014b85afe010 Exception <a 'java/lang/NullPointerException'{0x00000000d5744b30}> (0x00000000d5744b30) 
thrown [s\src\hotspot\share\interpreter\linkResolver.cpp, line 1372]
Event: 38.548 Thread 0x0000014b85afe010 Exception <a 'java/lang/NullPointerException'{0x00000000d5745ad0}> (0x00000000d5745ad0) 
thrown [s\src\hotspot\share\interpreter\linkResolver.cpp, line 1372]
Event: 38.549 Thread 0x0000014b85afe010 Exception <a 'java/lang/NullPointerException'{0x00000000d5746050}> (0x00000000d5746050) 
thrown [s\src\hotspot\share\interpreter\linkResolver.cpp, line 1372]
Event: 38.554 Thread 0x0000014b85afe010 Exception <a 'java/lang/NullPointerException'{0x00000000d5746f78}> (0x00000000d5746f78) 
thrown [s\src\hotspot\share\interpreter\linkResolver.cpp, line 1372]
Event: 38.554 Thread 0x0000014b85afe010 Exception <a 'java/lang/NullPointerException'{0x00000000d57478a8}> (0x00000000d57478a8) 
thrown [s\src\hotspot\share\interpreter\linkResolver.cpp, line 1372]
Event: 38.608 Thread 0x0000014b85afe010 Exception <a 'java/lang/NoSuchMethodError'{0x00000000d5973448}: 'java.lang.Object java.lang.invoke.DirectMethodHandle$Holder.invokeStatic(java.lang.Object, java.lang.Object, int, java.lang.Object)'> (0x00000000d5973448) 
thrown [s\src\hotspot\share\interpreter\linkResolver.cpp, line 773]
Event: 38.671 Thread 0x0000014b842844e0 Exception <a 'sun/nio/fs/WindowsException'{0x00000000d55d64c8}> (0x00000000d55d64c8) 
thrown [s\src\hotspot\share\prims\jni.cpp, line 520]

ZGC Phase Switch (0 events):
No events

VM Operations (20 events):
Event: 37.322 Executing safepoint VM operation: ParallelGCFailedAllocation (Allocation Failure) done
Event: 37.397 Executing safepoint VM operation: ParallelGCFailedAllocation (Allocation Failure)
Event: 37.401 Executing safepoint VM operation: ParallelGCFailedAllocation (Allocation Failure) done
Event: 37.496 Executing safepoint VM operation: ParallelGCFailedAllocation (Allocation Failure)
Event: 37.500 Executing safepoint VM operation: ParallelGCFailedAllocation (Allocation Failure) done
Event: 38.503 Executing safepoint VM operation: Cleanup
Event: 38.536 Executing safepoint VM operation: Cleanup done
Event: 38.578 Executing safepoint VM operation: ParallelGCFailedAllocation (Allocation Failure)
Event: 38.583 Executing safepoint VM operation: ParallelGCFailedAllocation (Allocation Failure) done
Event: 38.652 Executing safepoint VM operation: ParallelGCFailedAllocation (Allocation Failure)
Event: 38.657 Executing safepoint VM operation: ParallelGCFailedAllocation (Allocation Failure) done
Event: 38.722 Executing safepoint VM operation: ParallelGCFailedAllocation (Allocation Failure)
Event: 38.725 Executing safepoint VM operation: ParallelGCFailedAllocation (Allocation Failure) done
Event: 38.742 Executing safepoint VM operation: ParallelGCFailedAllocation (Allocation Failure)
Event: 38.745 Executing safepoint VM operation: ParallelGCFailedAllocation (Allocation Failure) done
Event: 38.770 Executing safepoint VM operation: ParallelGCFailedAllocation (Allocation Failure)
Event: 38.773 Executing safepoint VM operation: ParallelGCFailedAllocation (Allocation Failure) done
Event: 38.796 Executing safepoint VM operation: ParallelGCFailedAllocation (Allocation Failure)
Event: 38.799 Executing safepoint VM operation: ParallelGCFailedAllocation (Allocation Failure) done
Event: 40.893 Executing safepoint VM operation: ParallelGCFailedAllocation (Allocation Failure)

Memory protections (0 events):
No events

Nmethod flushes (20 events):
Event: 16.705 Thread 0x0000014ba5943590 flushing  nmethod 0x0000014ba96c9290
Event: 16.705 Thread 0x0000014ba5943590 flushing  nmethod 0x0000014ba96cc210
Event: 16.705 Thread 0x0000014ba5943590 flushing  nmethod 0x0000014ba96cd210
Event: 16.705 Thread 0x0000014ba5943590 flushing  nmethod 0x0000014ba96ce810
Event: 16.705 Thread 0x0000014ba5943590 flushing  nmethod 0x0000014ba96d0090
Event: 16.705 Thread 0x0000014ba5943590 flushing  nmethod 0x0000014ba96d1c10
Event: 16.705 Thread 0x0000014ba5943590 flushing  nmethod 0x0000014ba96d5c10
Event: 16.705 Thread 0x0000014ba5943590 flushing  nmethod 0x0000014ba96d6810
Event: 16.705 Thread 0x0000014ba5943590 flushing  nmethod 0x0000014ba96d6b90
Event: 16.705 Thread 0x0000014ba5943590 flushing  nmethod 0x0000014ba96d9110
Event: 16.705 Thread 0x0000014ba5943590 flushing  nmethod 0x0000014ba96da490
Event: 16.705 Thread 0x0000014ba5943590 flushing  nmethod 0x0000014ba96e2f10
Event: 16.705 Thread 0x0000014ba5943590 flushing  nmethod 0x0000014ba96e3710
Event: 16.705 Thread 0x0000014ba5943590 flushing  nmethod 0x0000014ba96e5110
Event: 16.705 Thread 0x0000014ba5943590 flushing  nmethod 0x0000014ba96e8610
Event: 16.705 Thread 0x0000014ba5943590 flushing  nmethod 0x0000014ba96eea90
Event: 16.705 Thread 0x0000014ba5943590 flushing  nmethod 0x0000014ba96ef810
Event: 16.705 Thread 0x0000014ba5943590 flushing  nmethod 0x0000014ba970ba90
Event: 16.705 Thread 0x0000014ba5943590 flushing  nmethod 0x0000014ba970c310
Event: 16.705 Thread 0x0000014ba5943590 flushing  nmethod 0x0000014ba970e010

Events (20 events):
Event: 31.342 Thread 0x0000014b869d0af0 Thread exited: 0x0000014b869d0af0
Event: 31.342 Thread 0x0000014b86e998e0 Thread exited: 0x0000014b86e998e0
Event: 31.342 Thread 0x0000014b8445e4d0 Thread exited: 0x0000014b8445e4d0
Event: 31.516 Thread 0x0000014b84285890 Thread added: 0x0000014b8445d7b0
Event: 31.516 Thread 0x0000014b84285890 Thread added: 0x0000014b8445e4d0
Event: 31.517 Thread 0x0000014b84285890 Thread added: 0x0000014b869d0af0
Event: 31.517 Thread 0x0000014b84285890 Thread added: 0x0000014b86e97180
Event: 31.518 Thread 0x0000014b84285890 Thread added: 0x0000014b86e99250
Event: 31.541 Thread 0x0000014b869d0af0 Thread exited: 0x0000014b869d0af0
Event: 31.541 Thread 0x0000014b8445e4d0 Thread exited: 0x0000014b8445e4d0
Event: 31.541 Thread 0x0000014b86e97180 Thread exited: 0x0000014b86e97180
Event: 31.541 Thread 0x0000014b86e99250 Thread exited: 0x0000014b86e99250
Event: 31.541 Thread 0x0000014b8445d7b0 Thread exited: 0x0000014b8445d7b0
Event: 31.693 Thread 0x0000014b864e0610 Thread added: 0x0000014b8445d7b0
Event: 32.658 Thread 0x0000014b849c4040 Thread exited: 0x0000014b849c4040
Event: 32.658 Thread 0x0000014b84569240 Thread exited: 0x0000014b84569240
Event: 34.043 Thread 0x0000014bfe79cb80 Thread added: 0x0000014b916e9010
Event: 36.649 Thread 0x0000014b916e9010 Thread exited: 0x0000014b916e9010
Event: 38.547 Thread 0x0000014bfe79cb80 Thread added: 0x0000014b916e9010
Event: 38.906 Thread 0x0000014b8445d7b0 Thread added: 0x0000014b8445e4d0


Dynamic libraries:
0x00007ff609440000 - 0x00007ff60944e000 	c:\Users\muhad\.vscode\extensions\redhat.java-1.55.0-win32-x64\jre\21.0.11-win32-x86_64\bin\java.exe
0x00007ffff2e40000 - 0x00007ffff30a6000 	C:\Windows\SYSTEM32\ntdll.dll
0x00007ffff1c40000 - 0x00007ffff1d09000 	C:\Windows\System32\KERNEL32.DLL
0x00007ffff0370000 - 0x00007ffff076a000 	C:\Windows\System32\KERNELBASE.dll
0x00007ffff09b0000 - 0x00007ffff0afc000 	C:\Windows\System32\ucrtbase.dll
0x00007fff87650000 - 0x00007fff87668000 	c:\Users\muhad\.vscode\extensions\redhat.java-1.55.0-win32-x64\jre\21.0.11-win32-x86_64\bin\jli.dll
0x00007fffc2880000 - 0x00007fffc289e000 	c:\Users\muhad\.vscode\extensions\redhat.java-1.55.0-win32-x64\jre\21.0.11-win32-x86_64\bin\VCRUNTIME140.dll
0x00007ffff0bb0000 - 0x00007ffff0d77000 	C:\Windows\System32\USER32.dll
0x00007fffdcc10000 - 0x00007fffdcea2000 	C:\Windows\WinSxS\amd64_microsoft.windows.common-controls_6595b64144ccf1df_6.0.26100.8521_none_3e08b75ce33403b3\COMCTL32.dll
0x00007ffff0340000 - 0x00007ffff0367000 	C:\Windows\System32\win32u.dll
0x00007ffff1d90000 - 0x00007ffff1e39000 	C:\Windows\System32\msvcrt.dll
0x00007ffff2dc0000 - 0x00007ffff2deb000 	C:\Windows\System32\GDI32.dll
0x00007ffff0210000 - 0x00007ffff033b000 	C:\Windows\System32\gdi32full.dll
0x00007ffff0160000 - 0x00007ffff0203000 	C:\Windows\System32\msvcp_win.dll
0x00007ffff1d50000 - 0x00007ffff1d82000 	C:\Windows\System32\IMM32.DLL
0x00007fffc2870000 - 0x00007fffc287c000 	c:\Users\muhad\.vscode\extensions\redhat.java-1.55.0-win32-x64\jre\21.0.11-win32-x86_64\bin\vcruntime140_1.dll
0x00007fff5e0f0000 - 0x00007fff5e17d000 	c:\Users\muhad\.vscode\extensions\redhat.java-1.55.0-win32-x64\jre\21.0.11-win32-x86_64\bin\msvcp140.dll
0x00007fff5cab0000 - 0x00007fff5d852000 	c:\Users\muhad\.vscode\extensions\redhat.java-1.55.0-win32-x64\jre\21.0.11-win32-x86_64\bin\server\jvm.dll
0x00007ffff2120000 - 0x00007ffff21d6000 	C:\Windows\System32\ADVAPI32.dll
0x00007ffff1e70000 - 0x00007ffff1f1a000 	C:\Windows\System32\sechost.dll
0x00007ffff2000000 - 0x00007ffff2118000 	C:\Windows\System32\RPCRT4.dll
0x00007ffff1940000 - 0x00007ffff19c0000 	C:\Windows\System32\WS2_32.dll
0x00007fffeff30000 - 0x00007fffeff8e000 	C:\Windows\SYSTEM32\POWRPROF.dll
0x00007fffe8a50000 - 0x00007fffe8a5b000 	C:\Windows\SYSTEM32\VERSION.dll
0x00007fffe83e0000 - 0x00007fffe8416000 	C:\Windows\SYSTEM32\WINMM.dll
0x00007fffeff10000 - 0x00007fffeff24000 	C:\Windows\SYSTEM32\UMPDC.dll
0x00007fffeee20000 - 0x00007fffeee3b000 	C:\Windows\SYSTEM32\kernel.appcore.dll
0x00007fff87640000 - 0x00007fff8764a000 	c:\Users\muhad\.vscode\extensions\redhat.java-1.55.0-win32-x64\jre\21.0.11-win32-x86_64\bin\jimage.dll
0x00007fffed610000 - 0x00007fffed852000 	C:\Windows\SYSTEM32\DBGHELP.DLL
0x00007ffff2970000 - 0x00007ffff2cf3000 	C:\Windows\System32\combase.dll
0x00007ffff1f20000 - 0x00007ffff1ff9000 	C:\Windows\System32\OLEAUT32.dll
0x00007fffdee20000 - 0x00007fffdee5b000 	C:\Windows\SYSTEM32\dbgcore.DLL
0x00007ffff0b00000 - 0x00007ffff0ba8000 	C:\Windows\System32\bcryptPrimitives.dll
0x00007fff87630000 - 0x00007fff8763f000 	c:\Users\muhad\.vscode\extensions\redhat.java-1.55.0-win32-x64\jre\21.0.11-win32-x86_64\bin\instrument.dll
0x00007fff5e0d0000 - 0x00007fff5e0f0000 	c:\Users\muhad\.vscode\extensions\redhat.java-1.55.0-win32-x64\jre\21.0.11-win32-x86_64\bin\java.dll
0x00007ffff21e0000 - 0x00007ffff2964000 	C:\Windows\System32\SHELL32.dll
0x00007fffedc50000 - 0x00007fffee4d0000 	C:\Windows\SYSTEM32\windows.storage.dll
0x00007ffff1030000 - 0x00007ffff1126000 	C:\Windows\System32\SHCORE.dll
0x00007ffff0de0000 - 0x00007ffff0e47000 	C:\Windows\System32\shlwapi.dll
0x00007fffefff0000 - 0x00007ffff0019000 	C:\Windows\SYSTEM32\profapi.dll
0x00007fff5de20000 - 0x00007fff5de38000 	c:\Users\muhad\.vscode\extensions\redhat.java-1.55.0-win32-x64\jre\21.0.11-win32-x86_64\bin\zip.dll
0x00007fff87620000 - 0x00007fff87630000 	C:\Users\muhad\.vscode\extensions\redhat.java-1.55.0-win32-x64\jre\21.0.11-win32-x86_64\bin\net.dll
0x00007fffea2d0000 - 0x00007fffea3f9000 	C:\Windows\SYSTEM32\WINHTTP.dll
0x00007fffef370000 - 0x00007fffef3dc000 	C:\Windows\system32\mswsock.dll
0x00007fff5de00000 - 0x00007fff5de16000 	C:\Users\muhad\.vscode\extensions\redhat.java-1.55.0-win32-x64\jre\21.0.11-win32-x86_64\bin\nio.dll
0x00007fff6d9b0000 - 0x00007fff6d9c0000 	c:\Users\muhad\.vscode\extensions\redhat.java-1.55.0-win32-x64\jre\21.0.11-win32-x86_64\bin\verify.dll
0x00007fff7a230000 - 0x00007fff7a275000 	C:\Users\muhad\AppData\Roaming\Code\User\globalStorage\redhat.java\1.55.0\config_win\org.eclipse.equinox.launcher\org.eclipse.equinox.launcher.win32.win32.x86_64_1.3.100.v20260613-0559\eclipse_11924.dll
0x00007ffff1710000 - 0x00007ffff18a8000 	C:\Windows\System32\ole32.dll
0x00007fffef770000 - 0x00007fffef78b000 	C:\Windows\SYSTEM32\CRYPTSP.dll
0x00007fffeed80000 - 0x00007fffeedb9000 	C:\Windows\system32\rsaenh.dll
0x00007fffef420000 - 0x00007fffef453000 	C:\Windows\SYSTEM32\USERENV.dll
0x00007fffeffc0000 - 0x00007fffeffea000 	C:\Windows\SYSTEM32\bcrypt.dll
0x00007fffef5d0000 - 0x00007fffef5dc000 	C:\Windows\SYSTEM32\CRYPTBASE.dll
0x00007fffee800000 - 0x00007fffee833000 	C:\Windows\SYSTEM32\IPHLPAPI.DLL
0x00007ffff1d30000 - 0x00007ffff1d3a000 	C:\Windows\System32\NSI.dll
0x00007fffe9f60000 - 0x00007fffe9fa9000 	C:\Users\muhad\AppData\Local\Temp\jna-104252387\jna11662200908135061248.dll
0x00007ffff18b0000 - 0x00007ffff18b8000 	C:\Windows\System32\PSAPI.DLL
0x00007fffec770000 - 0x00007fffec77a000 	C:\Users\muhad\.vscode\extensions\redhat.java-1.55.0-win32-x64\jre\21.0.11-win32-x86_64\bin\management.dll
0x00007fffec760000 - 0x00007fffec76c000 	C:\Users\muhad\.vscode\extensions\redhat.java-1.55.0-win32-x64\jre\21.0.11-win32-x86_64\bin\management_ext.dll
0x00007fffea600000 - 0x00007fffea61d000 	C:\Windows\SYSTEM32\dhcpcsvc6.DLL
0x00007fffea460000 - 0x00007fffea485000 	C:\Windows\SYSTEM32\dhcpcsvc.DLL
0x00007fffeef40000 - 0x00007fffeef76000 	C:\Windows\SYSTEM32\ntmarta.dll

JVMTI agents:
c:\Users\muhad\.vscode\extensions\redhat.java-1.55.0-win32-x64\lombok\lombok-1.18.39-4050.jar path:c:\Users\muhad\.vscode\extensions\redhat.java-1.55.0-win32-x64\jre\21.0.11-win32-x86_64\bin\instrument.dll, loaded, initialized, instrumentlib options:none

dbghelp: loaded successfully - version: 4.0.5 - missing functions: none
symbol engine: initialized successfully - sym options: 0x614 - pdb path: .;c:\Users\muhad\.vscode\extensions\redhat.java-1.55.0-win32-x64\jre\21.0.11-win32-x86_64\bin;C:\Windows\SYSTEM32;C:\Windows\WinSxS\amd64_microsoft.windows.common-controls_6595b64144ccf1df_6.0.26100.8521_none_3e08b75ce33403b3;c:\Users\muhad\.vscode\extensions\redhat.java-1.55.0-win32-x64\jre\21.0.11-win32-x86_64\bin\server;C:\Users\muhad\AppData\Roaming\Code\User\globalStorage\redhat.java\1.55.0\config_win\org.eclipse.equinox.launcher\org.eclipse.equinox.launcher.win32.win32.x86_64_1.3.100.v20260613-0559;C:\Users\muhad\AppData\Local\Temp\jna-104252387

VM Arguments:
jvm_args: --add-modules=ALL-SYSTEM --add-opens=java.base/java.util=ALL-UNNAMED --add-opens=java.base/java.lang=ALL-UNNAMED --add-opens=java.base/sun.nio.fs=ALL-UNNAMED -Declipse.application=org.eclipse.jdt.ls.core.id1 -Dosgi.bundles.defaultStartLevel=4 -Declipse.product=org.eclipse.jdt.ls.core.product -Djava.import.generatesMetadataFilesAtProjectRoot=false -DDetectVMInstallationsJob.disabled=true -Dfile.encoding=utf8 -XX:+UseParallelGC -XX:GCTimeRatio=4 -XX:AdaptiveSizePolicyWeight=90 -Dsun.zip.disableMemoryMapping=true -Xmx2G -Xms100m -Xlog:disable -javaagent:c:\Users\muhad\.vscode\extensions\redhat.java-1.55.0-win32-x64\lombok\lombok-1.18.39-4050.jar -XX:+HeapDumpOnOutOfMemoryError -XX:HeapDumpPath=c:\Users\muhad\AppData\Roaming\Code\User\workspaceStorage\c1a94f19ada89060a8449fb662889b88\redhat.java -Daether.dependencyCollector.impl=bf 
java_command: c:\Users\muhad\.vscode\extensions\redhat.java-1.55.0-win32-x64\server\plugins\org.eclipse.equinox.launcher_1.7.200.v20260619-2039.jar -configuration c:\Users\muhad\AppData\Roaming\Code\User\globalStorage\redhat.java\1.55.0\config_win -data c:\Users\muhad\AppData\Roaming\Code\User\workspaceStorage\c1a94f19ada89060a8449fb662889b88\redhat.java\jdt_ws --pipe=\\.\pipe\lsp-e74c4af3bef852c2d86bbd78bb13e191-sock
java_class_path (initial): c:\Users\muhad\.vscode\extensions\redhat.java-1.55.0-win32-x64\server\plugins\org.eclipse.equinox.launcher_1.7.200.v20260619-2039.jar
Launcher Type: SUN_STANDARD

[Global flags]
    uintx AdaptiveSizePolicyWeight                 = 90                                        {product} {command line}
     intx CICompilerCount                          = 4                                         {product} {ergonomic}
    uintx GCTimeRatio                              = 4                                         {product} {command line}
     bool HeapDumpOnOutOfMemoryError               = true                                   {manageable} {command line}
    ccstr HeapDumpPath                             = c:\Users\muhad\AppData\Roaming\Code\User\workspaceStorage\c1a94f19ada89060a8449fb662889b88\redhat.java         {manageable} {command line}
   size_t InitialHeapSize                          = 104857600                                 {product} {command line}
   size_t MaxHeapSize                              = 2147483648                                {product} {command line}
   size_t MaxNewSize                               = 715653120                                 {product} {ergonomic}
   size_t MinHeapDeltaBytes                        = 524288                                    {product} {ergonomic}
   size_t MinHeapSize                              = 104857600                                 {product} {command line}
   size_t NewSize                                  = 34603008                                  {product} {ergonomic}
    uintx NonNMethodCodeHeapSize                   = 5839372                                {pd product} {ergonomic}
    uintx NonProfiledCodeHeapSize                  = 122909434                              {pd product} {ergonomic}
   size_t OldSize                                  = 70254592                                  {product} {ergonomic}
    uintx ProfiledCodeHeapSize                     = 122909434                              {pd product} {ergonomic}
    uintx ReservedCodeCacheSize                    = 251658240                              {pd product} {ergonomic}
     bool SegmentedCodeCache                       = true                                      {product} {ergonomic}
   size_t SoftMaxHeapSize                          = 2147483648                             {manageable} {ergonomic}
     bool UseCompressedOops                        = true                           {product lp64_product} {ergonomic}
     bool UseLargePagesIndividualAllocation        = false                                  {pd product} {ergonomic}
     bool UseParallelGC                            = true                                      {product} {command line}

Logging:
Log output configuration:
 #0: stdout all=off uptime,level,tags foldmultilines=false
 #1: stderr all=off uptime,level,tags foldmultilines=false

Release file:
JAVA_VERSION="21.0.11" 
MODULES="java.base java.compiler java.datatransfer java.xml java.prefs java.desktop java.instrument java.logging java.management java.security.sasl java.naming java.rmi java.management.rmi java.net.http java.scripting java.security.jgss java.transaction.xa java.sql java.sql.rowset java.xml.crypto java.se java.smartcardio jdk.accessibility jdk.internal.jvmstat jdk.attach jdk.charsets jdk.internal.opt jdk.zipfs jdk.compiler jdk.crypto.ec jdk.crypto.cryptoki jdk.crypto.mscapi jdk.dynalink jdk.internal.ed jdk.editpad jdk.hotspot.agent jdk.httpserver jdk.internal.le jdk.internal.vm.ci jdk.internal.vm.compiler jdk.internal.vm.compiler.management jdk.jartool jdk.javadoc jdk.jcmd jdk.management jdk.management.agent jdk.jconsole jdk.jdeps jdk.jdwp.agent jdk.jdi jdk.jfr jdk.jshell jdk.jsobject jdk.jstatd jdk.localedata jdk.management.jfr jdk.naming.dns jdk.naming.rmi jdk.net jdk.nio.mapmode jdk.random jdk.sctp jdk.security.auth jdk.security.jgss jdk.unsupported jdk.unsupported.desktop jdk.xml.dom" 

Environment Variables:
JAVA_HOME=C:\Program Files\Java\jdk-22.0.2
PATH=C:\Program Files\Common Files\Oracle\Java\javapath;C:\Windows\system32;C:\Windows;C:\Windows\System32\Wbem;C:\Windows\System32\WindowsPowerShell\v1.0\;C:\Windows\System32\OpenSSH\;C:\Program Files\Git\cmd;C:\xampp\php;C:\composer;C:\Program Files\Erlang OTP\bin;;C:\Program Files\Docker\Docker\resources\bin;C:\Program Files\Cloudflare\Cloudflare WARP\;C:\Users\muhad\AppData\Local\Microsoft\WindowsApps;C:\Users\muhad\AppData\Local\GitHubDesktop\bin;C:\Users\muhad\AppData\Local\Programs\Microsoft VS Code\bin;C:\Flutter\bin;C:\Users\muhad\AppData\Roaming\Composer\vendor\bin
USERNAME=muhad
OS=Windows_NT
PROCESSOR_IDENTIFIER=AMD64 Family 23 Model 104 Stepping 1, AuthenticAMD
TMP=C:\Users\muhad\AppData\Local\Temp
TEMP=C:\Users\muhad\AppData\Local\Temp




Periodic native trim disabled

---------------  S Y S T E M  ---------------

OS:
 Windows 11 , 64 bit Build 26100 (10.0.26100.8521)
OS uptime: 0 days 2:53 hours
Hyper-V role detected

CPU: total 12 (initial active 12) (12 cores per cpu, 2 threads per core) family 23 model 104 stepping 1 microcode 0x8608104, cx8, cmov, fxsr, ht, mmx, 3dnowpref, sse, sse2, sse3, ssse3, sse4a, sse4.1, sse4.2, popcnt, lzcnt, tsc, tscinvbit, avx, avx2, aes, clmul, bmi1, bmi2, adx, sha, fma, vzeroupper, clflush, clflushopt, hv, rdtscp, rdpid, f16c
Processor Information for the first 12 processors :
  Max Mhz: 2100, Current Mhz: 1686, Mhz Limit: 2100

Memory: 4k page, system-wide physical 5978M (444M free)
TotalPageFile size 14170M (AvailPageFile size 20M)
current process WorkingSet (physical memory assigned to process): 716M, peak: 758M
current process commit charge ("private bytes"): 864M, peak: 866M

vm_info: OpenJDK 64-Bit Server VM (21.0.11+10-LTS) for windows-amd64 JRE (21.0.11+10-LTS), built on 2026-04-21T00:00:00Z by "admin" with MS VC++ 17.12 (VS2022)

END.
