#
# There is insufficient memory for the Java Runtime Environment to continue.
# Native memory allocation (mmap) failed to map 98566144 bytes for G1 virtual space
# Possible reasons:
#   The system is out of physical RAM or swap space
#   The process is running with CompressedOops enabled, and the Java Heap may be blocking the growth of the native heap
# Possible solutions:
#   Reduce memory load on the system
#   Increase physical memory or swap space
#   Check if swap backing store is full
#   Decrease Java heap size (-Xmx/-Xms)
#   Decrease number of Java threads
#   Decrease Java thread stack sizes (-Xss)
#   Set larger code cache with -XX:ReservedCodeCacheSize=
#   JVM is running with Unscaled Compressed Oops mode in which the Java heap is
#     placed in the first 4GB address space. The Java Heap base address is the
#     maximum limit for the native heap growth. Please use -XX:HeapBaseMinAddress
#     to set the Java Heap base and to place the Java Heap above 4GB virtual address.
# This output file may be truncated or incomplete.
#
#  Out of Memory Error (os_windows.cpp:3548), pid=21868, tid=864
#
# JRE version:  (17.0.12+8) (build )
# Java VM: Java HotSpot(TM) 64-Bit Server VM (17.0.12+8-LTS-286, mixed mode, sharing, tiered, compressed oops, compressed class ptrs, g1 gc, windows-amd64)
# No core dump will be written. Minidumps are not enabled by default on client versions of Windows
#

---------------  S U M M A R Y ------------

Command Line: -Dclassworlds.conf=C:\Users\muhad\.m2\wrapper\dists\apache-maven-3.9.14\ed7edd442f634ac1c1ef5ba2b61b6d690b5221091f1a8e1123f5fadcc967520d\bin\m2.conf -Dmaven.home=C:\Users\muhad\.m2\wrapper\dists\apache-maven-3.9.14\ed7edd442f634ac1c1ef5ba2b61b6d690b5221091f1a8e1123f5fadcc967520d -Dlibrary.jansi.path=C:\Users\muhad\.m2\wrapper\dists\apache-maven-3.9.14\ed7edd442f634ac1c1ef5ba2b61b6d690b5221091f1a8e1123f5fadcc967520d\lib\jansi-native -Dmaven.multiModuleProjectDirectory=D:\cheryl\SEMESTER 4\micro servis\Microservice-Nabilla1001-main\consumer\consumer org.codehaus.plexus.classworlds.launcher.Launcher -DskipTests=true -Dmaven.ext.class.path=C:\Users\muhad\.vscode\extensions\oracle.oracle-java-26.0.0\nbcode\java\maven-nblib\netbeans-eventspy.jar --no-transfer-progress --fail-at-end install

Host: AMD Ryzen 5 5500U with Radeon Graphics         , 12 cores, 5G,  Windows 11 , 64 bit Build 26100 (10.0.26100.8521)
Time: Fri Jul 10 09:27:43 2026 SE Asia Standard Time elapsed time: 2.049375 seconds (0d 0h 0m 2s)

---------------  T H R E A D  ---------------

Current thread (0x00000252ef6069c0):  JavaThread "Unknown thread" [_thread_in_vm, id=864, stack(0x000000a3abe00000,0x000000a3abf00000)]

Stack: [0x000000a3abe00000,0x000000a3abf00000]
Native frames: (J=compiled Java code, j=interpreted, Vv=VM code, C=native code)
V  [jvm.dll+0x67a04a]
V  [jvm.dll+0x7da4ed]
V  [jvm.dll+0x7dbe33]
V  [jvm.dll+0x7dc4a3]
V  [jvm.dll+0x24508f]
V  [jvm.dll+0x677089]
V  [jvm.dll+0x66bd32]
V  [jvm.dll+0x301fa6]
V  [jvm.dll+0x309546]
V  [jvm.dll+0x359d2e]
V  [jvm.dll+0x359f5f]
V  [jvm.dll+0x2d9078]
V  [jvm.dll+0x2d9fe4]
V  [jvm.dll+0x7aca21]
V  [jvm.dll+0x367591]
V  [jvm.dll+0x78b999]
V  [jvm.dll+0x3ec83f]
V  [jvm.dll+0x3ee471]
C  [jli.dll+0x5297]
C  [ucrtbase.dll+0x2cd30]
C  [KERNEL32.DLL+0x2e957]
C  [ntdll.dll+0x87c1c]


---------------  P R O C E S S  ---------------

Threads class SMR info:
_java_thread_list=0x00007ffd76b67a18, length=0, elements={
}

Java Threads: ( => current thread )

Other Threads:
  0x00000252ef64fb40 GCTaskThread "GC Thread#0" [stack: 0x000000a3abf00000,0x000000a3ac000000] [id=18084]
  0x00000252ef65c590 ConcurrentGCThread "G1 Main Marker" [stack: 0x000000a3ac000000,0x000000a3ac100000] [id=7728]
  0x00000252ef65cfa0 ConcurrentGCThread "G1 Conc#0" [stack: 0x000000a3ac100000,0x000000a3ac200000] [id=19592]

[error occurred during error reporting (printing all threads), id 0xc0000005, EXCEPTION_ACCESS_VIOLATION (0xc0000005) at pc=0x00007ffd76399b67]

VM state: not at safepoint (not fully initialized)

VM Mutex/Monitor currently owned by a thread:  ([mutex/lock_event])
[0x00000252ef6059a0] Heap_lock - owner thread: 0x00000252ef6069c0

Heap address: 0x00000000a2800000, size: 1496 MB, Compressed Oops mode: 32-bit

CDS archive(s) mapped at: [0x0000000000000000-0x0000000000000000-0x0000000000000000), size 0, SharedBaseAddress: 0x0000000800000000, ArchiveRelocationMode: 1.
Narrow klass base: 0x0000000000000000, Narrow klass shift: 0, Narrow klass range: 0x0

GC Precious Log:
<Empty>

Heap:
 garbage-first heap   total 0K, used 0K [0x00000000a2800000, 0x0000000100000000)
  region size 1024K, 0 young (0K), 0 survivors (0K)

[error occurred during error reporting (printing heap information), id 0xc0000005, EXCEPTION_ACCESS_VIOLATION (0xc0000005) at pc=0x00007ffd76783859]

GC Heap History (0 events):
No events

Deoptimization events (0 events):
No events

Classes unloaded (0 events):
No events

Classes redefined (0 events):
No events

Internal exceptions (0 events):
No events

VM Operations (0 events):
No events

Events (1 events):
Event: 0.010 Loaded shared library C:\Program Files\Java\jdk-17\bin\java.dll


Dynamic libraries:
0x00007ff7e89b0000 - 0x00007ff7e89c0000 	C:\Program Files\Java\jdk-17\bin\java.exe
0x00007ffdeffc0000 - 0x00007ffdf0226000 	C:\Windows\SYSTEM32\ntdll.dll
0x00007ffdee210000 - 0x00007ffdee2d9000 	C:\Windows\System32\KERNEL32.DLL
0x00007ffded690000 - 0x00007ffdeda8a000 	C:\Windows\System32\KERNELBASE.dll
0x00007ffdeda90000 - 0x00007ffdedbdc000 	C:\Windows\System32\ucrtbase.dll
0x00007ffd980e0000 - 0x00007ffd980fb000 	C:\Program Files\Java\jdk-17\bin\VCRUNTIME140.dll
0x00007ffdd5cc0000 - 0x00007ffdd5cd9000 	C:\Program Files\Java\jdk-17\bin\jli.dll
0x00007ffdefe80000 - 0x00007ffdeff36000 	C:\Windows\System32\ADVAPI32.dll
0x00007ffdee010000 - 0x00007ffdee0b9000 	C:\Windows\System32\msvcrt.dll
0x00007ffdeecd0000 - 0x00007ffdeed7a000 	C:\Windows\System32\sechost.dll
0x00007ffdee780000 - 0x00007ffdee898000 	C:\Windows\System32\RPCRT4.dll
0x00007ffdeea00000 - 0x00007ffdeebc7000 	C:\Windows\System32\USER32.dll
0x00007ffded3b0000 - 0x00007ffded3d7000 	C:\Windows\System32\win32u.dll
0x00007ffde0600000 - 0x00007ffde0892000 	C:\Windows\WinSxS\amd64_microsoft.windows.common-controls_6595b64144ccf1df_6.0.26100.8521_none_3e08b75ce33403b3\COMCTL32.dll
0x00007ffdedfc0000 - 0x00007ffdedfeb000 	C:\Windows\System32\GDI32.dll
0x00007ffded3e0000 - 0x00007ffded50b000 	C:\Windows\System32\gdi32full.dll
0x00007ffded300000 - 0x00007ffded3a3000 	C:\Windows\System32\msvcp_win.dll
0x00007ffde6650000 - 0x00007ffde665b000 	C:\Windows\SYSTEM32\VERSION.dll
0x00007ffdeff40000 - 0x00007ffdeff72000 	C:\Windows\System32\IMM32.DLL
0x00007ffdc5ba0000 - 0x00007ffdc5bac000 	C:\Program Files\Java\jdk-17\bin\vcruntime140_1.dll
0x00007ffd75ab0000 - 0x00007ffd75b3e000 	C:\Program Files\Java\jdk-17\bin\msvcp140.dll
0x00007ffd760b0000 - 0x00007ffd76c90000 	C:\Program Files\Java\jdk-17\bin\server\jvm.dll
0x00007ffdeecb0000 - 0x00007ffdeecb8000 	C:\Windows\System32\PSAPI.DLL
0x00007ffde08a0000 - 0x00007ffde08d6000 	C:\Windows\SYSTEM32\WINMM.dll
0x00007ffdc5bb0000 - 0x00007ffdc5bba000 	C:\Windows\SYSTEM32\WSOCK32.dll
0x00007ffdee180000 - 0x00007ffdee200000 	C:\Windows\System32\WS2_32.dll
0x00007ffdebfa0000 - 0x00007ffdebfbb000 	C:\Windows\SYSTEM32\kernel.appcore.dll
0x00007ffdc5990000 - 0x00007ffdc599a000 	C:\Program Files\Java\jdk-17\bin\jimage.dll
0x00007ffdea7d0000 - 0x00007ffdeaa12000 	C:\Windows\SYSTEM32\DBGHELP.DLL
0x00007ffdef080000 - 0x00007ffdef403000 	C:\Windows\System32\combase.dll
0x00007ffdeebd0000 - 0x00007ffdeeca9000 	C:\Windows\System32\OLEAUT32.dll
0x00007ffddfc80000 - 0x00007ffddfcbb000 	C:\Windows\SYSTEM32\dbgcore.DLL
0x00007ffded250000 - 0x00007ffded2f8000 	C:\Windows\System32\bcryptPrimitives.dll
0x00007ffd980b0000 - 0x00007ffd980d5000 	C:\Program Files\Java\jdk-17\bin\java.dll

dbghelp: loaded successfully - version: 4.0.5 - missing functions: none
symbol engine: initialized successfully - sym options: 0x614 - pdb path: .;C:\Program Files\Java\jdk-17\bin;C:\Windows\SYSTEM32;C:\Windows\WinSxS\amd64_microsoft.windows.common-controls_6595b64144ccf1df_6.0.26100.8521_none_3e08b75ce33403b3;C:\Program Files\Java\jdk-17\bin\server

VM Arguments:
jvm_args: -Dclassworlds.conf=C:\Users\muhad\.m2\wrapper\dists\apache-maven-3.9.14\ed7edd442f634ac1c1ef5ba2b61b6d690b5221091f1a8e1123f5fadcc967520d\bin\m2.conf -Dmaven.home=C:\Users\muhad\.m2\wrapper\dists\apache-maven-3.9.14\ed7edd442f634ac1c1ef5ba2b61b6d690b5221091f1a8e1123f5fadcc967520d -Dlibrary.jansi.path=C:\Users\muhad\.m2\wrapper\dists\apache-maven-3.9.14\ed7edd442f634ac1c1ef5ba2b61b6d690b5221091f1a8e1123f5fadcc967520d\lib\jansi-native -Dmaven.multiModuleProjectDirectory=D:\cheryl\SEMESTER 4\micro servis\Microservice-Nabilla1001-main\consumer\consumer 
java_command: org.codehaus.plexus.classworlds.launcher.Launcher -DskipTests=true -Dmaven.ext.class.path=C:\Users\muhad\.vscode\extensions\oracle.oracle-java-26.0.0\nbcode\java\maven-nblib\netbeans-eventspy.jar --no-transfer-progress --fail-at-end install
java_class_path (initial): C:\Users\muhad\.m2\wrapper\dists\apache-maven-3.9.14\ed7edd442f634ac1c1ef5ba2b61b6d690b5221091f1a8e1123f5fadcc967520d\boot\plexus-classworlds-2.9.0.jar
Launcher Type: SUN_STANDARD

[Global flags]
     intx CICompilerCount                          = 4                                         {product} {ergonomic}
     uint ConcGCThreads                            = 3                                         {product} {ergonomic}
     uint G1ConcRefinementThreads                  = 10                                        {product} {ergonomic}
   size_t G1HeapRegionSize                         = 1048576                                   {product} {ergonomic}
    uintx GCDrainStackTargetSize                   = 64                                        {product} {ergonomic}
   size_t InitialHeapSize                          = 98566144                                  {product} {ergonomic}
   size_t MarkStackSize                            = 4194304                                   {product} {ergonomic}
   size_t MaxHeapSize                              = 1568669696                                {product} {ergonomic}
   size_t MinHeapDeltaBytes                        = 1048576                                   {product} {ergonomic}
   size_t MinHeapSize                              = 8388608                                   {product} {ergonomic}
    uintx NonNMethodCodeHeapSize                   = 5839372                                {pd product} {ergonomic}
    uintx NonProfiledCodeHeapSize                  = 122909434                              {pd product} {ergonomic}
    uintx ProfiledCodeHeapSize                     = 122909434                              {pd product} {ergonomic}
    uintx ReservedCodeCacheSize                    = 251658240                              {pd product} {ergonomic}
     bool SegmentedCodeCache                       = true                                      {product} {ergonomic}
   size_t SoftMaxHeapSize                          = 1568669696                             {manageable} {ergonomic}
     bool UseCompressedClassPointers               = true                           {product lp64_product} {ergonomic}
     bool UseCompressedOops                        = true                           {product lp64_product} {ergonomic}
     bool UseG1GC                                  = true                                      {product} {ergonomic}
     bool UseLargePagesIndividualAllocation        = false                                  {pd product} {ergonomic}

Logging:
Log output configuration:
 #0: stdout all=warning uptime,level,tags
 #1: stderr all=off uptime,level,tags

Environment Variables:
JAVA_HOME=C:\Program Files\Java\jdk-17
PATH=C:\Program Files\Common Files\Oracle\Java\javapath;C:\Windows\system32;C:\Windows;C:\Windows\System32\Wbem;C:\Windows\System32\WindowsPowerShell\v1.0\;C:\Windows\System32\OpenSSH\;C:\Program Files\Git\cmd;C:\xampp\php;C:\composer;C:\Program Files\Erlang OTP\bin;;C:\Program Files\Docker\Docker\resources\bin;C:\Program Files\Cloudflare\Cloudflare WARP\;C:\Users\muhad\AppData\Local\Microsoft\WindowsApps;C:\Users\muhad\AppData\Local\GitHubDesktop\bin;C:\Users\muhad\AppData\Local\Programs\Microsoft VS Code\bin;C:\Flutter\bin;C:\Users\muhad\AppData\Roaming\Composer\vendor\bin
USERNAME=muhad
OS=Windows_NT
PROCESSOR_IDENTIFIER=AMD64 Family 23 Model 104 Stepping 1, AuthenticAMD



---------------  S Y S T E M  ---------------

OS:
 Windows 11 , 64 bit Build 26100 (10.0.26100.8521)
OS uptime: 0 days 0:21 hours
Hyper-V role detected

CPU: total 12 (initial active 12) (12 cores per cpu, 2 threads per core) family 23 model 104 stepping 1 microcode 0x8608104, cx8, cmov, fxsr, ht, mmx, 3dnowpref, sse, sse2, sse3, ssse3, sse4a, sse4.1, sse4.2, popcnt, lzcnt, tsc, tscinvbit, avx, avx2, aes, clmul, bmi1, bmi2, adx, sha, fma, vzeroupper, clflush, clflushopt, hv

Memory: 4k page, system-wide physical 5978M (506M free)
TotalPageFile size 14170M (AvailPageFile size 93M)
current process WorkingSet (physical memory assigned to process): 12M, peak: 12M
current process commit charge ("private bytes"): 64M, peak: 158M

vm_info: Java HotSpot(TM) 64-Bit Server VM (17.0.12+8-LTS-286) for windows-amd64 JRE (17.0.12+8-LTS-286), built on Jun  5 2024 06:46:59 by "mach5one" with MS VC++ 17.6 (VS2022)

END.
